<?xml version="1.0" encoding="ISO-8859-1" ?>
<link_info>
   <banner>TI ARM Linker PC v18.12.4.LTS</banner>
   <copyright>Copyright (c) 1996-2018 Texas Instruments Incorporated</copyright>
   <link_time>0x5f1f5506</link_time>
   <link_errors>0x0</link_errors>
   <output_file>heli_project.out</output_file>
   <entry_point>
      <name>_c_int00_noargs</name>
      <address>0x2e09</address>
   </entry_point>
   <input_file_list>
      <input_file id="fl-2">
         <path>.\</path>
         <kind>object</kind>
         <file>main.obj</file>
         <name>main.obj</name>
      </input_file>
      <input_file id="fl-3">
         <path>.\</path>
         <kind>object</kind>
         <file>tm4c123gh6pm_startup_ccs.obj</file>
         <name>tm4c123gh6pm_startup_ccs.obj</name>
      </input_file>
      <input_file id="fl-4">
         <path>.\FreeRTOS\</path>
         <kind>object</kind>
         <file>croutine.obj</file>
         <name>croutine.obj</name>
      </input_file>
      <input_file id="fl-5">
         <path>.\FreeRTOS\</path>
         <kind>object</kind>
         <file>event_groups.obj</file>
         <name>event_groups.obj</name>
      </input_file>
      <input_file id="fl-6">
         <path>.\FreeRTOS\</path>
         <kind>object</kind>
         <file>list.obj</file>
         <name>list.obj</name>
      </input_file>
      <input_file id="fl-7">
         <path>.\FreeRTOS\</path>
         <kind>object</kind>
         <file>queue.obj</file>
         <name>queue.obj</name>
      </input_file>
      <input_file id="fl-8">
         <path>.\FreeRTOS\</path>
         <kind>object</kind>
         <file>stream_buffer.obj</file>
         <name>stream_buffer.obj</name>
      </input_file>
      <input_file id="fl-9">
         <path>.\FreeRTOS\</path>
         <kind>object</kind>
         <file>tasks.obj</file>
         <name>tasks.obj</name>
      </input_file>
      <input_file id="fl-a">
         <path>.\FreeRTOS\</path>
         <kind>object</kind>
         <file>timers.obj</file>
         <name>timers.obj</name>
      </input_file>
      <input_file id="fl-b">
         <path>.\FreeRTOS\portable\CCS\ARM_CM4F\</path>
         <kind>object</kind>
         <file>port.obj</file>
         <name>port.obj</name>
      </input_file>
      <input_file id="fl-c">
         <path>.\FreeRTOS\portable\CCS\ARM_CM4F\</path>
         <kind>object</kind>
         <file>portasm.obj</file>
         <name>portasm.obj</name>
      </input_file>
      <input_file id="fl-d">
         <path>.\FreeRTOS\portable\MemMang\</path>
         <kind>object</kind>
         <file>heap_2.obj</file>
         <name>heap_2.obj</name>
      </input_file>
      <input_file id="fl-e">
         <path>.\OrbitOLED\</path>
         <kind>object</kind>
         <file>OrbitOLEDInterface.obj</file>
         <name>OrbitOLEDInterface.obj</name>
      </input_file>
      <input_file id="fl-f">
         <path>.\OrbitOLED\lib_OrbitOled\</path>
         <kind>object</kind>
         <file>ChrFont0.obj</file>
         <name>ChrFont0.obj</name>
      </input_file>
      <input_file id="fl-10">
         <path>.\OrbitOLED\lib_OrbitOled\</path>
         <kind>object</kind>
         <file>FillPat.obj</file>
         <name>FillPat.obj</name>
      </input_file>
      <input_file id="fl-11">
         <path>.\OrbitOLED\lib_OrbitOled\</path>
         <kind>object</kind>
         <file>OrbitOled.obj</file>
         <name>OrbitOled.obj</name>
      </input_file>
      <input_file id="fl-12">
         <path>.\OrbitOLED\lib_OrbitOled\</path>
         <kind>object</kind>
         <file>OrbitOledChar.obj</file>
         <name>OrbitOledChar.obj</name>
      </input_file>
      <input_file id="fl-13">
         <path>.\OrbitOLED\lib_OrbitOled\</path>
         <kind>object</kind>
         <file>OrbitOledGrph.obj</file>
         <name>OrbitOledGrph.obj</name>
      </input_file>
      <input_file id="fl-14">
         <path>.\OrbitOLED\lib_OrbitOled\</path>
         <kind>object</kind>
         <file>delay.obj</file>
         <name>delay.obj</name>
      </input_file>
      <input_file id="fl-19">
         <kind>object</kind>
         <file>&lt;internal&gt;</file>
         <name>&lt;internal&gt;</name>
      </input_file>
      <input_file id="fl-cf">
         <path>C:\ti\ccs920\ccs\tools\compiler\ti-cgt-arm_18.12.4.LTS\lib\</path>
         <kind>archive</kind>
         <file>rtsv7M4_T_le_v4SPD16_eabi.lib</file>
         <name>memcpy_t2.asm.obj</name>
      </input_file>
      <input_file id="fl-d0">
         <path>C:\ti\ccs920\ccs\tools\compiler\ti-cgt-arm_18.12.4.LTS\lib\</path>
         <kind>archive</kind>
         <file>rtsv7M4_T_le_v4SPD16_eabi.lib</file>
         <name>memset_t2.asm.obj</name>
      </input_file>
      <input_file id="fl-d1">
         <path>C:\ti\ccs920\ccs\tools\compiler\ti-cgt-arm_18.12.4.LTS\lib\</path>
         <kind>archive</kind>
         <file>rtsv7M4_T_le_v4SPD16_eabi.lib</file>
         <name>copy_zero_init.c.obj</name>
      </input_file>
      <input_file id="fl-d2">
         <path>C:\ti\ccs920\ccs\tools\compiler\ti-cgt-arm_18.12.4.LTS\lib\</path>
         <kind>archive</kind>
         <file>rtsv7M4_T_le_v4SPD16_eabi.lib</file>
         <name>copy_decompress_none.c.obj</name>
      </input_file>
      <input_file id="fl-d3">
         <path>C:\ti\ccs920\ccs\tools\compiler\ti-cgt-arm_18.12.4.LTS\lib\</path>
         <kind>archive</kind>
         <file>rtsv7M4_T_le_v4SPD16_eabi.lib</file>
         <name>copy_decompress_lzss.c.obj</name>
      </input_file>
      <input_file id="fl-d4">
         <path>C:\ti\ccs920\ccs\tools\compiler\ti-cgt-arm_18.12.4.LTS\lib\</path>
         <kind>archive</kind>
         <file>rtsv7M4_T_le_v4SPD16_eabi.lib</file>
         <name>boot_cortex_m.c.obj</name>
      </input_file>
      <input_file id="fl-d5">
         <path>C:\ti\ccs920\ccs\tools\compiler\ti-cgt-arm_18.12.4.LTS\lib\</path>
         <kind>archive</kind>
         <file>rtsv7M4_T_le_v4SPD16_eabi.lib</file>
         <name>autoinit.c.obj</name>
      </input_file>
      <input_file id="fl-d6">
         <path>C:\ti\ccs920\ccs\tools\compiler\ti-cgt-arm_18.12.4.LTS\lib\</path>
         <kind>archive</kind>
         <file>rtsv7M4_T_le_v4SPD16_eabi.lib</file>
         <name>pre_init.c.obj</name>
      </input_file>
      <input_file id="fl-d7">
         <path>C:\ti\ccs920\ccs\tools\compiler\ti-cgt-arm_18.12.4.LTS\lib\</path>
         <kind>archive</kind>
         <file>rtsv7M4_T_le_v4SPD16_eabi.lib</file>
         <name>cpy_tbl.c.obj</name>
      </input_file>
      <input_file id="fl-d8">
         <path>C:\ti\ccs920\ccs\tools\compiler\ti-cgt-arm_18.12.4.LTS\lib\</path>
         <kind>archive</kind>
         <file>rtsv7M4_T_le_v4SPD16_eabi.lib</file>
         <name>exit.c.obj</name>
      </input_file>
      <input_file id="fl-d9">
         <path>C:\ti\ccs920\ccs\tools\compiler\ti-cgt-arm_18.12.4.LTS\lib\</path>
         <kind>archive</kind>
         <file>rtsv7M4_T_le_v4SPD16_eabi.lib</file>
         <name>_lock.c.obj</name>
      </input_file>
      <input_file id="fl-da">
         <path>C:\ti\ccs920\ccs\tools\compiler\ti-cgt-arm_18.12.4.LTS\lib\</path>
         <kind>archive</kind>
         <file>rtsv7M4_T_le_v4SPD16_eabi.lib</file>
         <name>args_main.c.obj</name>
      </input_file>
      <input_file id="fl-db">
         <path>C:\ti\TivaWare_C_Series-2.1.4.178\driverlib\ccs\Debug\</path>
         <kind>archive</kind>
         <file>driverlib.lib</file>
         <name>gpio.obj</name>
      </input_file>
      <input_file id="fl-dc">
         <path>C:\ti\TivaWare_C_Series-2.1.4.178\driverlib\ccs\Debug\</path>
         <kind>archive</kind>
         <file>driverlib.lib</file>
         <name>interrupt.obj</name>
      </input_file>
      <input_file id="fl-dd">
         <path>C:\ti\TivaWare_C_Series-2.1.4.178\driverlib\ccs\Debug\</path>
         <kind>archive</kind>
         <file>driverlib.lib</file>
         <name>ssi.obj</name>
      </input_file>
      <input_file id="fl-de">
         <path>C:\ti\TivaWare_C_Series-2.1.4.178\driverlib\ccs\Debug\</path>
         <kind>archive</kind>
         <file>driverlib.lib</file>
         <name>sysctl.obj</name>
      </input_file>
      <input_file id="fl-df">
         <path>C:\ti\TivaWare_C_Series-2.1.4.178\driverlib\ccs\Debug\</path>
         <kind>archive</kind>
         <file>driverlib.lib</file>
         <name>timer.obj</name>
      </input_file>
      <input_file id="fl-e0">
         <path>C:\ti\TivaWare_C_Series-2.1.4.178\driverlib\ccs\Debug\</path>
         <kind>archive</kind>
         <file>driverlib.lib</file>
         <name>cpu.obj</name>
      </input_file>
   </input_file_list>
   <object_component_list>
      <object_component id="oc-f">
         <name>.intvecs</name>
         <load_address>0x0</load_address>
         <run_address>0x0</run_address>
         <size>0x26c</size>
         <input_file_ref idref="fl-3"/>
      </object_component>
      <object_component id="oc-7c">
         <name>.text</name>
         <load_address>0x26c</load_address>
         <run_address>0x26c</run_address>
         <size>0x10d4</size>
         <input_file_ref idref="fl-9"/>
      </object_component>
      <object_component id="oc-21c">
         <name>.text</name>
         <load_address>0x1340</load_address>
         <run_address>0x1340</run_address>
         <size>0x950</size>
         <input_file_ref idref="fl-13"/>
      </object_component>
      <object_component id="oc-1cb">
         <name>.text</name>
         <load_address>0x1c90</load_address>
         <run_address>0x1c90</run_address>
         <size>0x37c</size>
         <input_file_ref idref="fl-11"/>
      </object_component>
      <object_component id="oc-1bf">
         <name>.text</name>
         <load_address>0x200c</load_address>
         <run_address>0x200c</run_address>
         <size>0x204</size>
         <input_file_ref idref="fl-12"/>
      </object_component>
      <object_component id="oc-db">
         <name>.text</name>
         <load_address>0x2210</load_address>
         <run_address>0x2210</run_address>
         <size>0x1b8</size>
         <input_file_ref idref="fl-d"/>
      </object_component>
      <object_component id="oc-2f">
         <name>.text</name>
         <load_address>0x23c8</load_address>
         <run_address>0x23c8</run_address>
         <size>0x13c</size>
         <input_file_ref idref="fl-b"/>
      </object_component>
      <object_component id="oc-2d9">
         <name>.text:GPIOPadConfigSet</name>
         <load_address>0x2504</load_address>
         <run_address>0x2504</run_address>
         <size>0x132</size>
         <input_file_ref idref="fl-db"/>
      </object_component>
      <object_component id="oc-e1">
         <name>.text</name>
         <load_address>0x2636</load_address>
         <run_address>0x2636</run_address>
         <size>0x12a</size>
         <input_file_ref idref="fl-6"/>
      </object_component>
      <object_component id="oc-24a">
         <name>.text:SysCtlClockGet</name>
         <load_address>0x2760</load_address>
         <run_address>0x2760</run_address>
         <size>0x118</size>
         <input_file_ref idref="fl-de"/>
      </object_component>
      <object_component id="oc-12b">
         <name>.text:SysCtlClockSet</name>
         <load_address>0x2878</load_address>
         <run_address>0x2878</run_address>
         <size>0xf4</size>
         <input_file_ref idref="fl-de"/>
      </object_component>
      <object_component id="oc-2a">
         <name>.text</name>
         <load_address>0x296c</load_address>
         <run_address>0x296c</run_address>
         <size>0xda</size>
         <input_file_ref idref="fl-c"/>
      </object_component>
      <object_component id="oc-43">
         <name>.text</name>
         <load_address>0x2a46</load_address>
         <run_address>0x2a46</run_address>
         <size>0x9c</size>
         <input_file_ref idref="fl-cf"/>
      </object_component>
      <object_component id="oc-b3">
         <name>.text</name>
         <load_address>0x2ae2</load_address>
         <run_address>0x2ae2</run_address>
         <size>0x7a</size>
         <input_file_ref idref="fl-d0"/>
      </object_component>
      <object_component id="oc-12">
         <name>.text:decompress:lzss:__TI_decompress_lzss</name>
         <load_address>0x2b5c</load_address>
         <run_address>0x2b5c</run_address>
         <size>0x68</size>
         <input_file_ref idref="fl-d3"/>
      </object_component>
      <object_component id="oc-2c0">
         <name>.text:TimerConfigure</name>
         <load_address>0x2bc4</load_address>
         <run_address>0x2bc4</run_address>
         <size>0x60</size>
         <input_file_ref idref="fl-df"/>
      </object_component>
      <object_component id="oc-232">
         <name>.text</name>
         <load_address>0x2c24</load_address>
         <run_address>0x2c24</run_address>
         <size>0x5c</size>
         <input_file_ref idref="fl-14"/>
      </object_component>
      <object_component id="oc-23e">
         <name>.text:GPIOPinConfigure</name>
         <load_address>0x2c80</load_address>
         <run_address>0x2c80</run_address>
         <size>0x4c</size>
         <input_file_ref idref="fl-db"/>
      </object_component>
      <object_component id="oc-131">
         <name>.text</name>
         <load_address>0x2ccc</load_address>
         <run_address>0x2ccc</run_address>
         <size>0x44</size>
         <input_file_ref idref="fl-e"/>
      </object_component>
      <object_component id="oc-144">
         <name>.text:__TI_auto_init_nobinit_nopinit:__TI_auto_init_nobinit_nopinit</name>
         <load_address>0x2d10</load_address>
         <run_address>0x2d10</run_address>
         <size>0x44</size>
         <input_file_ref idref="fl-d5"/>
      </object_component>
      <object_component id="oc-bf">
         <name>.text</name>
         <load_address>0x2d54</load_address>
         <run_address>0x2d54</run_address>
         <size>0x44</size>
         <input_file_ref idref="fl-2"/>
      </object_component>
      <object_component id="oc-250">
         <name>.text:SSIConfigSetExpClk</name>
         <load_address>0x2d98</load_address>
         <run_address>0x2d98</run_address>
         <size>0x3c</size>
         <input_file_ref idref="fl-dd"/>
      </object_component>
      <object_component id="oc-1c5">
         <name>.text:SysCtlPeripheralEnable</name>
         <load_address>0x2dd4</load_address>
         <run_address>0x2dd4</run_address>
         <size>0x34</size>
         <input_file_ref idref="fl-de"/>
      </object_component>
      <object_component id="oc-61">
         <name>.text:_c_int00_noargs:_c_int00_noargs</name>
         <load_address>0x2e08</load_address>
         <run_address>0x2e08</run_address>
         <size>0x34</size>
         <input_file_ref idref="fl-d4"/>
      </object_component>
      <object_component id="oc-2d3">
         <name>.text:GPIODirModeSet</name>
         <load_address>0x2e3c</load_address>
         <run_address>0x2e3c</run_address>
         <size>0x2c</size>
         <input_file_ref idref="fl-db"/>
      </object_component>
      <object_component id="oc-262">
         <name>.text:GPIOPinTypeGPIOOutput</name>
         <load_address>0x2e68</load_address>
         <run_address>0x2e68</run_address>
         <size>0x18</size>
         <input_file_ref idref="fl-db"/>
      </object_component>
      <object_component id="oc-238">
         <name>.text:GPIOPinTypeSSI</name>
         <load_address>0x2e80</load_address>
         <run_address>0x2e80</run_address>
         <size>0x16</size>
         <input_file_ref idref="fl-db"/>
      </object_component>
      <object_component id="oc-2c6">
         <name>.text:TimerEnable</name>
         <load_address>0x2e96</load_address>
         <run_address>0x2e96</run_address>
         <size>0xe</size>
         <input_file_ref idref="fl-df"/>
      </object_component>
      <object_component id="oc-18">
         <name>.text:decompress:none:__TI_decompress_none</name>
         <load_address>0x2ea4</load_address>
         <run_address>0x2ea4</run_address>
         <size>0xe</size>
         <input_file_ref idref="fl-d2"/>
      </object_component>
      <object_component id="oc-274">
         <name>.text:SSIDataGet</name>
         <load_address>0x2eb2</load_address>
         <run_address>0x2eb2</run_address>
         <size>0xc</size>
         <input_file_ref idref="fl-dd"/>
      </object_component>
      <object_component id="oc-55">
         <name>.text:decompress:ZI:__TI_zero_init</name>
         <load_address>0x2ebe</load_address>
         <run_address>0x2ebe</run_address>
         <size>0xc</size>
         <input_file_ref idref="fl-d1"/>
      </object_component>
      <object_component id="oc-24">
         <name>.text</name>
         <load_address>0x2eca</load_address>
         <run_address>0x2eca</run_address>
         <size>0xc</size>
         <input_file_ref idref="fl-3"/>
      </object_component>
      <object_component id="oc-26e">
         <name>.text:SSIDataPut</name>
         <load_address>0x2ed6</load_address>
         <run_address>0x2ed6</run_address>
         <size>0xa</size>
         <input_file_ref idref="fl-dd"/>
      </object_component>
      <object_component id="oc-256">
         <name>.text:SSIEnable</name>
         <load_address>0x2ee0</load_address>
         <run_address>0x2ee0</run_address>
         <size>0xa</size>
         <input_file_ref idref="fl-dd"/>
      </object_component>
      <object_component id="oc-2cc">
         <name>.text:TimerValueGet</name>
         <load_address>0x2eea</load_address>
         <run_address>0x2eea</run_address>
         <size>0xa</size>
         <input_file_ref idref="fl-df"/>
      </object_component>
      <object_component id="oc-268">
         <name>.text:SSIBusy</name>
         <load_address>0x2ef4</load_address>
         <run_address>0x2ef4</run_address>
         <size>0x8</size>
         <input_file_ref idref="fl-dd"/>
      </object_component>
      <object_component id="oc-25c">
         <name>.text:GPIOPinWrite</name>
         <load_address>0x2efc</load_address>
         <run_address>0x2efc</run_address>
         <size>0x6</size>
         <input_file_ref idref="fl-db"/>
      </object_component>
      <object_component id="oc-244">
         <name>.text:SSIClockSourceSet</name>
         <load_address>0x2f02</load_address>
         <run_address>0x2f02</run_address>
         <size>0x6</size>
         <input_file_ref idref="fl-dd"/>
      </object_component>
      <object_component id="oc-1bc">
         <name>.text:SysCtlDelay</name>
         <load_address>0x2f08</load_address>
         <run_address>0x2f08</run_address>
         <size>0x6</size>
         <input_file_ref idref="fl-de"/>
      </object_component>
      <object_component id="oc-b9">
         <name>.text:_system_pre_init</name>
         <load_address>0x2f0e</load_address>
         <run_address>0x2f0e</run_address>
         <size>0x4</size>
         <input_file_ref idref="fl-d6"/>
      </object_component>
      <object_component id="oc-138">
         <name>.text:abort:abort</name>
         <load_address>0x2f12</load_address>
         <run_address>0x2f12</run_address>
         <size>0x4</size>
         <input_file_ref idref="fl-d8"/>
      </object_component>
      <object_component id="oc-27a">
         <name>.const:.string:rgbOledFont0</name>
         <load_address>0x2f18</load_address>
         <run_address>0x2f18</run_address>
         <size>0x300</size>
         <input_file_ref idref="fl-f"/>
      </object_component>
      <object_component id="oc-2e1">
         <name>.const:g_pui32GPIOBaseAddrs</name>
         <load_address>0x3218</load_address>
         <run_address>0x3218</run_address>
         <size>0x90</size>
         <input_file_ref idref="fl-db"/>
      </object_component>
      <object_component id="oc-2e7">
         <name>.const:g_pui32Xtals</name>
         <load_address>0x32a8</load_address>
         <run_address>0x32a8</run_address>
         <size>0x6c</size>
         <input_file_ref idref="fl-de"/>
      </object_component>
      <object_component id="oc-280">
         <name>.const:.string:rgbFillPat</name>
         <load_address>0x3314</load_address>
         <run_address>0x3314</run_address>
         <size>0x40</size>
         <input_file_ref idref="fl-10"/>
      </object_component>
      <object_component id="oc-79">
         <name>.const</name>
         <load_address>0x3354</load_address>
         <run_address>0x3354</run_address>
         <size>0x4</size>
         <input_file_ref idref="fl-b"/>
      </object_component>
      <object_component id="oc-346">
         <name>.cinit..data.load</name>
         <load_address>0x3358</load_address>
         <run_address>0x3358</run_address>
         <size>0xf</size>
      </object_component>
      <object_component id="oc-344">
         <name>__TI_handler_table</name>
         <load_address>0x3368</load_address>
         <run_address>0x3368</run_address>
         <size>0xc</size>
      </object_component>
      <object_component id="oc-347">
         <name>.cinit..bss.load</name>
         <load_address>0x3378</load_address>
         <run_address>0x3378</run_address>
         <size>0x8</size>
      </object_component>
      <object_component id="oc-345">
         <name>__TI_cinit_table</name>
         <load_address>0x3380</load_address>
         <run_address>0x3380</run_address>
         <size>0x10</size>
      </object_component>
      <object_component id="oc-76">
         <name>.data</name>
         <load_address>0x20002888</load_address>
         <run_address>0x20002888</run_address>
         <size>0x34</size>
         <input_file_ref idref="fl-9"/>
      </object_component>
      <object_component id="oc-83">
         <name>.data</name>
         <load_address>0x200028c4</load_address>
         <run_address>0x200028c4</run_address>
         <size>0x4</size>
         <input_file_ref idref="fl-b"/>
      </object_component>
      <object_component id="oc-18c">
         <name>.data</name>
         <load_address>0x200028bc</load_address>
         <run_address>0x200028bc</run_address>
         <size>0x8</size>
         <input_file_ref idref="fl-d"/>
      </object_component>
      <object_component id="oc-e7">
         <name>.bss:pxReadyTasksLists</name>
         <uninitialized>true</uninitialized>
         <run_address>0x20002300</run_address>
         <size>0xa0</size>
         <input_file_ref idref="fl-9"/>
      </object_component>
      <object_component id="oc-f6">
         <name>.bss:xDelayedTaskList1</name>
         <uninitialized>true</uninitialized>
         <run_address>0x200023a0</run_address>
         <size>0x14</size>
         <input_file_ref idref="fl-9"/>
      </object_component>
      <object_component id="oc-f9">
         <name>.bss:xDelayedTaskList2</name>
         <uninitialized>true</uninitialized>
         <run_address>0x200023b4</run_address>
         <size>0x14</size>
         <input_file_ref idref="fl-9"/>
      </object_component>
      <object_component id="oc-f3">
         <name>.bss</name>
         <uninitialized>true</uninitialized>
         <run_address>0x20002404</run_address>
         <size>0x8</size>
         <input_file_ref idref="fl-9"/>
      </object_component>
      <object_component id="oc-f0">
         <name>.bss:xPendingReadyList</name>
         <uninitialized>true</uninitialized>
         <run_address>0x200023c8</run_address>
         <size>0x14</size>
         <input_file_ref idref="fl-9"/>
      </object_component>
      <object_component id="oc-ea">
         <name>.bss:xTasksWaitingTermination</name>
         <uninitialized>true</uninitialized>
         <run_address>0x200023f0</run_address>
         <size>0x14</size>
         <input_file_ref idref="fl-9"/>
      </object_component>
      <object_component id="oc-ed">
         <name>.bss:xSuspendedTaskList</name>
         <uninitialized>true</uninitialized>
         <run_address>0x200023dc</run_address>
         <size>0x14</size>
         <input_file_ref idref="fl-9"/>
      </object_component>
      <object_component id="oc-195">
         <name>.bss:ucHeap</name>
         <uninitialized>true</uninitialized>
         <run_address>0x20000000</run_address>
         <size>0x2000</size>
         <input_file_ref idref="fl-d"/>
      </object_component>
      <object_component id="oc-18f">
         <name>.bss:xStart</name>
         <uninitialized>true</uninitialized>
         <run_address>0x20002414</run_address>
         <size>0x8</size>
         <input_file_ref idref="fl-d"/>
      </object_component>
      <object_component id="oc-192">
         <name>.bss:xEnd</name>
         <uninitialized>true</uninitialized>
         <run_address>0x2000240c</run_address>
         <size>0x8</size>
         <input_file_ref idref="fl-d"/>
      </object_component>
      <object_component id="oc-2b4">
         <name>.common:xcoOledCur</name>
         <uninitialized>true</uninitialized>
         <run_address>0x2000244c</run_address>
         <size>0x4</size>
      </object_component>
      <object_component id="oc-2b5">
         <name>.common:ycoOledCur</name>
         <uninitialized>true</uninitialized>
         <run_address>0x20002458</run_address>
         <size>0x4</size>
      </object_component>
      <object_component id="oc-22f">
         <name>.common:pbOledCur</name>
         <uninitialized>true</uninitialized>
         <run_address>0x20002430</run_address>
         <size>0x4</size>
      </object_component>
      <object_component id="oc-2b6">
         <name>.common:bnOledCur</name>
         <uninitialized>true</uninitialized>
         <run_address>0x2000241c</run_address>
         <size>0x4</size>
      </object_component>
      <object_component id="oc-27e">
         <name>.common:clrOledCur</name>
         <uninitialized>true</uninitialized>
         <run_address>0x2000245c</run_address>
         <size>0x1</size>
      </object_component>
      <object_component id="oc-27f">
         <name>.common:pbOledPatCur</name>
         <uninitialized>true</uninitialized>
         <run_address>0x2000243c</run_address>
         <size>0x4</size>
      </object_component>
      <object_component id="oc-22d">
         <name>.common:fOledCharUpdate</name>
         <uninitialized>true</uninitialized>
         <run_address>0x20002428</run_address>
         <size>0x4</size>
      </object_component>
      <object_component id="oc-228">
         <name>.common:dxcoOledFontCur</name>
         <uninitialized>true</uninitialized>
         <run_address>0x20002420</run_address>
         <size>0x4</size>
      </object_component>
      <object_component id="oc-22b">
         <name>.common:dycoOledFontCur</name>
         <uninitialized>true</uninitialized>
         <run_address>0x20002424</run_address>
         <size>0x4</size>
      </object_component>
      <object_component id="oc-22e">
         <name>.common:pbOledFontCur</name>
         <uninitialized>true</uninitialized>
         <run_address>0x20002434</run_address>
         <size>0x4</size>
      </object_component>
      <object_component id="oc-22c">
         <name>.common:pbOledFontUser</name>
         <uninitialized>true</uninitialized>
         <run_address>0x20002438</run_address>
         <size>0x4</size>
      </object_component>
      <object_component id="oc-283">
         <name>.common:rgbOledBmp</name>
         <uninitialized>true</uninitialized>
         <run_address>0x20002000</run_address>
         <size>0x200</size>
      </object_component>
      <object_component id="oc-226">
         <name>.common:xchOledCur</name>
         <uninitialized>true</uninitialized>
         <run_address>0x20002444</run_address>
         <size>0x4</size>
      </object_component>
      <object_component id="oc-227">
         <name>.common:ychOledCur</name>
         <uninitialized>true</uninitialized>
         <run_address>0x20002450</run_address>
         <size>0x4</size>
      </object_component>
      <object_component id="oc-222">
         <name>.common:xchOledMax</name>
         <uninitialized>true</uninitialized>
         <run_address>0x20002448</run_address>
         <size>0x4</size>
      </object_component>
      <object_component id="oc-225">
         <name>.common:ychOledMax</name>
         <uninitialized>true</uninitialized>
         <run_address>0x20002454</run_address>
         <size>0x4</size>
      </object_component>
      <object_component id="oc-27d">
         <name>.common:rgbOledFontUser</name>
         <uninitialized>true</uninitialized>
         <run_address>0x20002200</run_address>
         <size>0x100</size>
      </object_component>
      <object_component id="oc-2ba">
         <name>.common:pfnDoRop</name>
         <uninitialized>true</uninitialized>
         <run_address>0x20002440</run_address>
         <size>0x4</size>
      </object_component>
      <object_component id="oc-2b7">
         <name>.common:modOledCur</name>
         <uninitialized>true</uninitialized>
         <run_address>0x2000242c</run_address>
         <size>0x4</size>
      </object_component>
      <object_component id="oc-21">
         <name>.stack</name>
         <uninitialized>true</uninitialized>
         <run_address>0x20002460</run_address>
         <size>0x4</size>
         <input_file_ref idref="fl-d4"/>
      </object_component>
      <object_component id="oc-348">
         <name>.stack</name>
         <uninitialized>true</uninitialized>
         <run_address>0x20002460</run_address>
         <size>0x0</size>
      </object_component>
      <object_component id="oc-115">
         <name>.debug_info</name>
         <load_address>0x0</load_address>
         <run_address>0x0</run_address>
         <size>0x43f</size>
         <input_file_ref idref="fl-2"/>
      </object_component>
      <object_component id="oc-c0">
         <name>.debug_info</name>
         <load_address>0x43f</load_address>
         <run_address>0x43f</run_address>
         <size>0x16a</size>
         <input_file_ref idref="fl-2"/>
      </object_component>
      <object_component id="oc-106">
         <name>.debug_info</name>
         <load_address>0x5a9</load_address>
         <run_address>0x5a9</run_address>
         <size>0x315</size>
         <input_file_ref idref="fl-2"/>
      </object_component>
      <object_component id="oc-94">
         <name>.debug_info</name>
         <load_address>0x8be</load_address>
         <run_address>0x8be</run_address>
         <size>0x26b</size>
         <input_file_ref idref="fl-2"/>
      </object_component>
      <object_component id="oc-1ad">
         <name>.debug_info</name>
         <load_address>0xb29</load_address>
         <run_address>0xb29</run_address>
         <size>0x196</size>
         <input_file_ref idref="fl-2"/>
      </object_component>
      <object_component id="oc-1b7">
         <name>.debug_info</name>
         <load_address>0xcbf</load_address>
         <run_address>0xcbf</run_address>
         <size>0x3ce</size>
         <input_file_ref idref="fl-2"/>
      </object_component>
      <object_component id="oc-3e">
         <name>.debug_info</name>
         <load_address>0x108d</load_address>
         <run_address>0x108d</run_address>
         <size>0x84</size>
         <input_file_ref idref="fl-2"/>
      </object_component>
      <object_component id="oc-88">
         <name>.debug_info</name>
         <load_address>0x1111</load_address>
         <run_address>0x1111</run_address>
         <size>0x2c</size>
         <input_file_ref idref="fl-2"/>
      </object_component>
      <object_component id="oc-116">
         <name>.debug_info</name>
         <load_address>0x113d</load_address>
         <run_address>0x113d</run_address>
         <size>0x297</size>
         <input_file_ref idref="fl-2"/>
      </object_component>
      <object_component id="oc-217">
         <name>.debug_info</name>
         <load_address>0x13d4</load_address>
         <run_address>0x13d4</run_address>
         <size>0xef</size>
         <input_file_ref idref="fl-2"/>
      </object_component>
      <object_component id="oc-99">
         <name>.debug_info</name>
         <load_address>0x14c3</load_address>
         <run_address>0x14c3</run_address>
         <size>0xbb</size>
         <input_file_ref idref="fl-2"/>
      </object_component>
      <object_component id="oc-8d">
         <name>.debug_info</name>
         <load_address>0x157e</load_address>
         <run_address>0x157e</run_address>
         <size>0x53</size>
         <input_file_ref idref="fl-2"/>
      </object_component>
      <object_component id="oc-1b2">
         <name>.debug_info</name>
         <load_address>0x15d1</load_address>
         <run_address>0x15d1</run_address>
         <size>0x35</size>
         <input_file_ref idref="fl-2"/>
      </object_component>
      <object_component id="oc-10b">
         <name>.debug_info</name>
         <load_address>0x1606</load_address>
         <run_address>0x1606</run_address>
         <size>0x14c</size>
         <input_file_ref idref="fl-2"/>
      </object_component>
      <object_component id="oc-37">
         <name>.debug_info</name>
         <load_address>0x1752</load_address>
         <run_address>0x1752</run_address>
         <size>0x357</size>
         <input_file_ref idref="fl-3"/>
      </object_component>
      <object_component id="oc-10">
         <name>.debug_info</name>
         <load_address>0x1aa9</load_address>
         <run_address>0x1aa9</run_address>
         <size>0x116</size>
         <input_file_ref idref="fl-3"/>
      </object_component>
      <object_component id="oc-26">
         <name>.debug_info</name>
         <load_address>0x1bbf</load_address>
         <run_address>0x1bbf</run_address>
         <size>0x292</size>
         <input_file_ref idref="fl-3"/>
      </object_component>
      <object_component id="oc-1aa">
         <name>.debug_info</name>
         <load_address>0x1e51</load_address>
         <run_address>0x1e51</run_address>
         <size>0x1fc</size>
         <input_file_ref idref="fl-4"/>
      </object_component>
      <object_component id="oc-110">
         <name>.debug_info</name>
         <load_address>0x204d</load_address>
         <run_address>0x204d</run_address>
         <size>0x3ce</size>
         <input_file_ref idref="fl-4"/>
      </object_component>
      <object_component id="oc-207">
         <name>.debug_info</name>
         <load_address>0x241b</load_address>
         <run_address>0x241b</run_address>
         <size>0xcc</size>
         <input_file_ref idref="fl-4"/>
      </object_component>
      <object_component id="oc-101">
         <name>.debug_info</name>
         <load_address>0x24e7</load_address>
         <run_address>0x24e7</run_address>
         <size>0x53</size>
         <input_file_ref idref="fl-4"/>
      </object_component>
      <object_component id="oc-1f3">
         <name>.debug_info</name>
         <load_address>0x253a</load_address>
         <run_address>0x253a</run_address>
         <size>0x64c</size>
         <input_file_ref idref="fl-5"/>
      </object_component>
      <object_component id="oc-17d">
         <name>.debug_info</name>
         <load_address>0x2b86</load_address>
         <run_address>0x2b86</run_address>
         <size>0x110</size>
         <input_file_ref idref="fl-5"/>
      </object_component>
      <object_component id="oc-187">
         <name>.debug_info</name>
         <load_address>0x2c96</load_address>
         <run_address>0x2c96</run_address>
         <size>0x3ce</size>
         <input_file_ref idref="fl-5"/>
      </object_component>
      <object_component id="oc-2aa">
         <name>.debug_info</name>
         <load_address>0x3064</load_address>
         <run_address>0x3064</run_address>
         <size>0x62</size>
         <input_file_ref idref="fl-5"/>
      </object_component>
      <object_component id="oc-2af">
         <name>.debug_info</name>
         <load_address>0x30c6</load_address>
         <run_address>0x30c6</run_address>
         <size>0x39</size>
         <input_file_ref idref="fl-5"/>
      </object_component>
      <object_component id="oc-178">
         <name>.debug_info</name>
         <load_address>0x30ff</load_address>
         <run_address>0x30ff</run_address>
         <size>0x4f</size>
         <input_file_ref idref="fl-5"/>
      </object_component>
      <object_component id="oc-19b">
         <name>.debug_info</name>
         <load_address>0x314e</load_address>
         <run_address>0x314e</run_address>
         <size>0x37e</size>
         <input_file_ref idref="fl-6"/>
      </object_component>
      <object_component id="oc-e2">
         <name>.debug_info</name>
         <load_address>0x34cc</load_address>
         <run_address>0x34cc</run_address>
         <size>0x4d2</size>
         <input_file_ref idref="fl-6"/>
      </object_component>
      <object_component id="oc-122">
         <name>.debug_info</name>
         <load_address>0x399e</load_address>
         <run_address>0x399e</run_address>
         <size>0x2c</size>
         <input_file_ref idref="fl-8"/>
      </object_component>
      <object_component id="oc-d3">
         <name>.debug_info</name>
         <load_address>0x39ca</load_address>
         <run_address>0x39ca</run_address>
         <size>0x703</size>
         <input_file_ref idref="fl-9"/>
      </object_component>
      <object_component id="oc-77">
         <name>.debug_info</name>
         <load_address>0x40cd</load_address>
         <run_address>0x40cd</run_address>
         <size>0x36d</size>
         <input_file_ref idref="fl-9"/>
      </object_component>
      <object_component id="oc-e8">
         <name>.debug_info</name>
         <load_address>0x443a</load_address>
         <run_address>0x443a</run_address>
         <size>0x116</size>
         <input_file_ref idref="fl-9"/>
      </object_component>
      <object_component id="oc-f7">
         <name>.debug_info</name>
         <load_address>0x4550</load_address>
         <run_address>0x4550</run_address>
         <size>0x116</size>
         <input_file_ref idref="fl-9"/>
      </object_component>
      <object_component id="oc-fa">
         <name>.debug_info</name>
         <load_address>0x4666</load_address>
         <run_address>0x4666</run_address>
         <size>0x116</size>
         <input_file_ref idref="fl-9"/>
      </object_component>
      <object_component id="oc-f4">
         <name>.debug_info</name>
         <load_address>0x477c</load_address>
         <run_address>0x477c</run_address>
         <size>0x159</size>
         <input_file_ref idref="fl-9"/>
      </object_component>
      <object_component id="oc-f1">
         <name>.debug_info</name>
         <load_address>0x48d5</load_address>
         <run_address>0x48d5</run_address>
         <size>0x116</size>
         <input_file_ref idref="fl-9"/>
      </object_component>
      <object_component id="oc-eb">
         <name>.debug_info</name>
         <load_address>0x49eb</load_address>
         <run_address>0x49eb</run_address>
         <size>0x124</size>
         <input_file_ref idref="fl-9"/>
      </object_component>
      <object_component id="oc-ee">
         <name>.debug_info</name>
         <load_address>0x4b0f</load_address>
         <run_address>0x4b0f</run_address>
         <size>0x118</size>
         <input_file_ref idref="fl-9"/>
      </object_component>
      <object_component id="oc-80">
         <name>.debug_info</name>
         <load_address>0x4c27</load_address>
         <run_address>0x4c27</run_address>
         <size>0x3472</size>
         <input_file_ref idref="fl-9"/>
      </object_component>
      <object_component id="oc-d4">
         <name>.debug_info</name>
         <load_address>0x8099</load_address>
         <run_address>0x8099</run_address>
         <size>0x30c</size>
         <input_file_ref idref="fl-9"/>
      </object_component>
      <object_component id="oc-182">
         <name>.debug_info</name>
         <load_address>0x83a5</load_address>
         <run_address>0x83a5</run_address>
         <size>0xf0</size>
         <input_file_ref idref="fl-9"/>
      </object_component>
      <object_component id="oc-87">
         <name>.debug_info</name>
         <load_address>0x8495</load_address>
         <run_address>0x8495</run_address>
         <size>0x419</size>
         <input_file_ref idref="fl-b"/>
      </object_component>
      <object_component id="oc-7a">
         <name>.debug_info</name>
         <load_address>0x88ae</load_address>
         <run_address>0x88ae</run_address>
         <size>0x143</size>
         <input_file_ref idref="fl-b"/>
      </object_component>
      <object_component id="oc-84">
         <name>.debug_info</name>
         <load_address>0x89f1</load_address>
         <run_address>0x89f1</run_address>
         <size>0x12a</size>
         <input_file_ref idref="fl-b"/>
      </object_component>
      <object_component id="oc-31">
         <name>.debug_info</name>
         <load_address>0x8b1b</load_address>
         <run_address>0x8b1b</run_address>
         <size>0x6da</size>
         <input_file_ref idref="fl-b"/>
      </object_component>
      <object_component id="oc-2b">
         <name>.debug_info</name>
         <load_address>0x91f5</load_address>
         <run_address>0x91f5</run_address>
         <size>0x278</size>
         <input_file_ref idref="fl-c"/>
      </object_component>
      <object_component id="oc-199">
         <name>.debug_info</name>
         <load_address>0x946d</load_address>
         <run_address>0x946d</run_address>
         <size>0x428</size>
         <input_file_ref idref="fl-d"/>
      </object_component>
      <object_component id="oc-196">
         <name>.debug_info</name>
         <load_address>0x9895</load_address>
         <run_address>0x9895</run_address>
         <size>0x111</size>
         <input_file_ref idref="fl-d"/>
      </object_component>
      <object_component id="oc-190">
         <name>.debug_info</name>
         <load_address>0x99a6</load_address>
         <run_address>0x99a6</run_address>
         <size>0x111</size>
         <input_file_ref idref="fl-d"/>
      </object_component>
      <object_component id="oc-193">
         <name>.debug_info</name>
         <load_address>0x9ab7</load_address>
         <run_address>0x9ab7</run_address>
         <size>0x10d</size>
         <input_file_ref idref="fl-d"/>
      </object_component>
      <object_component id="oc-18d">
         <name>.debug_info</name>
         <load_address>0x9bc4</load_address>
         <run_address>0x9bc4</run_address>
         <size>0x12b</size>
         <input_file_ref idref="fl-d"/>
      </object_component>
      <object_component id="oc-dc">
         <name>.debug_info</name>
         <load_address>0x9cef</load_address>
         <run_address>0x9cef</run_address>
         <size>0x68b</size>
         <input_file_ref idref="fl-d"/>
      </object_component>
      <object_component id="oc-1f8">
         <name>.debug_info</name>
         <load_address>0xa37a</load_address>
         <run_address>0xa37a</run_address>
         <size>0x62</size>
         <input_file_ref idref="fl-d"/>
      </object_component>
      <object_component id="oc-1d2">
         <name>.debug_info</name>
         <load_address>0xa3dc</load_address>
         <run_address>0xa3dc</run_address>
         <size>0x375</size>
         <input_file_ref idref="fl-e"/>
      </object_component>
      <object_component id="oc-132">
         <name>.debug_info</name>
         <load_address>0xa751</load_address>
         <run_address>0xa751</run_address>
         <size>0x320</size>
         <input_file_ref idref="fl-e"/>
      </object_component>
      <object_component id="oc-2f4">
         <name>.debug_info</name>
         <load_address>0xaa71</load_address>
         <run_address>0xaa71</run_address>
         <size>0x10a</size>
         <input_file_ref idref="fl-f"/>
      </object_component>
      <object_component id="oc-27b">
         <name>.debug_info</name>
         <load_address>0xab7b</load_address>
         <run_address>0xab7b</run_address>
         <size>0x11e</size>
         <input_file_ref idref="fl-f"/>
      </object_component>
      <object_component id="oc-2f7">
         <name>.debug_info</name>
         <load_address>0xac99</load_address>
         <run_address>0xac99</run_address>
         <size>0x107</size>
         <input_file_ref idref="fl-10"/>
      </object_component>
      <object_component id="oc-281">
         <name>.debug_info</name>
         <load_address>0xada0</load_address>
         <run_address>0xada0</run_address>
         <size>0x119</size>
         <input_file_ref idref="fl-10"/>
      </object_component>
      <object_component id="oc-229">
         <name>.debug_info</name>
         <load_address>0xaeb9</load_address>
         <run_address>0xaeb9</run_address>
         <size>0x877</size>
         <input_file_ref idref="fl-11"/>
      </object_component>
      <object_component id="oc-1ce">
         <name>.debug_info</name>
         <load_address>0xb730</load_address>
         <run_address>0xb730</run_address>
         <size>0xc05</size>
         <input_file_ref idref="fl-11"/>
      </object_component>
      <object_component id="oc-212">
         <name>.debug_info</name>
         <load_address>0xc335</load_address>
         <run_address>0xc335</run_address>
         <size>0x8b</size>
         <input_file_ref idref="fl-11"/>
      </object_component>
      <object_component id="oc-223">
         <name>.debug_info</name>
         <load_address>0xc3c0</load_address>
         <run_address>0xc3c0</run_address>
         <size>0x4f4</size>
         <input_file_ref idref="fl-12"/>
      </object_component>
      <object_component id="oc-1c3">
         <name>.debug_info</name>
         <load_address>0xc8b4</load_address>
         <run_address>0xc8b4</run_address>
         <size>0x8d8</size>
         <input_file_ref idref="fl-12"/>
      </object_component>
      <object_component id="oc-2b8">
         <name>.debug_info</name>
         <load_address>0xd18c</load_address>
         <run_address>0xd18c</run_address>
         <size>0x4ce</size>
         <input_file_ref idref="fl-13"/>
      </object_component>
      <object_component id="oc-21d">
         <name>.debug_info</name>
         <load_address>0xd65a</load_address>
         <run_address>0xd65a</run_address>
         <size>0x1b70</size>
         <input_file_ref idref="fl-13"/>
      </object_component>
      <object_component id="oc-234">
         <name>.debug_info</name>
         <load_address>0xf1ca</load_address>
         <run_address>0xf1ca</run_address>
         <size>0x26b</size>
         <input_file_ref idref="fl-14"/>
      </object_component>
      <object_component id="oc-44">
         <name>.debug_info</name>
         <load_address>0xf435</load_address>
         <run_address>0xf435</run_address>
         <size>0x118</size>
         <input_file_ref idref="fl-cf"/>
      </object_component>
      <object_component id="oc-b5">
         <name>.debug_info</name>
         <load_address>0xf54d</load_address>
         <run_address>0xf54d</run_address>
         <size>0x146</size>
         <input_file_ref idref="fl-d0"/>
      </object_component>
      <object_component id="oc-b2">
         <name>.debug_info</name>
         <load_address>0xf693</load_address>
         <run_address>0xf693</run_address>
         <size>0x2d3</size>
         <input_file_ref idref="fl-d1"/>
      </object_component>
      <object_component id="oc-56">
         <name>.debug_info</name>
         <load_address>0xf966</load_address>
         <run_address>0xf966</run_address>
         <size>0x1b4</size>
         <input_file_ref idref="fl-d1"/>
      </object_component>
      <object_component id="oc-ad">
         <name>.debug_info</name>
         <load_address>0xfb1a</load_address>
         <run_address>0xfb1a</run_address>
         <size>0x46</size>
         <input_file_ref idref="fl-d1"/>
      </object_component>
      <object_component id="oc-4e">
         <name>.debug_info</name>
         <load_address>0xfb60</load_address>
         <run_address>0xfb60</run_address>
         <size>0x2a7</size>
         <input_file_ref idref="fl-d2"/>
      </object_component>
      <object_component id="oc-1b">
         <name>.debug_info</name>
         <load_address>0xfe07</load_address>
         <run_address>0xfe07</run_address>
         <size>0x1e9</size>
         <input_file_ref idref="fl-d2"/>
      </object_component>
      <object_component id="oc-49">
         <name>.debug_info</name>
         <load_address>0xfff0</load_address>
         <run_address>0xfff0</run_address>
         <size>0x46</size>
         <input_file_ref idref="fl-d2"/>
      </object_component>
      <object_component id="oc-a5">
         <name>.debug_info</name>
         <load_address>0x10036</load_address>
         <run_address>0x10036</run_address>
         <size>0x2c</size>
         <input_file_ref idref="fl-d2"/>
      </object_component>
      <object_component id="oc-a3">
         <name>.debug_info</name>
         <load_address>0x10062</load_address>
         <run_address>0x10062</run_address>
         <size>0x29d</size>
         <input_file_ref idref="fl-d3"/>
      </object_component>
      <object_component id="oc-16">
         <name>.debug_info</name>
         <load_address>0x102ff</load_address>
         <run_address>0x102ff</run_address>
         <size>0x24f</size>
         <input_file_ref idref="fl-d3"/>
      </object_component>
      <object_component id="oc-39">
         <name>.debug_info</name>
         <load_address>0x1054e</load_address>
         <run_address>0x1054e</run_address>
         <size>0x60</size>
         <input_file_ref idref="fl-d3"/>
      </object_component>
      <object_component id="oc-11b">
         <name>.debug_info</name>
         <load_address>0x105ae</load_address>
         <run_address>0x105ae</run_address>
         <size>0x46</size>
         <input_file_ref idref="fl-d3"/>
      </object_component>
      <object_component id="oc-9e">
         <name>.debug_info</name>
         <load_address>0x105f4</load_address>
         <run_address>0x105f4</run_address>
         <size>0x39</size>
         <input_file_ref idref="fl-d3"/>
      </object_component>
      <object_component id="oc-22">
         <name>.debug_info</name>
         <load_address>0x1062d</load_address>
         <run_address>0x1062d</run_address>
         <size>0x10a</size>
         <input_file_ref idref="fl-d4"/>
      </object_component>
      <object_component id="oc-63">
         <name>.debug_info</name>
         <load_address>0x10737</load_address>
         <run_address>0x10737</run_address>
         <size>0x1a8</size>
         <input_file_ref idref="fl-d4"/>
      </object_component>
      <object_component id="oc-1de">
         <name>.debug_info</name>
         <load_address>0x108df</load_address>
         <run_address>0x108df</run_address>
         <size>0x4b2</size>
         <input_file_ref idref="fl-d5"/>
      </object_component>
      <object_component id="oc-145">
         <name>.debug_info</name>
         <load_address>0x10d91</load_address>
         <run_address>0x10d91</run_address>
         <size>0x1a5</size>
         <input_file_ref idref="fl-d5"/>
      </object_component>
      <object_component id="oc-297">
         <name>.debug_info</name>
         <load_address>0x10f36</load_address>
         <run_address>0x10f36</run_address>
         <size>0x39</size>
         <input_file_ref idref="fl-d5"/>
      </object_component>
      <object_component id="oc-2fb">
         <name>.debug_info</name>
         <load_address>0x10f6f</load_address>
         <run_address>0x10f6f</run_address>
         <size>0x39</size>
         <input_file_ref idref="fl-d5"/>
      </object_component>
      <object_component id="oc-29c">
         <name>.debug_info</name>
         <load_address>0x10fa8</load_address>
         <run_address>0x10fa8</run_address>
         <size>0x39</size>
         <input_file_ref idref="fl-d5"/>
      </object_component>
      <object_component id="oc-2a1">
         <name>.debug_info</name>
         <load_address>0x10fe1</load_address>
         <run_address>0x10fe1</run_address>
         <size>0xcd</size>
         <input_file_ref idref="fl-d5"/>
      </object_component>
      <object_component id="oc-ba">
         <name>.debug_info</name>
         <load_address>0x110ae</load_address>
         <run_address>0x110ae</run_address>
         <size>0x152</size>
         <input_file_ref idref="fl-d6"/>
      </object_component>
      <object_component id="oc-139">
         <name>.debug_info</name>
         <load_address>0x11200</load_address>
         <run_address>0x11200</run_address>
         <size>0x121</size>
         <input_file_ref idref="fl-d8"/>
      </object_component>
      <object_component id="oc-2e0">
         <name>.debug_info</name>
         <load_address>0x11321</load_address>
         <run_address>0x11321</run_address>
         <size>0x396</size>
         <input_file_ref idref="fl-db"/>
      </object_component>
      <object_component id="oc-2e2">
         <name>.debug_info</name>
         <load_address>0x116b7</load_address>
         <run_address>0x116b7</run_address>
         <size>0x116</size>
         <input_file_ref idref="fl-db"/>
      </object_component>
      <object_component id="oc-25d">
         <name>.debug_info</name>
         <load_address>0x117cd</load_address>
         <run_address>0x117cd</run_address>
         <size>0x210</size>
         <input_file_ref idref="fl-db"/>
      </object_component>
      <object_component id="oc-2d5">
         <name>.debug_info</name>
         <load_address>0x119dd</load_address>
         <run_address>0x119dd</run_address>
         <size>0x220</size>
         <input_file_ref idref="fl-db"/>
      </object_component>
      <object_component id="oc-2db">
         <name>.debug_info</name>
         <load_address>0x11bfd</load_address>
         <run_address>0x11bfd</run_address>
         <size>0x283</size>
         <input_file_ref idref="fl-db"/>
      </object_component>
      <object_component id="oc-23b">
         <name>.debug_info</name>
         <load_address>0x11e80</load_address>
         <run_address>0x11e80</run_address>
         <size>0x1fd</size>
         <input_file_ref idref="fl-db"/>
      </object_component>
      <object_component id="oc-265">
         <name>.debug_info</name>
         <load_address>0x1207d</load_address>
         <run_address>0x1207d</run_address>
         <size>0x224</size>
         <input_file_ref idref="fl-db"/>
      </object_component>
      <object_component id="oc-241">
         <name>.debug_info</name>
         <load_address>0x122a1</load_address>
         <run_address>0x122a1</run_address>
         <size>0x1ed</size>
         <input_file_ref idref="fl-db"/>
      </object_component>
      <object_component id="oc-2e6">
         <name>.debug_info</name>
         <load_address>0x1248e</load_address>
         <run_address>0x1248e</run_address>
         <size>0x372</size>
         <input_file_ref idref="fl-dd"/>
      </object_component>
      <object_component id="oc-258">
         <name>.debug_info</name>
         <load_address>0x12800</load_address>
         <run_address>0x12800</run_address>
         <size>0x1af</size>
         <input_file_ref idref="fl-dd"/>
      </object_component>
      <object_component id="oc-271">
         <name>.debug_info</name>
         <load_address>0x129af</load_address>
         <run_address>0x129af</run_address>
         <size>0x1e3</size>
         <input_file_ref idref="fl-dd"/>
      </object_component>
      <object_component id="oc-276">
         <name>.debug_info</name>
         <load_address>0x12b92</load_address>
         <run_address>0x12b92</run_address>
         <size>0x1e7</size>
         <input_file_ref idref="fl-dd"/>
      </object_component>
      <object_component id="oc-252">
         <name>.debug_info</name>
         <load_address>0x12d79</load_address>
         <run_address>0x12d79</run_address>
         <size>0x346</size>
         <input_file_ref idref="fl-dd"/>
      </object_component>
      <object_component id="oc-246">
         <name>.debug_info</name>
         <load_address>0x130bf</load_address>
         <run_address>0x130bf</run_address>
         <size>0x1f9</size>
         <input_file_ref idref="fl-dd"/>
      </object_component>
      <object_component id="oc-26b">
         <name>.debug_info</name>
         <load_address>0x132b8</load_address>
         <run_address>0x132b8</run_address>
         <size>0x1af</size>
         <input_file_ref idref="fl-dd"/>
      </object_component>
      <object_component id="oc-1be">
         <name>.debug_info</name>
         <load_address>0x13467</load_address>
         <run_address>0x13467</run_address>
         <size>0x3f3</size>
         <input_file_ref idref="fl-de"/>
      </object_component>
      <object_component id="oc-2e8">
         <name>.debug_info</name>
         <load_address>0x1385a</load_address>
         <run_address>0x1385a</run_address>
         <size>0x108</size>
         <input_file_ref idref="fl-de"/>
      </object_component>
      <object_component id="oc-1c6">
         <name>.debug_info</name>
         <load_address>0x13962</load_address>
         <run_address>0x13962</run_address>
         <size>0x1ea</size>
         <input_file_ref idref="fl-de"/>
      </object_component>
      <object_component id="oc-12c">
         <name>.debug_info</name>
         <load_address>0x13b4c</load_address>
         <run_address>0x13b4c</run_address>
         <size>0x248</size>
         <input_file_ref idref="fl-de"/>
      </object_component>
      <object_component id="oc-24b">
         <name>.debug_info</name>
         <load_address>0x13d94</load_address>
         <run_address>0x13d94</run_address>
         <size>0x222</size>
         <input_file_ref idref="fl-de"/>
      </object_component>
      <object_component id="oc-20e">
         <name>.debug_info</name>
         <load_address>0x13fb6</load_address>
         <run_address>0x13fb6</run_address>
         <size>0x51</size>
         <input_file_ref idref="fl-de"/>
      </object_component>
      <object_component id="oc-30a">
         <name>.debug_info</name>
         <load_address>0x14007</load_address>
         <run_address>0x14007</run_address>
         <size>0x379</size>
         <input_file_ref idref="fl-df"/>
      </object_component>
      <object_component id="oc-2cd">
         <name>.debug_info</name>
         <load_address>0x14380</load_address>
         <run_address>0x14380</run_address>
         <size>0x1f7</size>
         <input_file_ref idref="fl-df"/>
      </object_component>
      <object_component id="oc-2c7">
         <name>.debug_info</name>
         <load_address>0x14577</load_address>
         <run_address>0x14577</run_address>
         <size>0x1ec</size>
         <input_file_ref idref="fl-df"/>
      </object_component>
      <object_component id="oc-2c1">
         <name>.debug_info</name>
         <load_address>0x14763</load_address>
         <run_address>0x14763</run_address>
         <size>0x1f9</size>
         <input_file_ref idref="fl-df"/>
      </object_component>
      <object_component id="oc-349">
         <name>.debug_info</name>
         <load_address>0x1495c</load_address>
         <run_address>0x1495c</run_address>
         <size>0xc9</size>
      </object_component>
      <object_component id="oc-1ac">
         <name>.debug_line</name>
         <load_address>0x0</load_address>
         <run_address>0x0</run_address>
         <size>0x7d</size>
         <input_file_ref idref="fl-2"/>
      </object_component>
      <object_component id="oc-c4">
         <name>.debug_line</name>
         <load_address>0x7d</load_address>
         <run_address>0x7d</run_address>
         <size>0x45</size>
         <input_file_ref idref="fl-2"/>
      </object_component>
      <object_component id="oc-109">
         <name>.debug_line</name>
         <load_address>0xc2</load_address>
         <run_address>0xc2</run_address>
         <size>0x77</size>
         <input_file_ref idref="fl-2"/>
      </object_component>
      <object_component id="oc-97">
         <name>.debug_line</name>
         <load_address>0x139</load_address>
         <run_address>0x139</run_address>
         <size>0x6f</size>
         <input_file_ref idref="fl-2"/>
      </object_component>
      <object_component id="oc-1b0">
         <name>.debug_line</name>
         <load_address>0x1a8</load_address>
         <run_address>0x1a8</run_address>
         <size>0x69</size>
         <input_file_ref idref="fl-2"/>
      </object_component>
      <object_component id="oc-1ba">
         <name>.debug_line</name>
         <load_address>0x211</load_address>
         <run_address>0x211</run_address>
         <size>0x7b</size>
         <input_file_ref idref="fl-2"/>
      </object_component>
      <object_component id="oc-41">
         <name>.debug_line</name>
         <load_address>0x28c</load_address>
         <run_address>0x28c</run_address>
         <size>0x20</size>
         <input_file_ref idref="fl-2"/>
      </object_component>
      <object_component id="oc-8b">
         <name>.debug_line</name>
         <load_address>0x2ac</load_address>
         <run_address>0x2ac</run_address>
         <size>0x7b</size>
         <input_file_ref idref="fl-2"/>
      </object_component>
      <object_component id="oc-119">
         <name>.debug_line</name>
         <load_address>0x327</load_address>
         <run_address>0x327</run_address>
         <size>0x73</size>
         <input_file_ref idref="fl-2"/>
      </object_component>
      <object_component id="oc-21a">
         <name>.debug_line</name>
         <load_address>0x39a</load_address>
         <run_address>0x39a</run_address>
         <size>0x6f</size>
         <input_file_ref idref="fl-2"/>
      </object_component>
      <object_component id="oc-9c">
         <name>.debug_line</name>
         <load_address>0x409</load_address>
         <run_address>0x409</run_address>
         <size>0x70</size>
         <input_file_ref idref="fl-2"/>
      </object_component>
      <object_component id="oc-90">
         <name>.debug_line</name>
         <load_address>0x479</load_address>
         <run_address>0x479</run_address>
         <size>0x8a</size>
         <input_file_ref idref="fl-2"/>
      </object_component>
      <object_component id="oc-1b5">
         <name>.debug_line</name>
         <load_address>0x503</load_address>
         <run_address>0x503</run_address>
         <size>0x72</size>
         <input_file_ref idref="fl-2"/>
      </object_component>
      <object_component id="oc-10e">
         <name>.debug_line</name>
         <load_address>0x575</load_address>
         <run_address>0x575</run_address>
         <size>0x77</size>
         <input_file_ref idref="fl-2"/>
      </object_component>
      <object_component id="oc-93">
         <name>.debug_line</name>
         <load_address>0x5ec</load_address>
         <run_address>0x5ec</run_address>
         <size>0x41</size>
         <input_file_ref idref="fl-3"/>
      </object_component>
      <object_component id="oc-36">
         <name>.debug_line</name>
         <load_address>0x62d</load_address>
         <run_address>0x62d</run_address>
         <size>0x41</size>
         <input_file_ref idref="fl-3"/>
      </object_component>
      <object_component id="oc-25">
         <name>.debug_line</name>
         <load_address>0x66e</load_address>
         <run_address>0x66e</run_address>
         <size>0xa1</size>
         <input_file_ref idref="fl-3"/>
      </object_component>
      <object_component id="oc-206">
         <name>.debug_line</name>
         <load_address>0x70f</load_address>
         <run_address>0x70f</run_address>
         <size>0x20</size>
         <input_file_ref idref="fl-4"/>
      </object_component>
      <object_component id="oc-113">
         <name>.debug_line</name>
         <load_address>0x72f</load_address>
         <run_address>0x72f</run_address>
         <size>0x7b</size>
         <input_file_ref idref="fl-4"/>
      </object_component>
      <object_component id="oc-20a">
         <name>.debug_line</name>
         <load_address>0x7aa</load_address>
         <run_address>0x7aa</run_address>
         <size>0x7b</size>
         <input_file_ref idref="fl-4"/>
      </object_component>
      <object_component id="oc-104">
         <name>.debug_line</name>
         <load_address>0x825</load_address>
         <run_address>0x825</run_address>
         <size>0x6b</size>
         <input_file_ref idref="fl-4"/>
      </object_component>
      <object_component id="oc-2a9">
         <name>.debug_line</name>
         <load_address>0x890</load_address>
         <run_address>0x890</run_address>
         <size>0x193</size>
         <input_file_ref idref="fl-5"/>
      </object_component>
      <object_component id="oc-180">
         <name>.debug_line</name>
         <load_address>0xa23</load_address>
         <run_address>0xa23</run_address>
         <size>0x6b</size>
         <input_file_ref idref="fl-5"/>
      </object_component>
      <object_component id="oc-18a">
         <name>.debug_line</name>
         <load_address>0xa8e</load_address>
         <run_address>0xa8e</run_address>
         <size>0x7b</size>
         <input_file_ref idref="fl-5"/>
      </object_component>
      <object_component id="oc-2ad">
         <name>.debug_line</name>
         <load_address>0xb09</load_address>
         <run_address>0xb09</run_address>
         <size>0x3e</size>
         <input_file_ref idref="fl-5"/>
      </object_component>
      <object_component id="oc-2b2">
         <name>.debug_line</name>
         <load_address>0xb47</load_address>
         <run_address>0xb47</run_address>
         <size>0x7f</size>
         <input_file_ref idref="fl-5"/>
      </object_component>
      <object_component id="oc-17b">
         <name>.debug_line</name>
         <load_address>0xbc6</load_address>
         <run_address>0xbc6</run_address>
         <size>0x79</size>
         <input_file_ref idref="fl-5"/>
      </object_component>
      <object_component id="oc-204">
         <name>.debug_line</name>
         <load_address>0xc3f</load_address>
         <run_address>0xc3f</run_address>
         <size>0x20</size>
         <input_file_ref idref="fl-6"/>
      </object_component>
      <object_component id="oc-e6">
         <name>.debug_line</name>
         <load_address>0xc5f</load_address>
         <run_address>0xc5f</run_address>
         <size>0xec</size>
         <input_file_ref idref="fl-6"/>
      </object_component>
      <object_component id="oc-125">
         <name>.debug_line</name>
         <load_address>0xd4b</load_address>
         <run_address>0xd4b</run_address>
         <size>0x6b</size>
         <input_file_ref idref="fl-8"/>
      </object_component>
      <object_component id="oc-177">
         <name>.debug_line</name>
         <load_address>0xdb6</load_address>
         <run_address>0xdb6</run_address>
         <size>0x13c</size>
         <input_file_ref idref="fl-9"/>
      </object_component>
      <object_component id="oc-d2">
         <name>.debug_line</name>
         <load_address>0xef2</load_address>
         <run_address>0xef2</run_address>
         <size>0x37</size>
         <input_file_ref idref="fl-9"/>
      </object_component>
      <object_component id="oc-19d">
         <name>.debug_line</name>
         <load_address>0xf29</load_address>
         <run_address>0xf29</run_address>
         <size>0x37</size>
         <input_file_ref idref="fl-9"/>
      </object_component>
      <object_component id="oc-1a7">
         <name>.debug_line</name>
         <load_address>0xf60</load_address>
         <run_address>0xf60</run_address>
         <size>0x37</size>
         <input_file_ref idref="fl-9"/>
      </object_component>
      <object_component id="oc-1a9">
         <name>.debug_line</name>
         <load_address>0xf97</load_address>
         <run_address>0xf97</run_address>
         <size>0x37</size>
         <input_file_ref idref="fl-9"/>
      </object_component>
      <object_component id="oc-1a5">
         <name>.debug_line</name>
         <load_address>0xfce</load_address>
         <run_address>0xfce</run_address>
         <size>0x37</size>
         <input_file_ref idref="fl-9"/>
      </object_component>
      <object_component id="oc-1a3">
         <name>.debug_line</name>
         <load_address>0x1005</load_address>
         <run_address>0x1005</run_address>
         <size>0x37</size>
         <input_file_ref idref="fl-9"/>
      </object_component>
      <object_component id="oc-19f">
         <name>.debug_line</name>
         <load_address>0x103c</load_address>
         <run_address>0x103c</run_address>
         <size>0x37</size>
         <input_file_ref idref="fl-9"/>
      </object_component>
      <object_component id="oc-1a1">
         <name>.debug_line</name>
         <load_address>0x1073</load_address>
         <run_address>0x1073</run_address>
         <size>0x37</size>
         <input_file_ref idref="fl-9"/>
      </object_component>
      <object_component id="oc-7e">
         <name>.debug_line</name>
         <load_address>0x10aa</load_address>
         <run_address>0x10aa</run_address>
         <size>0x973</size>
         <input_file_ref idref="fl-9"/>
      </object_component>
      <object_component id="oc-d7">
         <name>.debug_line</name>
         <load_address>0x1a1d</load_address>
         <run_address>0x1a1d</run_address>
         <size>0x77</size>
         <input_file_ref idref="fl-9"/>
      </object_component>
      <object_component id="oc-185">
         <name>.debug_line</name>
         <load_address>0x1a94</load_address>
         <run_address>0x1a94</run_address>
         <size>0x37</size>
         <input_file_ref idref="fl-9"/>
      </object_component>
      <object_component id="oc-100">
         <name>.debug_line</name>
         <load_address>0x1acb</load_address>
         <run_address>0x1acb</run_address>
         <size>0xa3</size>
         <input_file_ref idref="fl-b"/>
      </object_component>
      <object_component id="oc-da">
         <name>.debug_line</name>
         <load_address>0x1b6e</load_address>
         <run_address>0x1b6e</run_address>
         <size>0x4c</size>
         <input_file_ref idref="fl-b"/>
      </object_component>
      <object_component id="oc-fe">
         <name>.debug_line</name>
         <load_address>0x1bba</load_address>
         <run_address>0x1bba</run_address>
         <size>0x4c</size>
         <input_file_ref idref="fl-b"/>
      </object_component>
      <object_component id="oc-30">
         <name>.debug_line</name>
         <load_address>0x1c06</load_address>
         <run_address>0x1c06</run_address>
         <size>0x14e</size>
         <input_file_ref idref="fl-b"/>
      </object_component>
      <object_component id="oc-2e">
         <name>.debug_line</name>
         <load_address>0x1d54</load_address>
         <run_address>0x1d54</run_address>
         <size>0xe1</size>
         <input_file_ref idref="fl-c"/>
      </object_component>
      <object_component id="oc-202">
         <name>.debug_line</name>
         <load_address>0x1e35</load_address>
         <run_address>0x1e35</run_address>
         <size>0x77</size>
         <input_file_ref idref="fl-d"/>
      </object_component>
      <object_component id="oc-200">
         <name>.debug_line</name>
         <load_address>0x1eac</load_address>
         <run_address>0x1eac</run_address>
         <size>0x49</size>
         <input_file_ref idref="fl-d"/>
      </object_component>
      <object_component id="oc-1f7">
         <name>.debug_line</name>
         <load_address>0x1ef5</load_address>
         <run_address>0x1ef5</run_address>
         <size>0x49</size>
         <input_file_ref idref="fl-d"/>
      </object_component>
      <object_component id="oc-1fe">
         <name>.debug_line</name>
         <load_address>0x1f3e</load_address>
         <run_address>0x1f3e</run_address>
         <size>0x49</size>
         <input_file_ref idref="fl-d"/>
      </object_component>
      <object_component id="oc-1f5">
         <name>.debug_line</name>
         <load_address>0x1f87</load_address>
         <run_address>0x1f87</run_address>
         <size>0x49</size>
         <input_file_ref idref="fl-d"/>
      </object_component>
      <object_component id="oc-df">
         <name>.debug_line</name>
         <load_address>0x1fd0</load_address>
         <run_address>0x1fd0</run_address>
         <size>0x11c</size>
         <input_file_ref idref="fl-d"/>
      </object_component>
      <object_component id="oc-1fb">
         <name>.debug_line</name>
         <load_address>0x20ec</load_address>
         <run_address>0x20ec</run_address>
         <size>0x49</size>
         <input_file_ref idref="fl-d"/>
      </object_component>
      <object_component id="oc-286">
         <name>.debug_line</name>
         <load_address>0x2135</load_address>
         <run_address>0x2135</run_address>
         <size>0xb0</size>
         <input_file_ref idref="fl-e"/>
      </object_component>
      <object_component id="oc-136">
         <name>.debug_line</name>
         <load_address>0x21e5</load_address>
         <run_address>0x21e5</run_address>
         <size>0x7e</size>
         <input_file_ref idref="fl-e"/>
      </object_component>
      <object_component id="oc-318">
         <name>.debug_line</name>
         <load_address>0x2263</load_address>
         <run_address>0x2263</run_address>
         <size>0x20</size>
         <input_file_ref idref="fl-f"/>
      </object_component>
      <object_component id="oc-2f3">
         <name>.debug_line</name>
         <load_address>0x2283</load_address>
         <run_address>0x2283</run_address>
         <size>0x49</size>
         <input_file_ref idref="fl-f"/>
      </object_component>
      <object_component id="oc-31a">
         <name>.debug_line</name>
         <load_address>0x22cc</load_address>
         <run_address>0x22cc</run_address>
         <size>0x20</size>
         <input_file_ref idref="fl-10"/>
      </object_component>
      <object_component id="oc-2f6">
         <name>.debug_line</name>
         <load_address>0x22ec</load_address>
         <run_address>0x22ec</run_address>
         <size>0x48</size>
         <input_file_ref idref="fl-10"/>
      </object_component>
      <object_component id="oc-2bf">
         <name>.debug_line</name>
         <load_address>0x2334</load_address>
         <run_address>0x2334</run_address>
         <size>0x16f</size>
         <input_file_ref idref="fl-11"/>
      </object_component>
      <object_component id="oc-1cc">
         <name>.debug_line</name>
         <load_address>0x24a3</load_address>
         <run_address>0x24a3</run_address>
         <size>0x1b8</size>
         <input_file_ref idref="fl-11"/>
      </object_component>
      <object_component id="oc-215">
         <name>.debug_line</name>
         <load_address>0x265b</load_address>
         <run_address>0x265b</run_address>
         <size>0x20</size>
         <input_file_ref idref="fl-11"/>
      </object_component>
      <object_component id="oc-2bd">
         <name>.debug_line</name>
         <load_address>0x267b</load_address>
         <run_address>0x267b</run_address>
         <size>0xa6</size>
         <input_file_ref idref="fl-12"/>
      </object_component>
      <object_component id="oc-1c1">
         <name>.debug_line</name>
         <load_address>0x2721</load_address>
         <run_address>0x2721</run_address>
         <size>0x196</size>
         <input_file_ref idref="fl-12"/>
      </object_component>
      <object_component id="oc-308">
         <name>.debug_line</name>
         <load_address>0x28b7</load_address>
         <run_address>0x28b7</run_address>
         <size>0x4e</size>
         <input_file_ref idref="fl-13"/>
      </object_component>
      <object_component id="oc-220">
         <name>.debug_line</name>
         <load_address>0x2905</load_address>
         <run_address>0x2905</run_address>
         <size>0x521</size>
         <input_file_ref idref="fl-13"/>
      </object_component>
      <object_component id="oc-233">
         <name>.debug_line</name>
         <load_address>0x2e26</load_address>
         <run_address>0x2e26</run_address>
         <size>0x89</size>
         <input_file_ref idref="fl-14"/>
      </object_component>
      <object_component id="oc-47">
         <name>.debug_line</name>
         <load_address>0x2eaf</load_address>
         <run_address>0x2eaf</run_address>
         <size>0x88</size>
         <input_file_ref idref="fl-cf"/>
      </object_component>
      <object_component id="oc-b7">
         <name>.debug_line</name>
         <load_address>0x2f37</load_address>
         <run_address>0x2f37</run_address>
         <size>0x79</size>
         <input_file_ref idref="fl-d0"/>
      </object_component>
      <object_component id="oc-128">
         <name>.debug_line</name>
         <load_address>0x2fb0</load_address>
         <run_address>0x2fb0</run_address>
         <size>0x90</size>
         <input_file_ref idref="fl-d1"/>
      </object_component>
      <object_component id="oc-59">
         <name>.debug_line</name>
         <load_address>0x3040</load_address>
         <run_address>0x3040</run_address>
         <size>0x4f</size>
         <input_file_ref idref="fl-d1"/>
      </object_component>
      <object_component id="oc-b0">
         <name>.debug_line</name>
         <load_address>0x308f</load_address>
         <run_address>0x308f</run_address>
         <size>0x34</size>
         <input_file_ref idref="fl-d1"/>
      </object_component>
      <object_component id="oc-ab">
         <name>.debug_line</name>
         <load_address>0x30c3</load_address>
         <run_address>0x30c3</run_address>
         <size>0x20</size>
         <input_file_ref idref="fl-d2"/>
      </object_component>
      <object_component id="oc-1d">
         <name>.debug_line</name>
         <load_address>0x30e3</load_address>
         <run_address>0x30e3</run_address>
         <size>0x55</size>
         <input_file_ref idref="fl-d2"/>
      </object_component>
      <object_component id="oc-4c">
         <name>.debug_line</name>
         <load_address>0x3138</load_address>
         <run_address>0x3138</run_address>
         <size>0x3a</size>
         <input_file_ref idref="fl-d2"/>
      </object_component>
      <object_component id="oc-a8">
         <name>.debug_line</name>
         <load_address>0x3172</load_address>
         <run_address>0x3172</run_address>
         <size>0x90</size>
         <input_file_ref idref="fl-d2"/>
      </object_component>
      <object_component id="oc-121">
         <name>.debug_line</name>
         <load_address>0x3202</load_address>
         <run_address>0x3202</run_address>
         <size>0x20</size>
         <input_file_ref idref="fl-d3"/>
      </object_component>
      <object_component id="oc-15">
         <name>.debug_line</name>
         <load_address>0x3222</load_address>
         <run_address>0x3222</run_address>
         <size>0xa9</size>
         <input_file_ref idref="fl-d3"/>
      </object_component>
      <object_component id="oc-3c">
         <name>.debug_line</name>
         <load_address>0x32cb</load_address>
         <run_address>0x32cb</run_address>
         <size>0x3a</size>
         <input_file_ref idref="fl-d3"/>
      </object_component>
      <object_component id="oc-11e">
         <name>.debug_line</name>
         <load_address>0x3305</load_address>
         <run_address>0x3305</run_address>
         <size>0x98</size>
         <input_file_ref idref="fl-d3"/>
      </object_component>
      <object_component id="oc-a1">
         <name>.debug_line</name>
         <load_address>0x339d</load_address>
         <run_address>0x339d</run_address>
         <size>0x94</size>
         <input_file_ref idref="fl-d3"/>
      </object_component>
[...]
         <value>0x6e9</value>
         <object_component_ref idref="oc-7c"/>
      </symbol>
      <symbol id="sm-277">
         <name>vTaskPlaceOnUnorderedEventList</name>
         <value>0xafd</value>
         <object_component_ref idref="oc-7c"/>
      </symbol>
      <symbol id="sm-278">
         <name>xTaskRemoveFromEventList</name>
         <value>0xb27</value>
         <object_component_ref idref="oc-7c"/>
      </symbol>
      <symbol id="sm-2a9">
         <name>ulMaxSyscallInterruptPriority</name>
         <value>0x3354</value>
         <object_component_ref idref="oc-79"/>
      </symbol>
      <symbol id="sm-2aa">
         <name>vPortSetupTimerInterrupt</name>
         <value>0x24c7</value>
         <object_component_ref idref="oc-2f"/>
      </symbol>
      <symbol id="sm-2ab">
         <name>vPortEndScheduler</name>
         <value>0x2469</value>
         <object_component_ref idref="oc-2f"/>
      </symbol>
      <symbol id="sm-2ac">
         <name>xPortSysTickHandler</name>
         <value>0x24a1</value>
         <object_component_ref idref="oc-2f"/>
      </symbol>
      <symbol id="sm-2ad">
         <name>pxPortInitialiseStack</name>
         <value>0x23c9</value>
         <object_component_ref idref="oc-2f"/>
      </symbol>
      <symbol id="sm-2ae">
         <name>vPortExitCritical</name>
         <value>0x248b</value>
         <object_component_ref idref="oc-2f"/>
      </symbol>
      <symbol id="sm-2af">
         <name>xPortStartScheduler</name>
         <value>0x2433</value>
         <object_component_ref idref="oc-2f"/>
      </symbol>
      <symbol id="sm-2b0">
         <name>vPortEnterCritical</name>
         <value>0x246b</value>
         <object_component_ref idref="oc-2f"/>
      </symbol>
      <symbol id="sm-2bf">
         <name>vPortStartFirstTask</name>
         <value>0x2a15</value>
         <object_component_ref idref="oc-2a"/>
      </symbol>
      <symbol id="sm-2c0">
         <name>ulPortGetIPSR</name>
         <value>0x297d</value>
         <object_component_ref idref="oc-2a"/>
      </symbol>
      <symbol id="sm-2c1">
         <name>vPortEnableVFP</name>
         <value>0x2a39</value>
         <object_component_ref idref="oc-2a"/>
      </symbol>
      <symbol id="sm-2c2">
         <name>xPortPendSVHandler</name>
         <value>0x2995</value>
         <object_component_ref idref="oc-2a"/>
      </symbol>
      <symbol id="sm-2c3">
         <name>vPortSVCHandler</name>
         <value>0x29f5</value>
         <object_component_ref idref="oc-2a"/>
      </symbol>
      <symbol id="sm-30a">
         <name>vPortInitialiseBlocks</name>
         <value>0x236d</value>
         <object_component_ref idref="oc-db"/>
      </symbol>
      <symbol id="sm-30b">
         <name>xPortGetFreeHeapSize</name>
         <value>0x2367</value>
         <object_component_ref idref="oc-db"/>
      </symbol>
      <symbol id="sm-30c">
         <name>pvPortMalloc</name>
         <value>0x2211</value>
         <object_component_ref idref="oc-db"/>
      </symbol>
      <symbol id="sm-30d">
         <name>vPortFree</name>
         <value>0x2309</value>
         <object_component_ref idref="oc-db"/>
      </symbol>
      <symbol id="sm-31e">
         <name>OLEDInitialise</name>
         <value>0x2cf3</value>
         <object_component_ref idref="oc-131"/>
      </symbol>
      <symbol id="sm-31f">
         <name>OLEDStringDraw</name>
         <value>0x2ccd</value>
         <object_component_ref idref="oc-131"/>
      </symbol>
      <symbol id="sm-32a">
         <name>rgbOledFont0</name>
         <value>0x2f18</value>
         <object_component_ref idref="oc-27a"/>
      </symbol>
      <symbol id="sm-335">
         <name>rgbFillPat</name>
         <value>0x3314</value>
         <object_component_ref idref="oc-280"/>
      </symbol>
      <symbol id="sm-373">
         <name>xcoOledCur</name>
         <value>0x2000244c</value>
      </symbol>
      <symbol id="sm-374">
         <name>ycoOledCur</name>
         <value>0x20002458</value>
      </symbol>
      <symbol id="sm-375">
         <name>pbOledCur</name>
         <value>0x20002430</value>
      </symbol>
      <symbol id="sm-376">
         <name>bnOledCur</name>
         <value>0x2000241c</value>
      </symbol>
      <symbol id="sm-377">
         <name>clrOledCur</name>
         <value>0x2000245c</value>
      </symbol>
      <symbol id="sm-378">
         <name>pbOledPatCur</name>
         <value>0x2000243c</value>
      </symbol>
      <symbol id="sm-379">
         <name>fOledCharUpdate</name>
         <value>0x20002428</value>
      </symbol>
      <symbol id="sm-37a">
         <name>dxcoOledFontCur</name>
         <value>0x20002420</value>
      </symbol>
      <symbol id="sm-37b">
         <name>dycoOledFontCur</name>
         <value>0x20002424</value>
      </symbol>
      <symbol id="sm-37c">
         <name>pbOledFontCur</name>
         <value>0x20002434</value>
      </symbol>
      <symbol id="sm-37d">
         <name>pbOledFontUser</name>
         <value>0x20002438</value>
      </symbol>
      <symbol id="sm-37e">
         <name>rgbOledBmp</name>
         <value>0x20002000</value>
      </symbol>
      <symbol id="sm-37f">
         <name>OrbitOledDvrInit</name>
         <value>0x1d6f</value>
         <object_component_ref idref="oc-1cb"/>
      </symbol>
      <symbol id="sm-380">
         <name>OrbitOledUpdate</name>
         <value>0x1ea9</value>
         <object_component_ref idref="oc-1cb"/>
      </symbol>
      <symbol id="sm-381">
         <name>OrbitOledClear</name>
         <value>0x1e6d</value>
         <object_component_ref idref="oc-1cb"/>
      </symbol>
      <symbol id="sm-382">
         <name>OrbitOledPutBuffer</name>
         <value>0x1f03</value>
         <object_component_ref idref="oc-1cb"/>
      </symbol>
      <symbol id="sm-383">
         <name>OrbitOledDevInit</name>
         <value>0x1de9</value>
         <object_component_ref idref="oc-1cb"/>
      </symbol>
      <symbol id="sm-384">
         <name>OrbitOledClearBuffer</name>
         <value>0x1e79</value>
         <object_component_ref idref="oc-1cb"/>
      </symbol>
      <symbol id="sm-385">
         <name>OrbitOledHostInit</name>
         <value>0x1ca5</value>
         <object_component_ref idref="oc-1cb"/>
      </symbol>
      <symbol id="sm-386">
         <name>OrbitOledInit</name>
         <value>0x1c91</value>
         <object_component_ref idref="oc-1cb"/>
      </symbol>
      <symbol id="sm-387">
         <name>Ssi3PutByte</name>
         <value>0x1f69</value>
         <object_component_ref idref="oc-1cb"/>
      </symbol>
      <symbol id="sm-3ba">
         <name>xchOledCur</name>
         <value>0x20002444</value>
      </symbol>
      <symbol id="sm-3bb">
         <name>ychOledCur</name>
         <value>0x20002450</value>
      </symbol>
      <symbol id="sm-3bc">
         <name>xchOledMax</name>
         <value>0x20002448</value>
      </symbol>
      <symbol id="sm-3bd">
         <name>ychOledMax</name>
         <value>0x20002454</value>
      </symbol>
      <symbol id="sm-3be">
         <name>rgbOledFontUser</name>
         <value>0x20002200</value>
      </symbol>
      <symbol id="sm-3bf">
         <name>OrbitOledPutString</name>
         <value>0x2101</value>
         <object_component_ref idref="oc-1bf"/>
      </symbol>
      <symbol id="sm-3c0">
         <name>OrbitOledGetCharUpdate</name>
         <value>0x20dd</value>
         <object_component_ref idref="oc-1bf"/>
      </symbol>
      <symbol id="sm-3c1">
         <name>OrbitOledSetCharUpdate</name>
         <value>0x20c5</value>
         <object_component_ref idref="oc-1bf"/>
      </symbol>
      <symbol id="sm-3c2">
         <name>OrbitOledDrawGlyph</name>
         <value>0x212d</value>
         <object_component_ref idref="oc-1bf"/>
      </symbol>
      <symbol id="sm-3c3">
         <name>OrbitOledDefUserChar</name>
         <value>0x2075</value>
         <object_component_ref idref="oc-1bf"/>
      </symbol>
      <symbol id="sm-3c4">
         <name>OrbitOledGetCursor</name>
         <value>0x2059</value>
         <object_component_ref idref="oc-1bf"/>
      </symbol>
      <symbol id="sm-3c5">
         <name>OrbitOledSetCursor</name>
         <value>0x200d</value>
         <object_component_ref idref="oc-1bf"/>
      </symbol>
      <symbol id="sm-3c6">
         <name>OrbitOledPutChar</name>
         <value>0x20e3</value>
         <object_component_ref idref="oc-1bf"/>
      </symbol>
      <symbol id="sm-3c7">
         <name>OrbitOledAdvanceCursor</name>
         <value>0x21a5</value>
         <object_component_ref idref="oc-1bf"/>
      </symbol>
      <symbol id="sm-464">
         <name>pfnDoRop</name>
         <value>0x20002440</value>
      </symbol>
      <symbol id="sm-465">
         <name>modOledCur</name>
         <value>0x2000242c</value>
      </symbol>
      <symbol id="sm-466">
         <name>OrbitOledGetPixel</name>
         <value>0x1463</value>
         <object_component_ref idref="oc-21c"/>
      </symbol>
      <symbol id="sm-467">
         <name>OrbitOledMoveUp</name>
         <value>0x1b91</value>
         <object_component_ref idref="oc-21c"/>
      </symbol>
      <symbol id="sm-468">
         <name>OrbitOledMoveTo</name>
         <value>0x1341</value>
         <object_component_ref idref="oc-21c"/>
      </symbol>
      <symbol id="sm-469">
         <name>OrbitOledGetDrawMode</name>
         <value>0x1431</value>
         <object_component_ref idref="oc-21c"/>
      </symbol>
      <symbol id="sm-46a">
         <name>OrbitOledDrawPixel</name>
         <value>0x1437</value>
         <object_component_ref idref="oc-21c"/>
      </symbol>
      <symbol id="sm-46b">
         <name>OrbitOledDrawString</name>
         <value>0x1ad3</value>
         <object_component_ref idref="oc-21c"/>
      </symbol>
      <symbol id="sm-46c">
         <name>OrbitOledDrawChar</name>
         <value>0x1a73</value>
         <object_component_ref idref="oc-21c"/>
      </symbol>
      <symbol id="sm-46d">
         <name>OrbitOledMoveDown</name>
         <value>0x1bc9</value>
         <object_component_ref idref="oc-21c"/>
      </symbol>
      <symbol id="sm-46e">
         <name>OrbitOledMoveRight</name>
         <value>0x1c17</value>
         <object_component_ref idref="oc-21c"/>
      </symbol>
      <symbol id="sm-46f">
         <name>OrbitOledFillRect</name>
         <value>0x1601</value>
         <object_component_ref idref="oc-21c"/>
      </symbol>
      <symbol id="sm-470">
         <name>OrbitOledLineTo</name>
         <value>0x147d</value>
         <object_component_ref idref="oc-21c"/>
      </symbol>
      <symbol id="sm-471">
         <name>OrbitOledGetStdPattern</name>
         <value>0x13bb</value>
         <object_component_ref idref="oc-21c"/>
      </symbol>
      <symbol id="sm-472">
         <name>OrbitOledSetDrawColor</name>
         <value>0x13a3</value>
         <object_component_ref idref="oc-21c"/>
      </symbol>
      <symbol id="sm-473">
         <name>OrbitOledDrawRect</name>
         <value>0x157d</value>
         <object_component_ref idref="oc-21c"/>
      </symbol>
      <symbol id="sm-474">
         <name>OrbitOledClampYco</name>
         <value>0x1c51</value>
         <object_component_ref idref="oc-21c"/>
      </symbol>
      <symbol id="sm-475">
         <name>OrbitOledGetPos</name>
         <value>0x1387</value>
         <object_component_ref idref="oc-21c"/>
      </symbol>
      <symbol id="sm-476">
         <name>OrbitOledRopSet</name>
         <value>0x1af1</value>
         <object_component_ref idref="oc-21c"/>
      </symbol>
      <symbol id="sm-477">
         <name>OrbitOledRopXor</name>
         <value>0x1b63</value>
         <object_component_ref idref="oc-21c"/>
      </symbol>
      <symbol id="sm-478">
         <name>OrbitOledGetBmp</name>
         <value>0x1745</value>
         <object_component_ref idref="oc-21c"/>
      </symbol>
      <symbol id="sm-479">
         <name>OrbitOledMoveLeft</name>
         <value>0x1bff</value>
         <object_component_ref idref="oc-21c"/>
      </symbol>
      <symbol id="sm-47a">
         <name>OrbitOledRopAnd</name>
         <value>0x1b3f</value>
         <object_component_ref idref="oc-21c"/>
      </symbol>
      <symbol id="sm-47b">
         <name>OrbitOledPutBmp</name>
         <value>0x18a5</value>
         <object_component_ref idref="oc-21c"/>
      </symbol>
      <symbol id="sm-47c">
         <name>OrbitOledSetDrawMode</name>
         <value>0x13dd</value>
         <object_component_ref idref="oc-21c"/>
      </symbol>
      <symbol id="sm-47d">
         <name>OrbitOledClampXco</name>
         <value>0x1c31</value>
         <object_component_ref idref="oc-21c"/>
      </symbol>
      <symbol id="sm-47e">
         <name>OrbitOledSetFillPattern</name>
         <value>0x13cd</value>
         <object_component_ref idref="oc-21c"/>
      </symbol>
      <symbol id="sm-47f">
         <name>OrbitOledRopOr</name>
         <value>0x1b1b</value>
         <object_component_ref idref="oc-21c"/>
      </symbol>
      <symbol id="sm-491">
         <name>DelayMs</name>
         <value>0x2c3f</value>
         <object_component_ref idref="oc-232"/>
      </symbol>
      <symbol id="sm-492">
         <name>DelayInit</name>
         <value>0x2c25</value>
         <object_component_ref idref="oc-232"/>
      </symbol>
      <symbol id="sm-4ad">
         <name>memcpy</name>
         <value>0x2a47</value>
         <object_component_ref idref="oc-43"/>
      </symbol>
      <symbol id="sm-4ae">
         <name>__aeabi_memcpy</name>
         <value>0x2a47</value>
         <object_component_ref idref="oc-43"/>
      </symbol>
      <symbol id="sm-4af">
         <name>__aeabi_memcpy8</name>
         <value>0x2a47</value>
         <object_component_ref idref="oc-43"/>
      </symbol>
      <symbol id="sm-4b0">
         <name>__aeabi_memcpy4</name>
         <value>0x2a47</value>
         <object_component_ref idref="oc-43"/>
      </symbol>
      <symbol id="sm-4bf">
         <name>__aeabi_memset</name>
         <value>0x2ae5</value>
         <object_component_ref idref="oc-b3"/>
      </symbol>
      <symbol id="sm-4c0">
         <name>memset</name>
         <value>0x2aeb</value>
         <object_component_ref idref="oc-b3"/>
      </symbol>
      <symbol id="sm-4c1">
         <name>__aeabi_memset8</name>
         <value>0x2ae5</value>
         <object_component_ref idref="oc-b3"/>
      </symbol>
      <symbol id="sm-4c2">
         <name>__aeabi_memset4</name>
         <value>0x2ae5</value>
         <object_component_ref idref="oc-b3"/>
      </symbol>
      <symbol id="sm-4c3">
         <name>__aeabi_memclr8</name>
         <value>0x2ae3</value>
         <object_component_ref idref="oc-b3"/>
      </symbol>
      <symbol id="sm-4c4">
         <name>__aeabi_memclr4</name>
         <value>0x2ae3</value>
         <object_component_ref idref="oc-b3"/>
      </symbol>
      <symbol id="sm-4c5">
         <name>__aeabi_memclr</name>
         <value>0x2ae3</value>
         <object_component_ref idref="oc-b3"/>
      </symbol>
      <symbol id="sm-4d7">
         <name>__TI_zero_init</name>
         <value>0x2ebf</value>
         <object_component_ref idref="oc-55"/>
      </symbol>
      <symbol id="sm-4ee">
         <name>__TI_decompress_none</name>
         <value>0x2ea5</value>
         <object_component_ref idref="oc-18"/>
      </symbol>
      <symbol id="sm-511">
         <name>__TI_decompress_lzss</name>
         <value>0x2b5d</value>
         <object_component_ref idref="oc-12"/>
      </symbol>
      <symbol id="sm-524">
         <name>__stack</name>
         <value>0x20002460</value>
         <object_component_ref idref="oc-21"/>
      </symbol>
      <symbol id="sm-525">
         <name>_c_int00_noargs</name>
         <value>0x2e09</value>
         <object_component_ref idref="oc-61"/>
      </symbol>
      <symbol id="sm-54d">
         <name>__TI_auto_init_nobinit_nopinit</name>
         <value>0x2d11</value>
         <object_component_ref idref="oc-144"/>
      </symbol>
      <symbol id="sm-557">
         <name>_system_pre_init</name>
         <value>0x2f0f</value>
         <object_component_ref idref="oc-b9"/>
      </symbol>
      <symbol id="sm-563">
         <name>C$$EXIT</name>
         <value>0x2f13</value>
         <object_component_ref idref="oc-138"/>
      </symbol>
      <symbol id="sm-564">
         <name>abort</name>
         <value>0x2f13</value>
         <object_component_ref idref="oc-138"/>
      </symbol>
      <symbol id="sm-5a9">
         <name>GPIOPinConfigure</name>
         <value>0x2c81</value>
         <object_component_ref idref="oc-23e"/>
      </symbol>
      <symbol id="sm-5aa">
         <name>GPIOPinTypeGPIOOutput</name>
         <value>0x2e69</value>
         <object_component_ref idref="oc-262"/>
      </symbol>
      <symbol id="sm-5ab">
         <name>GPIODirModeSet</name>
         <value>0x2e3d</value>
         <object_component_ref idref="oc-2d3"/>
      </symbol>
      <symbol id="sm-5ac">
         <name>GPIOPinWrite</name>
         <value>0x2efd</value>
         <object_component_ref idref="oc-25c"/>
      </symbol>
      <symbol id="sm-5ad">
         <name>GPIOPadConfigSet</name>
         <value>0x2505</value>
         <object_component_ref idref="oc-2d9"/>
      </symbol>
      <symbol id="sm-5ae">
         <name>GPIOPinTypeSSI</name>
         <value>0x2e81</value>
         <object_component_ref idref="oc-238"/>
      </symbol>
      <symbol id="sm-5e7">
         <name>SSIDataPut</name>
         <value>0x2ed7</value>
         <object_component_ref idref="oc-26e"/>
      </symbol>
      <symbol id="sm-5e8">
         <name>SSIDataGet</name>
         <value>0x2eb3</value>
         <object_component_ref idref="oc-274"/>
      </symbol>
      <symbol id="sm-5e9">
         <name>SSIConfigSetExpClk</name>
         <value>0x2d99</value>
         <object_component_ref idref="oc-250"/>
      </symbol>
      <symbol id="sm-5ea">
         <name>SSIEnable</name>
         <value>0x2ee1</value>
         <object_component_ref idref="oc-256"/>
      </symbol>
      <symbol id="sm-5eb">
         <name>SSIClockSourceSet</name>
         <value>0x2f03</value>
         <object_component_ref idref="oc-244"/>
      </symbol>
      <symbol id="sm-5ec">
         <name>SSIBusy</name>
         <value>0x2ef5</value>
         <object_component_ref idref="oc-268"/>
      </symbol>
      <symbol id="sm-63f">
         <name>SysCtlClockSet</name>
         <value>0x2879</value>
         <object_component_ref idref="oc-12b"/>
      </symbol>
      <symbol id="sm-640">
         <name>SysCtlDelay</name>
         <value>0x2f09</value>
         <object_component_ref idref="oc-1bc"/>
      </symbol>
      <symbol id="sm-641">
         <name>SysCtlPeripheralEnable</name>
         <value>0x2dd5</value>
         <object_component_ref idref="oc-1c5"/>
      </symbol>
      <symbol id="sm-642">
         <name>SysCtlClockGet</name>
         <value>0x2761</value>
         <object_component_ref idref="oc-24a"/>
      </symbol>
      <symbol id="sm-666">
         <name>TimerEnable</name>
         <value>0x2e97</value>
         <object_component_ref idref="oc-2c6"/>
      </symbol>
      <symbol id="sm-667">
         <name>TimerValueGet</name>
         <value>0x2eeb</value>
         <object_component_ref idref="oc-2cc"/>
      </symbol>
      <symbol id="sm-668">
         <name>TimerConfigure</name>
         <value>0x2bc5</value>
         <object_component_ref idref="oc-2c0"/>
      </symbol>
      <symbol id="sm-66a">
         <name>__TI_static_base__</name>
         <value>0x0</value>
      </symbol>
      <symbol id="sm-66d">
         <name>__mpu_init</name>
         <value>0x0</value>
      </symbol>
      <symbol id="sm-66e">
         <name>_system_post_cinit</name>
         <value>0x0</value>
      </symbol>
   </symbol_table>
   <title>Link successful</title>
</link_info>
