******************************************************************************
                  TI ARM Linker PC v18.12.4                    
******************************************************************************
>> Linked Tue Jul 28 10:28:22 2020

OUTPUT FILE NAME:   <heli_project.out>
ENTRY POINT SYMBOL: "_c_int00_noargs"  address: 00002e09


MEMORY CONFIGURATION

         name            origin    length      used     unused   attr    fill
----------------------  --------  ---------  --------  --------  ----  --------
  FLASH                 00000000   00040000  0000338e  0003cc72  R  X
  SRAM                  20000000   00008000  000028c5  0000573b  RW X


SEGMENT ALLOCATION MAP

run origin  load origin   length   init length attrs members
----------  ----------- ---------- ----------- ----- -------
00000000    00000000    00003390   00003390    r-x
  00000000    00000000    0000026c   0000026c    r-- .intvecs
  0000026c    0000026c    00002caa   00002caa    r-x .text
  00002f18    00002f18    00000440   00000440    r-- .const
  00003358    00003358    00000038   00000038    r-- .cinit
20000000    20000000    000028c8   00000000    rw-
  20000000    20000000    0000245d   00000000    rw- .bss
  20002460    20002460    00000428   00000000    rw- .stack
  20002888    20002888    00000040   00000000    rw- .data


SECTION ALLOCATION MAP

 output                                  attributes/
section   page    origin      length       input sections
--------  ----  ----------  ----------   ----------------
.intvecs   0    00000000    0000026c     
                  00000000    0000026c     tm4c123gh6pm_startup_ccs.obj (.intvecs)

.text      0    0000026c    00002caa     
                  0000026c    000010d4     tasks.obj (.text)
                  00001340    00000950     OrbitOledGrph.obj (.text)
                  00001c90    0000037c     OrbitOled.obj (.text)
                  0000200c    00000204     OrbitOledChar.obj (.text)
                  00002210    000001b8     heap_2.obj (.text)
                  000023c8    0000013c     port.obj (.text)
                  00002504    00000132     driverlib.lib : gpio.obj (.text:GPIOPadConfigSet)
                  00002636    0000012a     list.obj (.text)
                  00002760    00000118     driverlib.lib : sysctl.obj (.text:SysCtlClockGet)
                  00002878    000000f4                   : sysctl.obj (.text:SysCtlClockSet)
                  0000296c    000000da     portasm.obj (.text)
                  00002a46    0000009c     rtsv7M4_T_le_v4SPD16_eabi.lib : memcpy_t2.asm.obj (.text)
                  00002ae2    0000007a                                   : memset_t2.asm.obj (.text)
                  00002b5c    00000068                                   : copy_decompress_lzss.c.obj (.text:decompress:lzss:__TI_decompress_lzss)
                  00002bc4    00000060     driverlib.lib : timer.obj (.text:TimerConfigure)
                  00002c24    0000005c     delay.obj (.text)
                  00002c80    0000004c     driverlib.lib : gpio.obj (.text:GPIOPinConfigure)
                  00002ccc    00000044     OrbitOLEDInterface.obj (.text)
                  00002d10    00000044     rtsv7M4_T_le_v4SPD16_eabi.lib : autoinit.c.obj (.text:__TI_auto_init_nobinit_nopinit:__TI_auto_init_nobinit_nopinit)
                  00002d54    00000044     main.obj (.text)
                  00002d98    0000003c     driverlib.lib : ssi.obj (.text:SSIConfigSetExpClk)
                  00002dd4    00000034                   : sysctl.obj (.text:SysCtlPeripheralEnable)
                  00002e08    00000034     rtsv7M4_T_le_v4SPD16_eabi.lib : boot_cortex_m.c.obj (.text:_c_int00_noargs:_c_int00_noargs)
                  00002e3c    0000002c     driverlib.lib : gpio.obj (.text:GPIODirModeSet)
                  00002e68    00000018                   : gpio.obj (.text:GPIOPinTypeGPIOOutput)
                  00002e80    00000016                   : gpio.obj (.text:GPIOPinTypeSSI)
                  00002e96    0000000e                   : timer.obj (.text:TimerEnable)
                  00002ea4    0000000e     rtsv7M4_T_le_v4SPD16_eabi.lib : copy_decompress_none.c.obj (.text:decompress:none:__TI_decompress_none)
                  00002eb2    0000000c     driverlib.lib : ssi.obj (.text:SSIDataGet)
                  00002ebe    0000000c     rtsv7M4_T_le_v4SPD16_eabi.lib : copy_zero_init.c.obj (.text:decompress:ZI:__TI_zero_init)
                  00002eca    0000000c     tm4c123gh6pm_startup_ccs.obj (.text)
                  00002ed6    0000000a     driverlib.lib : ssi.obj (.text:SSIDataPut)
                  00002ee0    0000000a                   : ssi.obj (.text:SSIEnable)
                  00002eea    0000000a                   : timer.obj (.text:TimerValueGet)
                  00002ef4    00000008                   : ssi.obj (.text:SSIBusy)
                  00002efc    00000006                   : gpio.obj (.text:GPIOPinWrite)
                  00002f02    00000006                   : ssi.obj (.text:SSIClockSourceSet)
                  00002f08    00000006                   : sysctl.obj (.text:SysCtlDelay)
                  00002f0e    00000004     rtsv7M4_T_le_v4SPD16_eabi.lib : pre_init.c.obj (.text:_system_pre_init)
                  00002f12    00000004                                   : exit.c.obj (.text:abort:abort)

.const     0    00002f18    00000440     
                  00002f18    00000300     ChrFont0.obj (.const:.string:rgbOledFont0)
                  00003218    00000090     driverlib.lib : gpio.obj (.const:g_pui32GPIOBaseAddrs)
                  000032a8    0000006c                   : sysctl.obj (.const:g_pui32Xtals)
                  00003314    00000040     FillPat.obj (.const:.string:rgbFillPat)
                  00003354    00000004     port.obj (.const)

.cinit     0    00003358    00000038     
                  00003358    0000000f     (.cinit..data.load) [load image, compression = lzss]
                  00003367    00000001     --HOLE-- [fill = 0]
                  00003368    0000000c     (__TI_handler_table)
                  00003374    00000004     --HOLE-- [fill = 0]
                  00003378    00000008     (.cinit..bss.load) [load image, compression = zero_init]
                  00003380    00000010     (__TI_cinit_table)

.init_array 
*          0    00000000    00000000     UNINITIALIZED

.bss       0    20000000    0000245d     UNINITIALIZED
                  20000000    00002000     heap_2.obj (.bss:ucHeap)
                  20002000    00000200     (.common:rgbOledBmp)
                  20002200    00000100     (.common:rgbOledFontUser)
                  20002300    000000a0     tasks.obj (.bss:pxReadyTasksLists)
                  200023a0    00000014     tasks.obj (.bss:xDelayedTaskList1)
                  200023b4    00000014     tasks.obj (.bss:xDelayedTaskList2)
                  200023c8    00000014     tasks.obj (.bss:xPendingReadyList)
                  200023dc    00000014     tasks.obj (.bss:xSuspendedTaskList)
                  200023f0    00000014     tasks.obj (.bss:xTasksWaitingTermination)
                  20002404    00000008     tasks.obj (.bss)
                  2000240c    00000008     heap_2.obj (.bss:xEnd)
                  20002414    00000008     heap_2.obj (.bss:xStart)
                  2000241c    00000004     (.common:bnOledCur)
                  20002420    00000004     (.common:dxcoOledFontCur)
                  20002424    00000004     (.common:dycoOledFontCur)
                  20002428    00000004     (.common:fOledCharUpdate)
                  2000242c    00000004     (.common:modOledCur)
                  20002430    00000004     (.common:pbOledCur)
                  20002434    00000004     (.common:pbOledFontCur)
                  20002438    00000004     (.common:pbOledFontUser)
                  2000243c    00000004     (.common:pbOledPatCur)
                  20002440    00000004     (.common:pfnDoRop)
                  20002444    00000004     (.common:xchOledCur)
                  20002448    00000004     (.common:xchOledMax)
                  2000244c    00000004     (.common:xcoOledCur)
                  20002450    00000004     (.common:ychOledCur)
                  20002454    00000004     (.common:ychOledMax)
                  20002458    00000004     (.common:ycoOledCur)
                  2000245c    00000001     (.common:clrOledCur)

.data      0    20002888    00000040     UNINITIALIZED
                  20002888    00000034     tasks.obj (.data)
                  200028bc    00000008     heap_2.obj (.data)
                  200028c4    00000004     port.obj (.data)

.stack     0    20002460    00000428     UNINITIALIZED
                  20002460    00000004     rtsv7M4_T_le_v4SPD16_eabi.lib : boot_cortex_m.c.obj (.stack)
                  20002464    00000424     --HOLE--

MODULE SUMMARY

       Module                         code    ro data   rw data
       ------                         ----    -------   -------
    .\
       tm4c123gh6pm_startup_ccs.obj   12      620       0      
       main.obj                       68      0         0      
    +--+------------------------------+-------+---------+---------+
       Total:                         80      620       0      
                                                               
    .\FreeRTOS\
       tasks.obj                      4308    0         320    
       list.obj                       298     0         0      
    +--+------------------------------+-------+---------+---------+
       Total:                         4606    0         320    
                                                               
    .\FreeRTOS\portable\CCS\ARM_CM4F\
       port.obj                       316     4         4      
       portasm.obj                    218     0         0      
    +--+------------------------------+-------+---------+---------+
       Total:                         534     4         4      
                                                               
    .\FreeRTOS\portable\MemMang\
       heap_2.obj                     440     0         8216   
    +--+------------------------------+-------+---------+---------+
       Total:                         440     0         8216   
                                                               
    .\OrbitOLED\
       OrbitOLEDInterface.obj         68      0         0      
    +--+------------------------------+-------+---------+---------+
       Total:                         68      0         0      
                                                               
    .\OrbitOLED\lib_OrbitOled\
       OrbitOledGrph.obj              2384    0         8      
       OrbitOled.obj                  892     0         553    
       OrbitOledChar.obj              516     0         272    
       ChrFont0.obj                   0       768       0      
       delay.obj                      92      0         0      
       FillPat.obj                    0       64        0      
    +--+------------------------------+-------+---------+---------+
       Total:                         3884    832       833    
                                                               
    C:/ti/TivaWare_C_Series-2.1.4.178/driverlib/ccs/Debug/driverlib.lib
       sysctl.obj                     582     108       0      
       gpio.obj                       478     144       0      
       timer.obj                      120     0         0      
       ssi.obj                        106     0         0      
    +--+------------------------------+-------+---------+---------+
       Total:                         1286    252       0      
                                                               
    C:\ti\ccs920\ccs\tools\compiler\ti-cgt-arm_18.12.4.LTS\lib\rtsv7M4_T_le_v4SPD16_eabi.lib
       memcpy_t2.asm.obj              156     0         0      
       memset_t2.asm.obj              122     0         0      
       copy_decompress_lzss.c.obj     104     0         0      
       autoinit.c.obj                 68      0         0      
       boot_cortex_m.c.obj            52      0         0      
       copy_decompress_none.c.obj     14      0         0      
       copy_zero_init.c.obj           12      0         0      
       exit.c.obj                     4       0         0      
       pre_init.c.obj                 4       0         0      
    +--+------------------------------+-------+---------+---------+
       Total:                         536     0         0      
                                                               
       Stack:                         0       0         1064   
       Linker Generated:              0       51        0      
    +--+------------------------------+-------+---------+---------+
       Grand Total:                   11434   1759      10437  


LINKER GENERATED COPY TABLES

__TI_cinit_table @ 00003380 records: 2, size/record: 8, table size: 16
	.data: load addr=00003358, load size=0000000f bytes, run addr=20002888, run size=00000040 bytes, compression=lzss
	.bss: load addr=00003378, load size=00000008 bytes, run addr=20000000, run size=0000245d bytes, compression=zero_init


LINKER GENERATED HANDLER TABLE

__TI_handler_table @ 00003368 records: 3, size/record: 4, table size: 12
	index: 0, handler: __TI_decompress_lzss
	index: 1, handler: __TI_decompress_none
	index: 2, handler: __TI_zero_init


GLOBAL SYMBOLS: SORTED ALPHABETICALLY BY Name 

address   name                             
-------   ----                             
00002f13  C$$EXIT                          
00002c25  DelayInit                        
00002c3f  DelayMs                          
00002e3d  GPIODirModeSet                   
00002505  GPIOPadConfigSet                 
00002c81  GPIOPinConfigure                 
00002e69  GPIOPinTypeGPIOOutput            
00002e81  GPIOPinTypeSSI                   
00002efd  GPIOPinWrite                     
00002cf3  OLEDInitialise                   
00002ccd  OLEDStringDraw                   
000021a5  OrbitOledAdvanceCursor           
00001c31  OrbitOledClampXco                
00001c51  OrbitOledClampYco                
00001e6d  OrbitOledClear                   
00001e79  OrbitOledClearBuffer             
00002075  OrbitOledDefUserChar             
00001de9  OrbitOledDevInit                 
00001a73  OrbitOledDrawChar                
0000212d  OrbitOledDrawGlyph               
00001437  OrbitOledDrawPixel               
0000157d  OrbitOledDrawRect                
00001ad3  OrbitOledDrawString              
00001d6f  OrbitOledDvrInit                 
00001601  OrbitOledFillRect                
00001745  OrbitOledGetBmp                  
000020dd  OrbitOledGetCharUpdate           
00002059  OrbitOledGetCursor               
00001431  OrbitOledGetDrawMode             
00001463  OrbitOledGetPixel                
00001387  OrbitOledGetPos                  
000013bb  OrbitOledGetStdPattern           
00001ca5  OrbitOledHostInit                
00001c91  OrbitOledInit                    
0000147d  OrbitOledLineTo                  
00001bc9  OrbitOledMoveDown                
00001bff  OrbitOledMoveLeft                
00001c17  OrbitOledMoveRight               
00001341  OrbitOledMoveTo                  
00001b91  OrbitOledMoveUp                  
000018a5  OrbitOledPutBmp                  
00001f03  OrbitOledPutBuffer               
000020e3  OrbitOledPutChar                 
00002101  OrbitOledPutString               
00001b3f  OrbitOledRopAnd                  
00001b1b  OrbitOledRopOr                   
00001af1  OrbitOledRopSet                  
00001b63  OrbitOledRopXor                  
000020c5  OrbitOledSetCharUpdate           
0000200d  OrbitOledSetCursor               
000013a3  OrbitOledSetDrawColor            
000013dd  OrbitOledSetDrawMode             
000013cd  OrbitOledSetFillPattern          
00001ea9  OrbitOledUpdate                  
00002ecb  ResetISR                         
00002ef5  SSIBusy                          
00002f03  SSIClockSourceSet                
00002d99  SSIConfigSetExpClk               
00002eb3  SSIDataGet                       
00002ed7  SSIDataPut                       
00002ee1  SSIEnable                        
00001f69  Ssi3PutByte                      
00002761  SysCtlClockGet                   
00002879  SysCtlClockSet                   
00002f09  SysCtlDelay                      
00002dd5  SysCtlPeripheralEnable           
00002bc5  TimerConfigure                   
00002e97  TimerEnable                      
00002eeb  TimerValueGet                    
20002888  __STACK_END                      
00000428  __STACK_SIZE                     
20002660  __STACK_TOP                      
00003380  __TI_CINIT_Base                  
00003390  __TI_CINIT_Limit                 
00003368  __TI_Handler_Table_Base          
00003374  __TI_Handler_Table_Limit         
00002d11  __TI_auto_init_nobinit_nopinit   
00002b5d  __TI_decompress_lzss             
00002ea5  __TI_decompress_none             
ffffffff  __TI_pprof_out_hndl              
ffffffff  __TI_prof_data_size              
ffffffff  __TI_prof_data_start             
00000000  __TI_static_base__               
00002ebf  __TI_zero_init                   
00002ae3  __aeabi_memclr                   
00002ae3  __aeabi_memclr4                  
00002ae3  __aeabi_memclr8                  
00002a47  __aeabi_memcpy                   
00002a47  __aeabi_memcpy4                  
00002a47  __aeabi_memcpy8                  
00002ae5  __aeabi_memset                   
00002ae5  __aeabi_memset4                  
00002ae5  __aeabi_memset8                  
ffffffff  __binit__                        
ffffffff  __c_args__                       
UNDEFED   __mpu_init                       
20002460  __stack                          
00002e09  _c_int00_noargs                  
UNDEFED   _system_post_cinit               
00002f0f  _system_pre_init                 
00002f13  abort                            
ffffffff  binit                            
2000241c  bnOledCur                        
2000245c  clrOledCur                       
20002420  dxcoOledFontCur                  
20002424  dycoOledFontCur                  
20002428  fOledCharUpdate                  
00000000  g_pfnVectors                     
00002d55  main                             
00002a47  memcpy                           
00002aeb  memset                           
2000242c  modOledCur                       
20002430  pbOledCur                        
20002434  pbOledFontCur                    
20002438  pbOledFontUser                   
2000243c  pbOledPatCur                     
000008f9  pcTaskGetName                    
20002440  pfnDoRop                         
00002211  pvPortMalloc                     
20002888  pxCurrentTCB                     
000023c9  pxPortInitialiseStack            
00003314  rgbFillPat                       
20002000  rgbOledBmp                       
00002f18  rgbOledFont0                     
20002200  rgbOledFontUser                  
00003354  ulMaxSyscallInterruptPriority    
0000297d  ulPortGetIPSR                    
00000e0d  ulTaskNotifyTake                 
0000123f  ulTaskNotifyValueClear           
00002719  uxListRemove                     
000008ed  uxTaskGetNumberOfTasks           
00000de1  uxTaskResetEventItemValue        
00002637  vListInitialise                  
00002667  vListInitialiseItem              
000026b3  vListInsert                      
00002677  vListInsertEnd                   
00002a39  vPortEnableVFP                   
00002469  vPortEndScheduler                
0000246b  vPortEnterCritical               
0000248b  vPortExitCritical                
00002309  vPortFree                        
0000236d  vPortInitialiseBlocks            
000029f5  vPortSVCHandler                  
000024c7  vPortSetupTimerInterrupt         
00002a15  vPortStartFirstTask              
00000501  vTaskDelay                       
00000453  vTaskDelete                      
000007b9  vTaskEndScheduler                
00000c2d  vTaskInternalSetTimeOutState     
00000cd5  vTaskMissedYield                 
00001159  vTaskNotifyGiveFromISR           
00000ad7  vTaskPlaceOnEventList            
00000afd  vTaskPlaceOnUnorderedEventList   
00000ba5  vTaskRemoveFromUnorderedEventList
00000651  vTaskResume                      
00000c07  vTaskSetTimeOutState             
0000076f  vTaskStartScheduler              
00000537  vTaskSuspend                     
000007d5  vTaskSuspendAll                  
00000a75  vTaskSwitchContext               
00002367  xPortGetFreeHeapSize             
00002995  xPortPendSVHandler               
00002433  xPortStartScheduler              
000024a1  xPortSysTickHandler              
00000915  xTaskCatchUpTicks                
00000c51  xTaskCheckForTimeOut             
0000026d  xTaskCreate                      
00000f61  xTaskGenericNotify               
0000104d  xTaskGenericNotifyFromISR        
000008c9  xTaskGetTickCount                
000008d9  xTaskGetTickCountFromISR         
00000955  xTaskIncrementTick               
00001205  xTaskNotifyStateClear            
00000e8d  xTaskNotifyWait                  
00000b27  xTaskRemoveFromEventList         
000007e5  xTaskResumeAll                   
000006e9  xTaskResumeFromISR               
20002444  xchOledCur                       
20002448  xchOledMax                       
2000244c  xcoOledCur                       
20002450  ychOledCur                       
20002454  ychOledMax                       
20002458  ycoOledCur                       


GLOBAL SYMBOLS: SORTED BY Symbol Address 

address   name                             
-------   ----                             
00000000  __TI_static_base__               
00000000  g_pfnVectors                     
0000026d  xTaskCreate                      
00000428  __STACK_SIZE                     
00000453  vTaskDelete                      
00000501  vTaskDelay                       
00000537  vTaskSuspend                     
00000651  vTaskResume                      
000006e9  xTaskResumeFromISR               
0000076f  vTaskStartScheduler              
000007b9  vTaskEndScheduler                
000007d5  vTaskSuspendAll                  
000007e5  xTaskResumeAll                   
000008c9  xTaskGetTickCount                
000008d9  xTaskGetTickCountFromISR         
000008ed  uxTaskGetNumberOfTasks           
000008f9  pcTaskGetName                    
00000915  xTaskCatchUpTicks                
00000955  xTaskIncrementTick               
00000a75  vTaskSwitchContext               
00000ad7  vTaskPlaceOnEventList            
00000afd  vTaskPlaceOnUnorderedEventList   
00000b27  xTaskRemoveFromEventList         
00000ba5  vTaskRemoveFromUnorderedEventList
00000c07  vTaskSetTimeOutState             
00000c2d  vTaskInternalSetTimeOutState     
00000c51  xTaskCheckForTimeOut             
00000cd5  vTaskMissedYield                 
00000de1  uxTaskResetEventItemValue        
00000e0d  ulTaskNotifyTake                 
00000e8d  xTaskNotifyWait                  
00000f61  xTaskGenericNotify               
0000104d  xTaskGenericNotifyFromISR        
00001159  vTaskNotifyGiveFromISR           
00001205  xTaskNotifyStateClear            
0000123f  ulTaskNotifyValueClear           
00001341  OrbitOledMoveTo                  
00001387  OrbitOledGetPos                  
000013a3  OrbitOledSetDrawColor            
000013bb  OrbitOledGetStdPattern           
000013cd  OrbitOledSetFillPattern          
000013dd  OrbitOledSetDrawMode             
00001431  OrbitOledGetDrawMode             
00001437  OrbitOledDrawPixel               
00001463  OrbitOledGetPixel                
0000147d  OrbitOledLineTo                  
0000157d  OrbitOledDrawRect                
00001601  OrbitOledFillRect                
00001745  OrbitOledGetBmp                  
000018a5  OrbitOledPutBmp                  
00001a73  OrbitOledDrawChar                
00001ad3  OrbitOledDrawString              
00001af1  OrbitOledRopSet                  
00001b1b  OrbitOledRopOr                   
00001b3f  OrbitOledRopAnd                  
00001b63  OrbitOledRopXor                  
00001b91  OrbitOledMoveUp                  
00001bc9  OrbitOledMoveDown                
00001bff  OrbitOledMoveLeft                
00001c17  OrbitOledMoveRight               
00001c31  OrbitOledClampXco                
00001c51  OrbitOledClampYco                
00001c91  OrbitOledInit                    
00001ca5  OrbitOledHostInit                
00001d6f  OrbitOledDvrInit                 
00001de9  OrbitOledDevInit                 
00001e6d  OrbitOledClear                   
00001e79  OrbitOledClearBuffer             
00001ea9  OrbitOledUpdate                  
00001f03  OrbitOledPutBuffer               
00001f69  Ssi3PutByte                      
0000200d  OrbitOledSetCursor               
00002059  OrbitOledGetCursor               
00002075  OrbitOledDefUserChar             
000020c5  OrbitOledSetCharUpdate           
000020dd  OrbitOledGetCharUpdate           
000020e3  OrbitOledPutChar                 
00002101  OrbitOledPutString               
0000212d  OrbitOledDrawGlyph               
000021a5  OrbitOledAdvanceCursor           
00002211  pvPortMalloc                     
00002309  vPortFree                        
00002367  xPortGetFreeHeapSize             
0000236d  vPortInitialiseBlocks            
000023c9  pxPortInitialiseStack            
00002433  xPortStartScheduler              
00002469  vPortEndScheduler                
0000246b  vPortEnterCritical               
0000248b  vPortExitCritical                
000024a1  xPortSysTickHandler              
000024c7  vPortSetupTimerInterrupt         
00002505  GPIOPadConfigSet                 
00002637  vListInitialise                  
00002667  vListInitialiseItem              
00002677  vListInsertEnd                   
000026b3  vListInsert                      
00002719  uxListRemove                     
00002761  SysCtlClockGet                   
00002879  SysCtlClockSet                   
0000297d  ulPortGetIPSR                    
00002995  xPortPendSVHandler               
000029f5  vPortSVCHandler                  
00002a15  vPortStartFirstTask              
00002a39  vPortEnableVFP                   
00002a47  __aeabi_memcpy                   
00002a47  __aeabi_memcpy4                  
00002a47  __aeabi_memcpy8                  
00002a47  memcpy                           
00002ae3  __aeabi_memclr                   
00002ae3  __aeabi_memclr4                  
00002ae3  __aeabi_memclr8                  
00002ae5  __aeabi_memset                   
00002ae5  __aeabi_memset4                  
00002ae5  __aeabi_memset8                  
00002aeb  memset                           
00002b5d  __TI_decompress_lzss             
00002bc5  TimerConfigure                   
00002c25  DelayInit                        
00002c3f  DelayMs                          
00002c81  GPIOPinConfigure                 
00002ccd  OLEDStringDraw                   
00002cf3  OLEDInitialise                   
00002d11  __TI_auto_init_nobinit_nopinit   
00002d55  main                             
00002d99  SSIConfigSetExpClk               
00002dd5  SysCtlPeripheralEnable           
00002e09  _c_int00_noargs                  
00002e3d  GPIODirModeSet                   
00002e69  GPIOPinTypeGPIOOutput            
00002e81  GPIOPinTypeSSI                   
00002e97  TimerEnable                      
00002ea5  __TI_decompress_none             
00002eb3  SSIDataGet                       
00002ebf  __TI_zero_init                   
00002ecb  ResetISR                         
00002ed7  SSIDataPut                       
00002ee1  SSIEnable                        
00002eeb  TimerValueGet                    
00002ef5  SSIBusy                          
00002efd  GPIOPinWrite                     
00002f03  SSIClockSourceSet                
00002f09  SysCtlDelay                      
00002f0f  _system_pre_init                 
00002f13  C$$EXIT                          
00002f13  abort                            
00002f18  rgbOledFont0                     
00003314  rgbFillPat                       
00003354  ulMaxSyscallInterruptPriority    
00003368  __TI_Handler_Table_Base          
00003374  __TI_Handler_Table_Limit         
00003380  __TI_CINIT_Base                  
00003390  __TI_CINIT_Limit                 
20002000  rgbOledBmp                       
20002200  rgbOledFontUser                  
2000241c  bnOledCur                        
20002420  dxcoOledFontCur                  
20002424  dycoOledFontCur                  
20002428  fOledCharUpdate                  
2000242c  modOledCur                       
20002430  pbOledCur                        
20002434  pbOledFontCur                    
20002438  pbOledFontUser                   
2000243c  pbOledPatCur                     
20002440  pfnDoRop                         
20002444  xchOledCur                       
20002448  xchOledMax                       
2000244c  xcoOledCur                       
20002450  ychOledCur                       
20002454  ychOledMax                       
20002458  ycoOledCur                       
2000245c  clrOledCur                       
20002460  __stack                          
20002660  __STACK_TOP                      
20002888  __STACK_END                      
20002888  pxCurrentTCB                     
ffffffff  __TI_pprof_out_hndl              
ffffffff  __TI_prof_data_size              
ffffffff  __TI_prof_data_start             
ffffffff  __binit__                        
ffffffff  __c_args__                       
ffffffff  binit                            
UNDEFED   __mpu_init                       
UNDEFED   _system_post_cinit               

[183 symbols]
