<?xml version="1.0" encoding="ISO-8859-1" ?>
<link_info>
   <banner>TI ARM Linker PC v18.12.4.LTS</banner>
   <copyright>Copyright (c) 1996-2018 Texas Instruments Incorporated</copyright>
   <link_time>0x5f1d1534</link_time>
   <link_errors>0x0</link_errors>
   <output_file>heli_project.out</output_file>
   <entry_point>
      <name>_c_int00_noargs</name>
      <address>0x1d49</address>
   </entry_point>
   <input_file_list>
      <input_file id="fl-2">
         <path>.\</path>
         <kind>object</kind>
         <file>main.obj</file>
         <name>main.obj</name>
      </input_file>
      <input_file id="fl-3">
         <path>.\</path>
         <kind>object</kind>
         <file>tm4c123gh6pm_startup_ccs.obj</file>
         <name>tm4c123gh6pm_startup_ccs.obj</name>
      </input_file>
      <input_file id="fl-4">
         <path>.\FreeRTOS\</path>
         <kind>object</kind>
         <file>croutine.obj</file>
         <name>croutine.obj</name>
      </input_file>
      <input_file id="fl-5">
         <path>.\FreeRTOS\</path>
         <kind>object</kind>
         <file>event_groups.obj</file>
         <name>event_groups.obj</name>
      </input_file>
      <input_file id="fl-6">
         <path>.\FreeRTOS\</path>
         <kind>object</kind>
         <file>list.obj</file>
         <name>list.obj</name>
      </input_file>
      <input_file id="fl-7">
         <path>.\FreeRTOS\</path>
         <kind>object</kind>
         <file>queue.obj</file>
         <name>queue.obj</name>
      </input_file>
      <input_file id="fl-8">
         <path>.\FreeRTOS\</path>
         <kind>object</kind>
         <file>stream_buffer.obj</file>
         <name>stream_buffer.obj</name>
      </input_file>
      <input_file id="fl-9">
         <path>.\FreeRTOS\</path>
         <kind>object</kind>
         <file>tasks.obj</file>
         <name>tasks.obj</name>
      </input_file>
      <input_file id="fl-a">
         <path>.\FreeRTOS\</path>
         <kind>object</kind>
         <file>timers.obj</file>
         <name>timers.obj</name>
      </input_file>
      <input_file id="fl-b">
         <path>.\FreeRTOS\portable\CCS\ARM_CM4F\</path>
         <kind>object</kind>
         <file>port.obj</file>
         <name>port.obj</name>
      </input_file>
      <input_file id="fl-c">
         <path>.\FreeRTOS\portable\CCS\ARM_CM4F\</path>
         <kind>object</kind>
         <file>portasm.obj</file>
         <name>portasm.obj</name>
      </input_file>
      <input_file id="fl-d">
         <path>.\FreeRTOS\portable\MemMang\</path>
         <kind>object</kind>
         <file>heap_2.obj</file>
         <name>heap_2.obj</name>
      </input_file>
      <input_file id="fl-12">
         <kind>object</kind>
         <file>&lt;internal&gt;</file>
         <name>&lt;internal&gt;</name>
      </input_file>
      <input_file id="fl-c8">
         <path>C:\ti\ccs920\ccs\tools\compiler\ti-cgt-arm_18.12.4.LTS\lib\</path>
         <kind>archive</kind>
         <file>rtsv7M4_T_le_v4SPD16_eabi.lib</file>
         <name>memcpy_t2.asm.obj</name>
      </input_file>
      <input_file id="fl-c9">
         <path>C:\ti\ccs920\ccs\tools\compiler\ti-cgt-arm_18.12.4.LTS\lib\</path>
         <kind>archive</kind>
         <file>rtsv7M4_T_le_v4SPD16_eabi.lib</file>
         <name>memset_t2.asm.obj</name>
      </input_file>
      <input_file id="fl-ca">
         <path>C:\ti\ccs920\ccs\tools\compiler\ti-cgt-arm_18.12.4.LTS\lib\</path>
         <kind>archive</kind>
         <file>rtsv7M4_T_le_v4SPD16_eabi.lib</file>
         <name>copy_zero_init.c.obj</name>
      </input_file>
      <input_file id="fl-cb">
         <path>C:\ti\ccs920\ccs\tools\compiler\ti-cgt-arm_18.12.4.LTS\lib\</path>
         <kind>archive</kind>
         <file>rtsv7M4_T_le_v4SPD16_eabi.lib</file>
         <name>copy_decompress_none.c.obj</name>
      </input_file>
      <input_file id="fl-cc">
         <path>C:\ti\ccs920\ccs\tools\compiler\ti-cgt-arm_18.12.4.LTS\lib\</path>
         <kind>archive</kind>
         <file>rtsv7M4_T_le_v4SPD16_eabi.lib</file>
         <name>copy_decompress_lzss.c.obj</name>
      </input_file>
      <input_file id="fl-cd">
         <path>C:\ti\ccs920\ccs\tools\compiler\ti-cgt-arm_18.12.4.LTS\lib\</path>
         <kind>archive</kind>
         <file>rtsv7M4_T_le_v4SPD16_eabi.lib</file>
         <name>boot_cortex_m.c.obj</name>
      </input_file>
      <input_file id="fl-ce">
         <path>C:\ti\ccs920\ccs\tools\compiler\ti-cgt-arm_18.12.4.LTS\lib\</path>
         <kind>archive</kind>
         <file>rtsv7M4_T_le_v4SPD16_eabi.lib</file>
         <name>autoinit.c.obj</name>
      </input_file>
      <input_file id="fl-cf">
         <path>C:\ti\ccs920\ccs\tools\compiler\ti-cgt-arm_18.12.4.LTS\lib\</path>
         <kind>archive</kind>
         <file>rtsv7M4_T_le_v4SPD16_eabi.lib</file>
         <name>pre_init.c.obj</name>
      </input_file>
      <input_file id="fl-d0">
         <path>C:\ti\ccs920\ccs\tools\compiler\ti-cgt-arm_18.12.4.LTS\lib\</path>
         <kind>archive</kind>
         <file>rtsv7M4_T_le_v4SPD16_eabi.lib</file>
         <name>cpy_tbl.c.obj</name>
      </input_file>
      <input_file id="fl-d1">
         <path>C:\ti\ccs920\ccs\tools\compiler\ti-cgt-arm_18.12.4.LTS\lib\</path>
         <kind>archive</kind>
         <file>rtsv7M4_T_le_v4SPD16_eabi.lib</file>
         <name>exit.c.obj</name>
      </input_file>
      <input_file id="fl-d2">
         <path>C:\ti\ccs920\ccs\tools\compiler\ti-cgt-arm_18.12.4.LTS\lib\</path>
         <kind>archive</kind>
         <file>rtsv7M4_T_le_v4SPD16_eabi.lib</file>
         <name>_lock.c.obj</name>
      </input_file>
      <input_file id="fl-d3">
         <path>C:\ti\ccs920\ccs\tools\compiler\ti-cgt-arm_18.12.4.LTS\lib\</path>
         <kind>archive</kind>
         <file>rtsv7M4_T_le_v4SPD16_eabi.lib</file>
         <name>args_main.c.obj</name>
      </input_file>
      <input_file id="fl-d4">
         <path>C:\ti\TivaWare_C_Series-2.1.4.178\driverlib\ccs\Debug\</path>
         <kind>archive</kind>
         <file>driverlib.lib</file>
         <name>gpio.obj</name>
      </input_file>
      <input_file id="fl-d5">
         <path>C:\ti\TivaWare_C_Series-2.1.4.178\driverlib\ccs\Debug\</path>
         <kind>archive</kind>
         <file>driverlib.lib</file>
         <name>interrupt.obj</name>
      </input_file>
      <input_file id="fl-d6">
         <path>C:\ti\TivaWare_C_Series-2.1.4.178\driverlib\ccs\Debug\</path>
         <kind>archive</kind>
         <file>driverlib.lib</file>
         <name>sysctl.obj</name>
      </input_file>
      <input_file id="fl-d7">
         <path>C:\ti\TivaWare_C_Series-2.1.4.178\driverlib\ccs\Debug\</path>
         <kind>archive</kind>
         <file>driverlib.lib</file>
         <name>cpu.obj</name>
      </input_file>
   </input_file_list>
   <object_component_list>
      <object_component id="oc-f">
         <name>.intvecs</name>
         <load_address>0x0</load_address>
         <run_address>0x0</run_address>
         <size>0x26c</size>
         <input_file_ref idref="fl-3"/>
      </object_component>
      <object_component id="oc-7c">
         <name>.text</name>
         <load_address>0x26c</load_address>
         <run_address>0x26c</run_address>
         <size>0x10d4</size>
         <input_file_ref idref="fl-9"/>
      </object_component>
      <object_component id="oc-db">
         <name>.text</name>
         <load_address>0x1340</load_address>
         <run_address>0x1340</run_address>
         <size>0x1b8</size>
         <input_file_ref idref="fl-d"/>
      </object_component>
      <object_component id="oc-2f">
         <name>.text</name>
         <load_address>0x14f8</load_address>
         <run_address>0x14f8</run_address>
         <size>0x13c</size>
         <input_file_ref idref="fl-b"/>
      </object_component>
      <object_component id="oc-14e">
         <name>.text:GPIOPadConfigSet</name>
         <load_address>0x1634</load_address>
         <run_address>0x1634</run_address>
         <size>0x132</size>
         <input_file_ref idref="fl-d4"/>
      </object_component>
      <object_component id="oc-e1">
         <name>.text</name>
         <load_address>0x1766</load_address>
         <run_address>0x1766</run_address>
         <size>0x12a</size>
         <input_file_ref idref="fl-6"/>
      </object_component>
      <object_component id="oc-136">
         <name>.text:SysCtlClockSet</name>
         <load_address>0x1890</load_address>
         <run_address>0x1890</run_address>
         <size>0xf4</size>
         <input_file_ref idref="fl-d6"/>
      </object_component>
      <object_component id="oc-2a">
         <name>.text</name>
         <load_address>0x1984</load_address>
         <run_address>0x1984</run_address>
         <size>0xda</size>
         <input_file_ref idref="fl-c"/>
      </object_component>
      <object_component id="oc-bf">
         <name>.text</name>
         <load_address>0x1a60</load_address>
         <run_address>0x1a60</run_address>
         <size>0xb8</size>
         <input_file_ref idref="fl-2"/>
      </object_component>
      <object_component id="oc-43">
         <name>.text</name>
         <load_address>0x1b18</load_address>
         <run_address>0x1b18</run_address>
         <size>0x9c</size>
         <input_file_ref idref="fl-c8"/>
      </object_component>
      <object_component id="oc-b3">
         <name>.text</name>
         <load_address>0x1bb4</load_address>
         <run_address>0x1bb4</run_address>
         <size>0x7a</size>
         <input_file_ref idref="fl-c9"/>
      </object_component>
      <object_component id="oc-12">
         <name>.text:decompress:lzss:__TI_decompress_lzss</name>
         <load_address>0x1c2e</load_address>
         <run_address>0x1c2e</run_address>
         <size>0x68</size>
         <input_file_ref idref="fl-cc"/>
      </object_component>
      <object_component id="oc-162">
         <name>.text:__TI_auto_init_nobinit_nopinit:__TI_auto_init_nobinit_nopinit</name>
         <load_address>0x1c98</load_address>
         <run_address>0x1c98</run_address>
         <size>0x44</size>
         <input_file_ref idref="fl-ce"/>
      </object_component>
      <object_component id="oc-142">
         <name>.text:SysCtlPeripheralReady</name>
         <load_address>0x1cdc</load_address>
         <run_address>0x1cdc</run_address>
         <size>0x38</size>
         <input_file_ref idref="fl-d6"/>
      </object_component>
      <object_component id="oc-13c">
         <name>.text:SysCtlPeripheralEnable</name>
         <load_address>0x1d14</load_address>
         <run_address>0x1d14</run_address>
         <size>0x34</size>
         <input_file_ref idref="fl-d6"/>
      </object_component>
      <object_component id="oc-61">
         <name>.text:_c_int00_noargs:_c_int00_noargs</name>
         <load_address>0x1d48</load_address>
         <run_address>0x1d48</run_address>
         <size>0x34</size>
         <input_file_ref idref="fl-cd"/>
      </object_component>
      <object_component id="oc-1d1">
         <name>.text:GPIODirModeSet</name>
         <load_address>0x1d7c</load_address>
         <run_address>0x1d7c</run_address>
         <size>0x2c</size>
         <input_file_ref idref="fl-d4"/>
      </object_component>
      <object_component id="oc-148">
         <name>.text:GPIOPinTypeGPIOOutput</name>
         <load_address>0x1da8</load_address>
         <run_address>0x1da8</run_address>
         <size>0x18</size>
         <input_file_ref idref="fl-d4"/>
      </object_component>
      <object_component id="oc-18">
         <name>.text:decompress:none:__TI_decompress_none</name>
         <load_address>0x1dc0</load_address>
         <run_address>0x1dc0</run_address>
         <size>0xe</size>
         <input_file_ref idref="fl-cb"/>
      </object_component>
      <object_component id="oc-55">
         <name>.text:decompress:ZI:__TI_zero_init</name>
         <load_address>0x1dce</load_address>
         <run_address>0x1dce</run_address>
         <size>0xc</size>
         <input_file_ref idref="fl-ca"/>
      </object_component>
      <object_component id="oc-24">
         <name>.text</name>
         <load_address>0x1dda</load_address>
         <run_address>0x1dda</run_address>
         <size>0xc</size>
         <input_file_ref idref="fl-3"/>
      </object_component>
      <object_component id="oc-130">
         <name>.text:GPIOPinWrite</name>
         <load_address>0x1de6</load_address>
         <run_address>0x1de6</run_address>
         <size>0x6</size>
         <input_file_ref idref="fl-d4"/>
      </object_component>
      <object_component id="oc-1cc">
         <name>.text:SysCtlDelay</name>
         <load_address>0x1dec</load_address>
         <run_address>0x1dec</run_address>
         <size>0x6</size>
         <input_file_ref idref="fl-d6"/>
      </object_component>
      <object_component id="oc-b9">
         <name>.text:_system_pre_init</name>
         <load_address>0x1df2</load_address>
         <run_address>0x1df2</run_address>
         <size>0x4</size>
         <input_file_ref idref="fl-cf"/>
      </object_component>
      <object_component id="oc-156">
         <name>.text:abort:abort</name>
         <load_address>0x1df6</load_address>
         <run_address>0x1df6</run_address>
         <size>0x4</size>
         <input_file_ref idref="fl-d1"/>
      </object_component>
      <object_component id="oc-79">
         <name>.const</name>
         <load_address>0x1dfc</load_address>
         <run_address>0x1dfc</run_address>
         <size>0x4</size>
         <input_file_ref idref="fl-b"/>
      </object_component>
      <object_component id="oc-27e">
         <name>.cinit..data.load</name>
         <load_address>0x1e00</load_address>
         <run_address>0x1e00</run_address>
         <size>0x11</size>
      </object_component>
      <object_component id="oc-27c">
         <name>__TI_handler_table</name>
         <load_address>0x1e14</load_address>
         <run_address>0x1e14</run_address>
         <size>0xc</size>
      </object_component>
      <object_component id="oc-27f">
         <name>.cinit..bss.load</name>
         <load_address>0x1e20</load_address>
         <run_address>0x1e20</run_address>
         <size>0x8</size>
      </object_component>
      <object_component id="oc-27d">
         <name>__TI_cinit_table</name>
         <load_address>0x1e28</load_address>
         <run_address>0x1e28</run_address>
         <size>0x10</size>
      </object_component>
      <object_component id="oc-154">
         <name>.data</name>
         <load_address>0x20002588</load_address>
         <run_address>0x20002588</run_address>
         <size>0x1</size>
         <input_file_ref idref="fl-2"/>
      </object_component>
      <object_component id="oc-76">
         <name>.data</name>
         <load_address>0x20002548</load_address>
         <run_address>0x20002548</run_address>
         <size>0x34</size>
         <input_file_ref idref="fl-9"/>
      </object_component>
      <object_component id="oc-83">
         <name>.data</name>
         <load_address>0x20002584</load_address>
         <run_address>0x20002584</run_address>
         <size>0x4</size>
         <input_file_ref idref="fl-b"/>
      </object_component>
      <object_component id="oc-1aa">
         <name>.data</name>
         <load_address>0x2000257c</load_address>
         <run_address>0x2000257c</run_address>
         <size>0x8</size>
         <input_file_ref idref="fl-d"/>
      </object_component>
      <object_component id="oc-e7">
         <name>.bss:pxReadyTasksLists</name>
         <uninitialized>true</uninitialized>
         <run_address>0x20002000</run_address>
         <size>0xa0</size>
         <input_file_ref idref="fl-9"/>
      </object_component>
      <object_component id="oc-f6">
         <name>.bss:xDelayedTaskList1</name>
         <uninitialized>true</uninitialized>
         <run_address>0x200020a0</run_address>
         <size>0x14</size>
         <input_file_ref idref="fl-9"/>
      </object_component>
      <object_component id="oc-f9">
         <name>.bss:xDelayedTaskList2</name>
         <uninitialized>true</uninitialized>
         <run_address>0x200020b4</run_address>
         <size>0x14</size>
         <input_file_ref idref="fl-9"/>
      </object_component>
      <object_component id="oc-f3">
         <name>.bss</name>
         <uninitialized>true</uninitialized>
         <run_address>0x20002104</run_address>
         <size>0x8</size>
         <input_file_ref idref="fl-9"/>
      </object_component>
      <object_component id="oc-f0">
         <name>.bss:xPendingReadyList</name>
         <uninitialized>true</uninitialized>
         <run_address>0x200020c8</run_address>
         <size>0x14</size>
         <input_file_ref idref="fl-9"/>
      </object_component>
      <object_component id="oc-ea">
         <name>.bss:xTasksWaitingTermination</name>
         <uninitialized>true</uninitialized>
         <run_address>0x200020f0</run_address>
         <size>0x14</size>
         <input_file_ref idref="fl-9"/>
      </object_component>
      <object_component id="oc-ed">
         <name>.bss:xSuspendedTaskList</name>
         <uninitialized>true</uninitialized>
         <run_address>0x200020dc</run_address>
         <size>0x14</size>
         <input_file_ref idref="fl-9"/>
      </object_component>
      <object_component id="oc-1b3">
         <name>.bss:ucHeap</name>
         <uninitialized>true</uninitialized>
         <run_address>0x20000000</run_address>
         <size>0x2000</size>
         <input_file_ref idref="fl-d"/>
      </object_component>
      <object_component id="oc-1ad">
         <name>.bss:xStart</name>
         <uninitialized>true</uninitialized>
         <run_address>0x20002114</run_address>
         <size>0x8</size>
         <input_file_ref idref="fl-d"/>
      </object_component>
      <object_component id="oc-1b0">
         <name>.bss:xEnd</name>
         <uninitialized>true</uninitialized>
         <run_address>0x2000210c</run_address>
         <size>0x8</size>
         <input_file_ref idref="fl-d"/>
      </object_component>
      <object_component id="oc-21">
         <name>.stack</name>
         <uninitialized>true</uninitialized>
         <run_address>0x20002120</run_address>
         <size>0x4</size>
         <input_file_ref idref="fl-cd"/>
      </object_component>
      <object_component id="oc-280">
         <name>.stack</name>
         <uninitialized>true</uninitialized>
         <run_address>0x20002120</run_address>
         <size>0x0</size>
      </object_component>
      <object_component id="oc-115">
         <name>.debug_info</name>
         <load_address>0x0</load_address>
         <run_address>0x0</run_address>
         <size>0x562</size>
         <input_file_ref idref="fl-2"/>
      </object_component>
      <object_component id="oc-c1">
         <name>.debug_info</name>
         <load_address>0x562</load_address>
         <run_address>0x562</run_address>
         <size>0x2b9</size>
         <input_file_ref idref="fl-2"/>
      </object_component>
      <object_component id="oc-106">
         <name>.debug_info</name>
         <load_address>0x81b</load_address>
         <run_address>0x81b</run_address>
         <size>0x315</size>
         <input_file_ref idref="fl-2"/>
      </object_component>
      <object_component id="oc-94">
         <name>.debug_info</name>
         <load_address>0xb30</load_address>
         <run_address>0xb30</run_address>
         <size>0x26b</size>
         <input_file_ref idref="fl-2"/>
      </object_component>
      <object_component id="oc-110">
         <name>.debug_info</name>
         <load_address>0xd9b</load_address>
         <run_address>0xd9b</run_address>
         <size>0x3ce</size>
         <input_file_ref idref="fl-2"/>
      </object_component>
      <object_component id="oc-116">
         <name>.debug_info</name>
         <load_address>0x1169</load_address>
         <run_address>0x1169</run_address>
         <size>0x8b</size>
         <input_file_ref idref="fl-2"/>
      </object_component>
      <object_component id="oc-88">
         <name>.debug_info</name>
         <load_address>0x11f4</load_address>
         <run_address>0x11f4</run_address>
         <size>0x2c</size>
         <input_file_ref idref="fl-2"/>
      </object_component>
      <object_component id="oc-11b">
         <name>.debug_info</name>
         <load_address>0x1220</load_address>
         <run_address>0x1220</run_address>
         <size>0x297</size>
         <input_file_ref idref="fl-2"/>
      </object_component>
      <object_component id="oc-213">
         <name>.debug_info</name>
         <load_address>0x14b7</load_address>
         <run_address>0x14b7</run_address>
         <size>0xef</size>
         <input_file_ref idref="fl-2"/>
      </object_component>
      <object_component id="oc-99">
         <name>.debug_info</name>
         <load_address>0x15a6</load_address>
         <run_address>0x15a6</run_address>
         <size>0xbb</size>
         <input_file_ref idref="fl-2"/>
      </object_component>
      <object_component id="oc-101">
         <name>.debug_info</name>
         <load_address>0x1661</load_address>
         <run_address>0x1661</run_address>
         <size>0x53</size>
         <input_file_ref idref="fl-2"/>
      </object_component>
      <object_component id="oc-8d">
         <name>.debug_info</name>
         <load_address>0x16b4</load_address>
         <run_address>0x16b4</run_address>
         <size>0x53</size>
         <input_file_ref idref="fl-2"/>
      </object_component>
      <object_component id="oc-10b">
         <name>.debug_info</name>
         <load_address>0x1707</load_address>
         <run_address>0x1707</run_address>
         <size>0x14c</size>
         <input_file_ref idref="fl-2"/>
      </object_component>
      <object_component id="oc-37">
         <name>.debug_info</name>
         <load_address>0x1853</load_address>
         <run_address>0x1853</run_address>
         <size>0x327</size>
         <input_file_ref idref="fl-3"/>
      </object_component>
      <object_component id="oc-10">
         <name>.debug_info</name>
         <load_address>0x1b7a</load_address>
         <run_address>0x1b7a</run_address>
         <size>0xe6</size>
         <input_file_ref idref="fl-3"/>
      </object_component>
      <object_component id="oc-27">
         <name>.debug_info</name>
         <load_address>0x1c60</load_address>
         <run_address>0x1c60</run_address>
         <size>0x262</size>
         <input_file_ref idref="fl-3"/>
      </object_component>
      <object_component id="oc-3e">
         <name>.debug_info</name>
         <load_address>0x1ec2</load_address>
         <run_address>0x1ec2</run_address>
         <size>0x84</size>
         <input_file_ref idref="fl-3"/>
      </object_component>
      <object_component id="oc-1f9">
         <name>.debug_info</name>
         <load_address>0x1f46</load_address>
         <run_address>0x1f46</run_address>
         <size>0x61c</size>
         <input_file_ref idref="fl-5"/>
      </object_component>
      <object_component id="oc-19b">
         <name>.debug_info</name>
         <load_address>0x2562</load_address>
         <run_address>0x2562</run_address>
         <size>0x110</size>
         <input_file_ref idref="fl-5"/>
      </object_component>
      <object_component id="oc-1a5">
         <name>.debug_info</name>
         <load_address>0x2672</load_address>
         <run_address>0x2672</run_address>
         <size>0x3ce</size>
         <input_file_ref idref="fl-5"/>
      </object_component>
      <object_component id="oc-23c">
         <name>.debug_info</name>
         <load_address>0x2a40</load_address>
         <run_address>0x2a40</run_address>
         <size>0x62</size>
         <input_file_ref idref="fl-5"/>
      </object_component>
      <object_component id="oc-241">
         <name>.debug_info</name>
         <load_address>0x2aa2</load_address>
         <run_address>0x2aa2</run_address>
         <size>0x39</size>
         <input_file_ref idref="fl-5"/>
      </object_component>
      <object_component id="oc-196">
         <name>.debug_info</name>
         <load_address>0x2adb</load_address>
         <run_address>0x2adb</run_address>
         <size>0x4f</size>
         <input_file_ref idref="fl-5"/>
      </object_component>
      <object_component id="oc-1b9">
         <name>.debug_info</name>
         <load_address>0x2b2a</load_address>
         <run_address>0x2b2a</run_address>
         <size>0x34e</size>
         <input_file_ref idref="fl-6"/>
      </object_component>
      <object_component id="oc-e3">
         <name>.debug_info</name>
         <load_address>0x2e78</load_address>
         <run_address>0x2e78</run_address>
         <size>0x4a2</size>
         <input_file_ref idref="fl-6"/>
      </object_component>
      <object_component id="oc-127">
         <name>.debug_info</name>
         <load_address>0x331a</load_address>
         <run_address>0x331a</run_address>
         <size>0x2c</size>
         <input_file_ref idref="fl-8"/>
      </object_component>
      <object_component id="oc-d3">
         <name>.debug_info</name>
         <load_address>0x3346</load_address>
         <run_address>0x3346</run_address>
         <size>0x6d3</size>
         <input_file_ref idref="fl-9"/>
      </object_component>
      <object_component id="oc-77">
         <name>.debug_info</name>
         <load_address>0x3a19</load_address>
         <run_address>0x3a19</run_address>
         <size>0x33d</size>
         <input_file_ref idref="fl-9"/>
      </object_component>
      <object_component id="oc-e8">
         <name>.debug_info</name>
         <load_address>0x3d56</load_address>
         <run_address>0x3d56</run_address>
         <size>0xe6</size>
         <input_file_ref idref="fl-9"/>
      </object_component>
      <object_component id="oc-f7">
         <name>.debug_info</name>
         <load_address>0x3e3c</load_address>
         <run_address>0x3e3c</run_address>
         <size>0xe6</size>
         <input_file_ref idref="fl-9"/>
      </object_component>
      <object_component id="oc-fa">
         <name>.debug_info</name>
         <load_address>0x3f22</load_address>
         <run_address>0x3f22</run_address>
         <size>0xe6</size>
         <input_file_ref idref="fl-9"/>
      </object_component>
      <object_component id="oc-f4">
         <name>.debug_info</name>
         <load_address>0x4008</load_address>
         <run_address>0x4008</run_address>
         <size>0x129</size>
         <input_file_ref idref="fl-9"/>
      </object_component>
      <object_component id="oc-f1">
         <name>.debug_info</name>
         <load_address>0x4131</load_address>
         <run_address>0x4131</run_address>
         <size>0xe6</size>
         <input_file_ref idref="fl-9"/>
      </object_component>
      <object_component id="oc-eb">
         <name>.debug_info</name>
         <load_address>0x4217</load_address>
         <run_address>0x4217</run_address>
         <size>0xf4</size>
         <input_file_ref idref="fl-9"/>
      </object_component>
      <object_component id="oc-ee">
         <name>.debug_info</name>
         <load_address>0x430b</load_address>
         <run_address>0x430b</run_address>
         <size>0xe8</size>
         <input_file_ref idref="fl-9"/>
      </object_component>
      <object_component id="oc-7e">
         <name>.debug_info</name>
         <load_address>0x43f3</load_address>
         <run_address>0x43f3</run_address>
         <size>0x3442</size>
         <input_file_ref idref="fl-9"/>
      </object_component>
      <object_component id="oc-d4">
         <name>.debug_info</name>
         <load_address>0x7835</load_address>
         <run_address>0x7835</run_address>
         <size>0x30c</size>
         <input_file_ref idref="fl-9"/>
      </object_component>
      <object_component id="oc-1a0">
         <name>.debug_info</name>
         <load_address>0x7b41</load_address>
         <run_address>0x7b41</run_address>
         <size>0xf0</size>
         <input_file_ref idref="fl-9"/>
      </object_component>
      <object_component id="oc-87">
         <name>.debug_info</name>
         <load_address>0x7c31</load_address>
         <run_address>0x7c31</run_address>
         <size>0x3e9</size>
         <input_file_ref idref="fl-b"/>
      </object_component>
      <object_component id="oc-7a">
         <name>.debug_info</name>
         <load_address>0x801a</load_address>
         <run_address>0x801a</run_address>
         <size>0x113</size>
         <input_file_ref idref="fl-b"/>
      </object_component>
      <object_component id="oc-84">
         <name>.debug_info</name>
         <load_address>0x812d</load_address>
         <run_address>0x812d</run_address>
         <size>0xfa</size>
         <input_file_ref idref="fl-b"/>
      </object_component>
      <object_component id="oc-32">
         <name>.debug_info</name>
         <load_address>0x8227</load_address>
         <run_address>0x8227</run_address>
         <size>0x6aa</size>
         <input_file_ref idref="fl-b"/>
      </object_component>
      <object_component id="oc-2b">
         <name>.debug_info</name>
         <load_address>0x88d1</load_address>
         <run_address>0x88d1</run_address>
         <size>0x248</size>
         <input_file_ref idref="fl-c"/>
      </object_component>
      <object_component id="oc-1b7">
         <name>.debug_info</name>
         <load_address>0x8b19</load_address>
         <run_address>0x8b19</run_address>
         <size>0x3f8</size>
         <input_file_ref idref="fl-d"/>
      </object_component>
      <object_component id="oc-1b4">
         <name>.debug_info</name>
         <load_address>0x8f11</load_address>
         <run_address>0x8f11</run_address>
         <size>0xe1</size>
         <input_file_ref idref="fl-d"/>
      </object_component>
      <object_component id="oc-1ae">
         <name>.debug_info</name>
         <load_address>0x8ff2</load_address>
         <run_address>0x8ff2</run_address>
         <size>0xe1</size>
         <input_file_ref idref="fl-d"/>
      </object_component>
      <object_component id="oc-1b1">
         <name>.debug_info</name>
         <load_address>0x90d3</load_address>
         <run_address>0x90d3</run_address>
         <size>0xdd</size>
         <input_file_ref idref="fl-d"/>
      </object_component>
      <object_component id="oc-1ab">
         <name>.debug_info</name>
         <load_address>0x91b0</load_address>
         <run_address>0x91b0</run_address>
         <size>0xfb</size>
         <input_file_ref idref="fl-d"/>
      </object_component>
      <object_component id="oc-dc">
         <name>.debug_info</name>
         <load_address>0x92ab</load_address>
         <run_address>0x92ab</run_address>
         <size>0x65b</size>
         <input_file_ref idref="fl-d"/>
      </object_component>
      <object_component id="oc-1fe">
         <name>.debug_info</name>
         <load_address>0x9906</load_address>
         <run_address>0x9906</run_address>
         <size>0x62</size>
         <input_file_ref idref="fl-d"/>
      </object_component>
      <object_component id="oc-44">
         <name>.debug_info</name>
         <load_address>0x9968</load_address>
         <run_address>0x9968</run_address>
         <size>0x118</size>
         <input_file_ref idref="fl-c8"/>
      </object_component>
      <object_component id="oc-b5">
         <name>.debug_info</name>
         <load_address>0x9a80</load_address>
         <run_address>0x9a80</run_address>
         <size>0x146</size>
         <input_file_ref idref="fl-c9"/>
      </object_component>
      <object_component id="oc-b2">
         <name>.debug_info</name>
         <load_address>0x9bc6</load_address>
         <run_address>0x9bc6</run_address>
         <size>0x2d3</size>
         <input_file_ref idref="fl-ca"/>
      </object_component>
      <object_component id="oc-57">
         <name>.debug_info</name>
         <load_address>0x9e99</load_address>
         <run_address>0x9e99</run_address>
         <size>0x1b4</size>
         <input_file_ref idref="fl-ca"/>
      </object_component>
      <object_component id="oc-ad">
         <name>.debug_info</name>
         <load_address>0xa04d</load_address>
         <run_address>0xa04d</run_address>
         <size>0x46</size>
         <input_file_ref idref="fl-ca"/>
      </object_component>
      <object_component id="oc-4e">
         <name>.debug_info</name>
         <load_address>0xa093</load_address>
         <run_address>0xa093</run_address>
         <size>0x2a7</size>
         <input_file_ref idref="fl-cb"/>
      </object_component>
      <object_component id="oc-1c">
         <name>.debug_info</name>
         <load_address>0xa33a</load_address>
         <run_address>0xa33a</run_address>
         <size>0x1e9</size>
         <input_file_ref idref="fl-cb"/>
      </object_component>
      <object_component id="oc-49">
         <name>.debug_info</name>
         <load_address>0xa523</load_address>
         <run_address>0xa523</run_address>
         <size>0x46</size>
         <input_file_ref idref="fl-cb"/>
      </object_component>
      <object_component id="oc-a5">
         <name>.debug_info</name>
         <load_address>0xa569</load_address>
         <run_address>0xa569</run_address>
         <size>0x2c</size>
         <input_file_ref idref="fl-cb"/>
      </object_component>
      <object_component id="oc-a3">
         <name>.debug_info</name>
         <load_address>0xa595</load_address>
         <run_address>0xa595</run_address>
         <size>0x29d</size>
         <input_file_ref idref="fl-cc"/>
      </object_component>
      <object_component id="oc-14">
         <name>.debug_info</name>
         <load_address>0xa832</load_address>
         <run_address>0xa832</run_address>
         <size>0x24f</size>
         <input_file_ref idref="fl-cc"/>
      </object_component>
      <object_component id="oc-39">
         <name>.debug_info</name>
         <load_address>0xaa81</load_address>
         <run_address>0xaa81</run_address>
         <size>0x60</size>
         <input_file_ref idref="fl-cc"/>
      </object_component>
      <object_component id="oc-120">
         <name>.debug_info</name>
         <load_address>0xaae1</load_address>
         <run_address>0xaae1</run_address>
         <size>0x46</size>
         <input_file_ref idref="fl-cc"/>
      </object_component>
      <object_component id="oc-9e">
         <name>.debug_info</name>
         <load_address>0xab27</load_address>
         <run_address>0xab27</run_address>
         <size>0x39</size>
         <input_file_ref idref="fl-cc"/>
      </object_component>
      <object_component id="oc-22">
         <name>.debug_info</name>
         <load_address>0xab60</load_address>
         <run_address>0xab60</run_address>
         <size>0x10a</size>
         <input_file_ref idref="fl-cd"/>
      </object_component>
      <object_component id="oc-65">
         <name>.debug_info</name>
         <load_address>0xac6a</load_address>
         <run_address>0xac6a</run_address>
         <size>0x1a8</size>
         <input_file_ref idref="fl-cd"/>
      </object_component>
      <object_component id="oc-1e4">
         <name>.debug_info</name>
         <load_address>0xae12</load_address>
         <run_address>0xae12</run_address>
         <size>0x4b2</size>
         <input_file_ref idref="fl-ce"/>
      </object_component>
      <object_component id="oc-164">
         <name>.debug_info</name>
         <load_address>0xb2c4</load_address>
         <run_address>0xb2c4</run_address>
         <size>0x1a5</size>
         <input_file_ref idref="fl-ce"/>
      </object_component>
      <object_component id="oc-229">
         <name>.debug_info</name>
         <load_address>0xb469</load_address>
         <run_address>0xb469</run_address>
         <size>0x39</size>
         <input_file_ref idref="fl-ce"/>
      </object_component>
      <object_component id="oc-249">
         <name>.debug_info</name>
         <load_address>0xb4a2</load_address>
         <run_address>0xb4a2</run_address>
         <size>0x39</size>
         <input_file_ref idref="fl-ce"/>
      </object_component>
      <object_component id="oc-22e">
         <name>.debug_info</name>
         <load_address>0xb4db</load_address>
         <run_address>0xb4db</run_address>
         <size>0x39</size>
         <input_file_ref idref="fl-ce"/>
      </object_component>
      <object_component id="oc-233">
         <name>.debug_info</name>
         <load_address>0xb514</load_address>
         <run_address>0xb514</run_address>
         <size>0xcd</size>
         <input_file_ref idref="fl-ce"/>
      </object_component>
      <object_component id="oc-ba">
         <name>.debug_info</name>
         <load_address>0xb5e1</load_address>
         <run_address>0xb5e1</run_address>
         <size>0x152</size>
         <input_file_ref idref="fl-cf"/>
      </object_component>
      <object_component id="oc-157">
         <name>.debug_info</name>
         <load_address>0xb733</load_address>
         <run_address>0xb733</run_address>
         <size>0x121</size>
         <input_file_ref idref="fl-d1"/>
      </object_component>
      <object_component id="oc-1cb">
         <name>.debug_info</name>
         <load_address>0xb854</load_address>
         <run_address>0xb854</run_address>
         <size>0x396</size>
         <input_file_ref idref="fl-d4"/>
      </object_component>
      <object_component id="oc-131">
         <name>.debug_info</name>
         <load_address>0xbbea</load_address>
         <run_address>0xbbea</run_address>
         <size>0x210</size>
         <input_file_ref idref="fl-d4"/>
      </object_component>
      <object_component id="oc-1d2">
         <name>.debug_info</name>
         <load_address>0xbdfa</load_address>
         <run_address>0xbdfa</run_address>
         <size>0x220</size>
         <input_file_ref idref="fl-d4"/>
      </object_component>
      <object_component id="oc-14f">
         <name>.debug_info</name>
         <load_address>0xc01a</load_address>
         <run_address>0xc01a</run_address>
         <size>0x283</size>
         <input_file_ref idref="fl-d4"/>
      </object_component>
      <object_component id="oc-149">
         <name>.debug_info</name>
         <load_address>0xc29d</load_address>
         <run_address>0xc29d</run_address>
         <size>0x224</size>
         <input_file_ref idref="fl-d4"/>
      </object_component>
      <object_component id="oc-1ce">
         <name>.debug_info</name>
         <load_address>0xc4c1</load_address>
         <run_address>0xc4c1</run_address>
         <size>0x3f3</size>
         <input_file_ref idref="fl-d6"/>
      </object_component>
      <object_component id="oc-144">
         <name>.debug_info</name>
         <load_address>0xc8b4</load_address>
         <run_address>0xc8b4</run_address>
         <size>0x1ec</size>
         <input_file_ref idref="fl-d6"/>
      </object_component>
      <object_component id="oc-13e">
         <name>.debug_info</name>
         <load_address>0xcaa0</load_address>
         <run_address>0xcaa0</run_address>
         <size>0x1ea</size>
         <input_file_ref idref="fl-d6"/>
      </object_component>
      <object_component id="oc-137">
         <name>.debug_info</name>
         <load_address>0xcc8a</load_address>
         <run_address>0xcc8a</run_address>
         <size>0x248</size>
         <input_file_ref idref="fl-d6"/>
      </object_component>
      <object_component id="oc-20f">
         <name>.debug_info</name>
         <load_address>0xced2</load_address>
         <run_address>0xced2</run_address>
         <size>0x51</size>
         <input_file_ref idref="fl-d6"/>
      </object_component>
      <object_component id="oc-281">
         <name>.debug_info</name>
         <load_address>0xcf23</load_address>
         <run_address>0xcf23</run_address>
         <size>0x99</size>
      </object_component>
      <object_component id="oc-1c9">
         <name>.debug_line</name>
         <load_address>0x0</load_address>
         <run_address>0x0</run_address>
         <size>0xcd</size>
         <input_file_ref idref="fl-2"/>
      </object_component>
      <object_component id="oc-c4">
         <name>.debug_line</name>
         <load_address>0xcd</load_address>
         <run_address>0xcd</run_address>
         <size>0x7d</size>
         <input_file_ref idref="fl-2"/>
      </object_component>
      <object_component id="oc-109">
         <name>.debug_line</name>
         <load_address>0x14a</load_address>
         <run_address>0x14a</run_address>
         <size>0x5f</size>
         <input_file_ref idref="fl-2"/>
      </object_component>
      <object_component id="oc-97">
         <name>.debug_line</name>
         <load_address>0x1a9</load_address>
         <run_address>0x1a9</run_address>
         <size>0x6f</size>
         <input_file_ref idref="fl-2"/>
      </object_component>
      <object_component id="oc-113">
         <name>.debug_line</name>
         <load_address>0x218</load_address>
         <run_address>0x218</run_address>
         <size>0x63</size>
         <input_file_ref idref="fl-2"/>
      </object_component>
      <object_component id="oc-119">
         <name>.debug_line</name>
         <load_address>0x27b</load_address>
         <run_address>0x27b</run_address>
         <size>0x20</size>
         <input_file_ref idref="fl-2"/>
      </object_component>
      <object_component id="oc-8b">
         <name>.debug_line</name>
         <load_address>0x29b</load_address>
         <run_address>0x29b</run_address>
         <size>0x63</size>
         <input_file_ref idref="fl-2"/>
      </object_component>
      <object_component id="oc-11e">
         <name>.debug_line</name>
         <load_address>0x2fe</load_address>
         <run_address>0x2fe</run_address>
         <size>0x73</size>
         <input_file_ref idref="fl-2"/>
      </object_component>
      <object_component id="oc-216">
         <name>.debug_line</name>
         <load_address>0x371</load_address>
         <run_address>0x371</run_address>
         <size>0x6f</size>
         <input_file_ref idref="fl-2"/>
      </object_component>
      <object_component id="oc-9c">
         <name>.debug_line</name>
         <load_address>0x3e0</load_address>
         <run_address>0x3e0</run_address>
         <size>0x70</size>
         <input_file_ref idref="fl-2"/>
      </object_component>
      <object_component id="oc-104">
         <name>.debug_line</name>
         <load_address>0x450</load_address>
         <run_address>0x450</run_address>
         <size>0x6b</size>
         <input_file_ref idref="fl-2"/>
      </object_component>
      <object_component id="oc-90">
         <name>.debug_line</name>
         <load_address>0x4bb</load_address>
         <run_address>0x4bb</run_address>
         <size>0x72</size>
         <input_file_ref idref="fl-2"/>
      </object_component>
      <object_component id="oc-10e">
         <name>.debug_line</name>
         <load_address>0x52d</load_address>
         <run_address>0x52d</run_address>
         <size>0x5f</size>
         <input_file_ref idref="fl-2"/>
      </object_component>
      <object_component id="oc-93">
         <name>.debug_line</name>
         <load_address>0x58c</load_address>
         <run_address>0x58c</run_address>
         <size>0x41</size>
         <input_file_ref idref="fl-3"/>
      </object_component>
      <object_component id="oc-36">
         <name>.debug_line</name>
         <load_address>0x5cd</load_address>
         <run_address>0x5cd</run_address>
         <size>0x41</size>
         <input_file_ref idref="fl-3"/>
      </object_component>
      <object_component id="oc-25">
         <name>.debug_line</name>
         <load_address>0x60e</load_address>
         <run_address>0x60e</run_address>
         <size>0xa1</size>
         <input_file_ref idref="fl-3"/>
      </object_component>
      <object_component id="oc-41">
         <name>.debug_line</name>
         <load_address>0x6af</load_address>
         <run_address>0x6af</run_address>
         <size>0x20</size>
         <input_file_ref idref="fl-3"/>
      </object_component>
      <object_component id="oc-23b">
         <name>.debug_line</name>
         <load_address>0x6cf</load_address>
         <run_address>0x6cf</run_address>
         <size>0x133</size>
         <input_file_ref idref="fl-5"/>
      </object_component>
      <object_component id="oc-19e">
         <name>.debug_line</name>
         <load_address>0x802</load_address>
         <run_address>0x802</run_address>
         <size>0x6b</size>
         <input_file_ref idref="fl-5"/>
      </object_component>
      <object_component id="oc-1a8">
         <name>.debug_line</name>
         <load_address>0x86d</load_address>
         <run_address>0x86d</run_address>
         <size>0x63</size>
         <input_file_ref idref="fl-5"/>
      </object_component>
      <object_component id="oc-23f">
         <name>.debug_line</name>
         <load_address>0x8d0</load_address>
         <run_address>0x8d0</run_address>
         <size>0x3e</size>
         <input_file_ref idref="fl-5"/>
      </object_component>
      <object_component id="oc-244">
         <name>.debug_line</name>
         <load_address>0x90e</load_address>
         <run_address>0x90e</run_address>
         <size>0x67</size>
         <input_file_ref idref="fl-5"/>
      </object_component>
      <object_component id="oc-199">
         <name>.debug_line</name>
         <load_address>0x975</load_address>
         <run_address>0x975</run_address>
         <size>0x61</size>
         <input_file_ref idref="fl-5"/>
      </object_component>
      <object_component id="oc-20a">
         <name>.debug_line</name>
         <load_address>0x9d6</load_address>
         <run_address>0x9d6</run_address>
         <size>0x20</size>
         <input_file_ref idref="fl-6"/>
      </object_component>
      <object_component id="oc-e2">
         <name>.debug_line</name>
         <load_address>0x9f6</load_address>
         <run_address>0x9f6</run_address>
         <size>0xec</size>
         <input_file_ref idref="fl-6"/>
      </object_component>
      <object_component id="oc-12a">
         <name>.debug_line</name>
         <load_address>0xae2</load_address>
         <run_address>0xae2</run_address>
         <size>0x6b</size>
         <input_file_ref idref="fl-8"/>
      </object_component>
      <object_component id="oc-195">
         <name>.debug_line</name>
         <load_address>0xb4d</load_address>
         <run_address>0xb4d</run_address>
         <size>0xf4</size>
         <input_file_ref idref="fl-9"/>
      </object_component>
      <object_component id="oc-d2">
         <name>.debug_line</name>
         <load_address>0xc41</load_address>
         <run_address>0xc41</run_address>
         <size>0x37</size>
         <input_file_ref idref="fl-9"/>
      </object_component>
      <object_component id="oc-1bb">
         <name>.debug_line</name>
         <load_address>0xc78</load_address>
         <run_address>0xc78</run_address>
         <size>0x37</size>
         <input_file_ref idref="fl-9"/>
      </object_component>
      <object_component id="oc-1c5">
         <name>.debug_line</name>
         <load_address>0xcaf</load_address>
         <run_address>0xcaf</run_address>
         <size>0x37</size>
         <input_file_ref idref="fl-9"/>
      </object_component>
      <object_component id="oc-1c7">
         <name>.debug_line</name>
         <load_address>0xce6</load_address>
         <run_address>0xce6</run_address>
         <size>0x37</size>
         <input_file_ref idref="fl-9"/>
      </object_component>
      <object_component id="oc-1c3">
         <name>.debug_line</name>
         <load_address>0xd1d</load_address>
         <run_address>0xd1d</run_address>
         <size>0x37</size>
         <input_file_ref idref="fl-9"/>
      </object_component>
      <object_component id="oc-1c1">
         <name>.debug_line</name>
         <load_address>0xd54</load_address>
         <run_address>0xd54</run_address>
         <size>0x37</size>
         <input_file_ref idref="fl-9"/>
      </object_component>
      <object_component id="oc-1bd">
         <name>.debug_line</name>
         <load_address>0xd8b</load_address>
         <run_address>0xd8b</run_address>
         <size>0x37</size>
         <input_file_ref idref="fl-9"/>
      </object_component>
      <object_component id="oc-1bf">
         <name>.debug_line</name>
         <load_address>0xdc2</load_address>
         <run_address>0xdc2</run_address>
         <size>0x37</size>
         <input_file_ref idref="fl-9"/>
      </object_component>
      <object_component id="oc-7d">
         <name>.debug_line</name>
         <load_address>0xdf9</load_address>
         <run_address>0xdf9</run_address>
         <size>0x973</size>
         <input_file_ref idref="fl-9"/>
      </object_component>
      <object_component id="oc-d7">
         <name>.debug_line</name>
         <load_address>0x176c</load_address>
         <run_address>0x176c</run_address>
         <size>0x5f</size>
         <input_file_ref idref="fl-9"/>
      </object_component>
      <object_component id="oc-1a3">
         <name>.debug_line</name>
         <load_address>0x17cb</load_address>
         <run_address>0x17cb</run_address>
         <size>0x37</size>
         <input_file_ref idref="fl-9"/>
      </object_component>
      <object_component id="oc-100">
         <name>.debug_line</name>
         <load_address>0x1802</load_address>
         <run_address>0x1802</run_address>
         <size>0x8b</size>
         <input_file_ref idref="fl-b"/>
      </object_component>
      <object_component id="oc-da">
         <name>.debug_line</name>
         <load_address>0x188d</load_address>
         <run_address>0x188d</run_address>
         <size>0x4c</size>
         <input_file_ref idref="fl-b"/>
      </object_component>
      <object_component id="oc-fe">
         <name>.debug_line</name>
         <load_address>0x18d9</load_address>
         <run_address>0x18d9</run_address>
         <size>0x4c</size>
         <input_file_ref idref="fl-b"/>
      </object_component>
      <object_component id="oc-34">
         <name>.debug_line</name>
         <load_address>0x1925</load_address>
         <run_address>0x1925</run_address>
         <size>0x14e</size>
         <input_file_ref idref="fl-b"/>
      </object_component>
      <object_component id="oc-2e">
         <name>.debug_line</name>
         <load_address>0x1a73</load_address>
         <run_address>0x1a73</run_address>
         <size>0xe1</size>
         <input_file_ref idref="fl-c"/>
      </object_component>
      <object_component id="oc-208">
         <name>.debug_line</name>
         <load_address>0x1b54</load_address>
         <run_address>0x1b54</run_address>
         <size>0x5f</size>
         <input_file_ref idref="fl-d"/>
      </object_component>
      <object_component id="oc-206">
         <name>.debug_line</name>
         <load_address>0x1bb3</load_address>
         <run_address>0x1bb3</run_address>
         <size>0x49</size>
         <input_file_ref idref="fl-d"/>
      </object_component>
      <object_component id="oc-1fd">
         <name>.debug_line</name>
         <load_address>0x1bfc</load_address>
         <run_address>0x1bfc</run_address>
         <size>0x49</size>
         <input_file_ref idref="fl-d"/>
      </object_component>
      <object_component id="oc-204">
         <name>.debug_line</name>
         <load_address>0x1c45</load_address>
         <run_address>0x1c45</run_address>
         <size>0x49</size>
         <input_file_ref idref="fl-d"/>
      </object_component>
      <object_component id="oc-1fb">
         <name>.debug_line</name>
         <load_address>0x1c8e</load_address>
         <run_address>0x1c8e</run_address>
         <size>0x49</size>
         <input_file_ref idref="fl-d"/>
      </object_component>
      <object_component id="oc-df">
         <name>.debug_line</name>
         <load_address>0x1cd7</load_address>
         <run_address>0x1cd7</run_address>
         <size>0x11c</size>
         <input_file_ref idref="fl-d"/>
      </object_component>
      <object_component id="oc-201">
         <name>.debug_line</name>
         <load_address>0x1df3</load_address>
         <run_address>0x1df3</run_address>
         <size>0x49</size>
         <input_file_ref idref="fl-d"/>
      </object_component>
      <object_component id="oc-47">
         <name>.debug_line</name>
         <load_address>0x1e3c</load_address>
         <run_address>0x1e3c</run_address>
         <size>0x88</size>
         <input_file_ref idref="fl-c8"/>
      </object_component>
      <object_component id="oc-b4">
         <name>.debug_line</name>
         <load_address>0x1ec4</load_address>
         <run_address>0x1ec4</run_address>
         <size>0x79</size>
         <input_file_ref idref="fl-c9"/>
      </object_component>
      <object_component id="oc-12d">
         <name>.debug_line</name>
         <load_address>0x1f3d</load_address>
         <run_address>0x1f3d</run_address>
         <size>0x90</size>
         <input_file_ref idref="fl-ca"/>
      </object_component>
      <object_component id="oc-59">
         <name>.debug_line</name>
         <load_address>0x1fcd</load_address>
         <run_address>0x1fcd</run_address>
         <size>0x4f</size>
         <input_file_ref idref="fl-ca"/>
      </object_component>
      <object_component id="oc-b0">
         <name>.debug_line</name>
         <load_address>0x201c</load_address>
         <run_address>0x201c</run_address>
         <size>0x34</size>
         <input_file_ref idref="fl-ca"/>
      </object_component>
      <object_component id="oc-ab">
         <name>.debug_line</name>
         <load_address>0x2050</load_address>
         <run_address>0x2050</run_address>
         <size>0x20</size>
         <input_file_ref idref="fl-cb"/>
      </object_component>
      <object_component id="oc-19">
         <name>.debug_line</name>
         <load_address>0x2070</load_address>
         <run_address>0x2070</run_address>
         <size>0x55</size>
         <input_file_ref idref="fl-cb"/>
      </object_component>
      <object_component id="oc-4c">
         <name>.debug_line</name>
         <load_address>0x20c5</load_address>
         <run_address>0x20c5</run_address>
         <size>0x3a</size>
         <input_file_ref idref="fl-cb"/>
      </object_component>
      <object_component id="oc-a8">
         <name>.debug_line</name>
         <load_address>0x20ff</load_address>
         <run_address>0x20ff</run_address>
         <size>0x90</size>
         <input_file_ref idref="fl-cb"/>
      </object_component>
      <object_component id="oc-126">
         <name>.debug_line</name>
         <load_address>0x218f</load_address>
         <run_address>0x218f</run_address>
         <size>0x20</size>
         <input_file_ref idref="fl-cc"/>
      </object_component>
      <object_component id="oc-16">
         <name>.debug_line</name>
         <load_address>0x21af</load_address>
         <run_address>0x21af</run_address>
         <size>0xa9</size>
         <input_file_ref idref="fl-cc"/>
      </object_component>
      <object_component id="oc-3c">
         <name>.debug_line</name>
         <load_address>0x2258</load_address>
         <run_address>0x2258</run_address>
         <size>0x3a</size>
         <input_file_ref idref="fl-cc"/>
      </object_component>
      <object_component id="oc-123">
         <name>.debug_line</name>
         <load_address>0x2292</load_address>
         <run_address>0x2292</run_address>
         <size>0x98</size>
         <input_file_ref idref="fl-cc"/>
      </object_component>
      <object_component id="oc-a1">
         <name>.debug_line</name>
         <load_address>0x232a</load_address>
         <run_address>0x232a</run_address>
         <size>0x94</size>
         <input_file_ref idref="fl-cc"/>
      </object_component>
      <object_component id="oc-74">
         <name>.debug_line</name>
         <load_address>0x23be</load_address>
         <run_address>0x23be</run_address>
         <size>0x33</size>
         <input_file_ref idref="fl-cd"/>
      </object_component>
      <object_component id="oc-62">
         <name>.debug_line</name>
         <load_address>0x23f1</load_address>
         <run_address>0x23f1</run_address>
         <size>0x45</size>
         <input_file_ref idref="fl-cd"/>
      </object_component>
      <object_component id="oc-228">
         <name>.debug_line</name>
         <load_address>0x2436</load_address>
         <run_address>0x2436</run_address>
         <size>0xbd</size>
         <input_file_ref idref="fl-ce"/>
      </object_component>
      <object_component id="oc-167">
         <name>.debug_line</name>
         <load_address>0x24f3</load_address>
         <run_address>0x24f3</run_address>
         <size>0x6f</size>
         <input_file_ref idref="fl-ce"/>
      </object_component>
      <object_component id="oc-22c">
         <name>.debug_line</name>
         <load_address>0x2562</load_address>
         <run_address>0x2562</run_address>
         <size>0x2e</size>
         <input_file_ref idref="fl-ce"/>
      </object_component>
      <object_component id="oc-24c">
         <name>.debug_line</name>
         <load_address>0x2590</load_address>
         <run_address>0x2590</run_address>
         <size>0x98</size>
         <input_file_ref idref="fl-ce"/>
      </object_component>
      <object_component id="oc-231">
         <name>.debug_line</name>
         <load_address>0x2628</load_address>
         <run_address>0x2628</run_address>
         <size>0x95</size>
         <input_file_ref idref="fl-ce"/>
      </object_component>
      <object_component id="oc-236">
         <name>.debug_line</name>
         <load_address>0x26bd</load_address>
         <run_address>0x26bd</run_address>
         <size>0x91</size>
         <input_file_ref idref="fl-ce"/>
      </object_component>
      <object_component id="oc-bd">
         <name>.debug_line</name>
         <load_address>0x274e</load_address>
         <run_address>0x274e</run_address>
         <size>0x40</size>
         <input_file_ref idref="fl-cf"/>
      </object_component>
      <object_component id="oc-15b">
         <name>.debug_line</name>
         <load_address>0x278e</load_address>
         <run_address>0x278e</run_address>
         <size>0x3c</size>
         <input_file_ref idref="fl-d1"/>
      </object_component>
      <object_component id="oc-20c">
         <name>.debug_line</name>
         <load_address>0x27ca</load_address>
         <run_address>0x27ca</run_address>
         <size>0x5b</size>
         <input_file_ref idref="fl-d4"/>
      </object_component>
      <object_component id="oc-135">
         <name>.debug_line</name>
         <load_address>0x2825</load_address>
         <run_address>0x2825</run_address>
         <size>0x6b</size>
         <input_file_ref idref="fl-d4"/>
      </object_component>
      <object_component id="oc-1d6">
         <name>.debug_line</name>
         <load_address>0x2890</load_address>
         <run_address>0x2890</run_address>
         <size>0x6e</size>
         <input_file_ref idref="fl-d4"/>
      </object_component>
      <object_component id="oc-153">
         <name>.debug_line</name>
         <load_address>0x28fe</load_address>
         <run_address>0x28fe</run_address>
         <size>0xaa</size>
         <input_file_ref idref="fl-d4"/>
      </object_component>
      <object_component id="oc-14d">
         <name>.debug_line</name>
         <load_address>0x29a8</load_address>
         <run_address>0x29a8</run_address>
         <size>0x72</size>
         <input_file_ref idref="fl-d4"/>
      </object_component>
      <object_component id="oc-20e">
         <name>.debug_line</name>
         <load_address>0x2a1a</load_address>
         <run_address>0x2a1a</run_address>
         <size>0xc8</size>
         <input_file_ref idref="fl-d6"/>
      </object_component>
      <object_component id="oc-146">
         <name>.debug_line</name>
         <load_address>0x2ae2</load_address>
         <run_address>0x2ae2</run_address>
         <size>0x6d</size>
         <input_file_ref idref="fl-d6"/>
      </object_component>
      <object_component id="oc-140">
         <name>.debug_line</name>
         <load_address>0x2b4f</load_address>
         <run_address>0x2b4f</run_address>
         <size>0x6d</size>
         <input_file_ref idref="fl-d6"/>
      </object_component>
      <object_component id="oc-13a">
         <name>.debug_line</name>
         <load_address>0x2bbc</load_address>
         <run_address>0x2bbc</run_address>
         <size>0xc7</size>
         <input_file_ref idref="fl-d6"/>
      </object_component>
      <object_component id="oc-211">
         <name>.debug_line</name>
         <load_address>0x2c83</load_address>
         <run_address>0x2c83</run_address>
         <size>0x58</size>
         <input_file_ref idref="fl-d6"/>
      </object_component>
      <object_component id="oc-c0">
         <name>.debug_frame</name>
         <load_address>0x0</load_address>
         <run_address>0x0</run_address>
         <size>0x78</size>
         <input_file_ref idref="fl-2"/>
      </object_component>
      <object_component id="oc-26">
         <name>.debug_frame</name>
         <load_address>0x78</load_address>
         <run_address>0x78</run_address>
         <size>0x90</size>
         <input_file_ref idref="fl-3"/>
      </object_component>
      <object_component id="oc-e6">
         <name>.debug_frame</name>
         <load_address>0x108</load_address>
         <run_address>0x108</run_address>
         <size>0xb8</size>
         <input_file_ref idref="fl-6"/>
      </object_component>
      <object_component id="oc-81">
         <name>.debug_frame</name>
         <load_address>0x1c0</load_address>
         <run_address>0x1c0</run_address>
         <size>0x4cc</size>
         <input_file_ref idref="fl-9"/>
      </object_component>
      <object_component id="oc-31">
         <name>.debug_frame</name>
         <load_address>0x68c</load_address>
         <run_address>0x68c</run_address>
         <size>0xec</size>
         <input_file_ref idref="fl-b"/>
      </object_component>
      <object_component id="oc-e0">
         <name>.debug_frame</name>
         <load_address>0x778</load_address>
         <run_address>0x778</run_address>
         <size>0xbc</size>
         <input_file_ref idref="fl-d"/>
      </object_component>
      <object_component id="oc-5a">
         <name>.debug_frame</name>
         <load_address>0x834</load_address>
         <run_address>0x834</run_address>
         <size>0x54</size>
         <input_file_ref idref="fl-ca"/>
      </object_component>
      <object_component id="oc-1a">
         <name>.debug_frame</name>
         <load_address>0x888</load_address>
         <run_address>0x888</run_address>
         <size>0x54</size>
         <input_file_ref idref="fl-cb"/>
      </object_component>
      <object_component id="oc-17">
         <name>.debug_frame</name>
         <load_address>0x8dc</load_address>
         <run_address>0x8dc</run_address>
         <size>0x60</size>
         <input_file_ref idref="fl-cc"/>
      </object_component>
      <object_component id="oc-63">
         <name>.debug_frame</name>
         <load_address>0x93c</load_address>
         <run_address>0x93c</run_address>
         <size>0x50</size>
         <input_file_ref idref="fl-cd"/>
      </object_component>
      <object_component id="oc-166">
         <name>.debug_frame</name>
         <load_address>0x98c</load_address>
         <run_address>0x98c</run_address>
         <size>0x5c</size>
         <input_file_ref idref="fl-ce"/>
      </object_component>
      <object_component id="oc-be">
         <name>.debug_frame</name>
         <load_address>0x9e8</load_address>
         <run_address>0x9e8</run_address>
         <size>0x54</size>
         <input_file_ref idref="fl-cf"/>
      </object_component>
      <object_component id="oc-15a">
         <name>.debug_frame</name>
         <load_address>0xa3c</load_address>
         <run_address>0xa3c</run_address>
         <size>0x54</size>
         <input_file_ref idref="fl-d1"/>
      </object_component>
      <object_component id="oc-134">
         <name>.debug_frame</name>
         <load_address>0xa90</load_address>
         <run_address>0xa90</run_address>
         <size>0x54</size>
         <input_file_ref idref="fl-d4"/>
      </object_component>
      <object_component id="oc-1d5">
         <name>.debug_frame</name>
         <load_address>0xae4</load_address>
         <run_address>0xae4</run_address>
         <size>0x54</size>
         <input_file_ref idref="fl-d4"/>
      </object_component>
      <object_component id="oc-152">
         <name>.debug_frame</name>
         <load_address>0xb38</load_address>
         <run_address>0xb38</run_address>
         <size>0x64</size>
         <input_file_ref idref="fl-d4"/>
      </object_component>
      <object_component id="oc-14c">
         <name>.debug_frame</name>
         <load_address>0xb9c</load_address>
         <run_address>0xb9c</run_address>
         <size>0x5c</size>
         <input_file_ref idref="fl-d4"/>
      </object_component>
      <object_component id="oc-147">
         <name>.debug_frame</name>
         <load_address>0xbf8</load_address>
         <run_address>0xbf8</run_address>
         <size>0x54</size>
         <input_file_ref idref="fl-d6"/>
      </object_component>
      <object_component id="oc-141">
         <name>.debug_frame</name>
         <load_address>0xc4c</load_address>
         <run_address>0xc4c</run_address>
         <size>0x54</size>
         <input_file_ref idref="fl-d6"/>
      </object_component>
      <object_component id="oc-13b">
         <name>.debug_frame</name>
         <load_address>0xca0</load_address>
         <run_address>0xca0</run_address>
         <size>0x68</size>
         <input_file_ref idref="fl-d6"/>
      </object_component>
      <object_component id="oc-1c8">
         <name>.debug_abbrev</name>
         <load_address>0x0</load_address>
         <run_address>0x0</run_address>
         <size>0xe0</size>
         <input_file_ref idref="fl-2"/>
      </object_component>
      <object_component id="oc-155">
         <name>.debug_abbrev</name>
         <load_address>0xe0</load_address>
         <run_address>0xe0</run_address>
         <size>0x9d</size>
         <input_file_ref idref="fl-2"/>
      </object_component>
      <object_component id="oc-108">
         <name>.debug_abbrev</name>
         <load_address>0x17d</load_address>
         <run_address>0x17d</run_address>
         <size>0x9f</size>
         <input_file_ref idref="fl-2"/>
      </object_component>
      <object_component id="oc-96">
         <name>.debug_abbrev</name>
         <load_address>0x21c</load_address>
         <run_address>0x21c</run_address>
         <size>0x69</size>
         <input_file_ref idref="fl-2"/>
      </object_component>
      <object_component id="oc-112">
         <name>.debug_abbrev</name>
         <load_address>0x285</load_address>
         <run_address>0x285</run_address>
         <size>0x70</size>
         <input_file_ref idref="fl-2"/>
      </object_component>
      <object_component id="oc-118">
         <name>.debug_abbrev</name>
         <load_address>0x2f5</load_address>
         <run_address>0x2f5</run_address>
         <size>0x1f</size>
         <input_file_ref idref="fl-2"/>
      </object_component>
      <object_component id="oc-8a">
         <name>.debug_abbrev</name>
         <load_address>0x314</load_address>
         <run_address>0x314</run_address>
         <size>0x24</size>
         <input_file_ref idref="fl-2"/>
      </object_component>
      <object_component id="oc-11d">
         <name>.debug_abbrev</name>
         <load_address>0x338</load_address>
         <run_address>0x338</run_address>
         <size>0x5c</size>
         <input_file_ref idref="fl-2"/>
      </object_component>
      <object_component id="oc-215">
         <name>.debug_abbrev</name>
         <load_address>0x394</load_address>
         <run_address>0x394</run_address>
         <size>0x24</size>
         <input_file_ref idref="fl-2"/>
      </object_component>
      <object_component id="oc-9b">
         <name>.debug_abbrev</name>
         <load_address>0x3b8</load_address>
         <run_address>0x3b8</run_address>
         <size>0x24</size>
         <input_file_ref idref="fl-2"/>
      </object_component>
      <object_component id="oc-103">
         <name>.debug_abbrev</name>
         <load_address>0x3dc</load_address>
         <run_address>0x3dc</run_address>
         <size>0x24</size>
         <input_file_ref idref="fl-2"/>
      </object_component>
      <object_component id="oc-8f">
         <name>.debug_abbrev</name>
         <load_address>0x400</load_address>
         <run_address>0x400</run_address>
         <size>0x24</size>
         <input_file_ref idref="fl-2"/>
      </object_component>
      <object_component id="oc-10d">
         <name>.debug_abbrev</name>
         <load_address>0x424</load_address>
         <run_address>0x424</run_address>
         <size>0x61</size>
         <input_file_ref idref="fl-2"/>
      </object_component>
      <object_component id="oc-92">
         <name>.debug_abbrev</name>
         <load_address>0x485</load_address>
         <run_address>0x485</run_address>
         <size>0x7c</size>
         <input_file_ref idref="fl-3"/>
      </object_component>
      <object_component id="oc-35">
         <name>.debug_abbrev</name>
         <load_address>0x501</load_address>
         <run_address>0x501</run_address>
         <size>0x29</size>
         <input_file_ref idref="fl-3"/>
      </object_component>
      <object_component id="oc-75">
         <name>.debug_abbrev</name>
         <load_address>0x52a</load_address>
         <run_address>0x52a</run_address>
         <size>0x79</size>
         <input_file_ref idref="fl-3"/>
      </object_component>
      <object_component id="oc-40">
         <name>.debug_abbrev</name>
         <load_address>0x5a3</load_address>
         <run_address>0x5a3</run_address>
         <size>0x1f</size>
         <input_file_ref idref="fl-3"/>
      </object_component>
      <object_component id="oc-23a">
         <name>.debug_abbrev</name>
         <load_address>0x5c2</load_address>
         <run_address>0x5c2</run_address>
         <size>0x111</size>
         <input_file_ref idref="fl-5"/>
      </object_component>
      <object_component id="oc-19d">
         <name>.debug_abbrev</name>
         <load_address>0x6d3</load_address>
         <run_address>0x6d3</run_address>
         <size>0x5a</size>
         <input_file_ref idref="fl-5"/>
      </object_component>
      <object_component id="oc-1a7">
         <name>.debug_abbrev</name>
         <load_address>0x72d</load_address>
         <run_address>0x72d</run_address>
         <size>0x70</size>
         <input_file_ref idref="fl-5"/>
      </object_component>
      <object_component id="oc-23e">
         <name>.debug_abbrev</name>
         <load_address>0x79d</load_address>
         <run_address>0x79d</run_address>
         <size>0x4b</size>
         <input_file_ref idref="fl-5"/>
      </object_component>
      <object_component id="oc-243">
         <name>.debug_abbrev</name>
         <load_address>0x7e8</load_address>
         <run_address>0x7e8</run_address>
         <size>0x24</size>
         <input_file_ref idref="fl-5"/>
      </object_component>
      <object_component id="oc-198">
         <name>.debug_abbrev</name>
         <load_address>0x80c</load_address>
         <run_address>0x80c</run_address>
         <size>0x33</size>
         <input_file_ref idref="fl-5"/>
      </object_component>
      <object_component id="oc-209">
         <name>.debug_abbrev</name>
         <load_address>0x83f</load_address>
         <run_address>0x83f</run_address>
         <size>0x88</size>
         <input_file_ref idref="fl-6"/>
      </object_component>
      <object_component id="oc-1b8">
         <name>.debug_abbrev</name>
         <load_address>0x8c7</load_address>
         <run_address>0x8c7</run_address>
         <size>0x9b</size>
         <input_file_ref idref="fl-6"/>
      </object_component>
      <object_component id="oc-129">
         <name>.debug_abbrev</name>
         <load_address>0x962</load_address>
         <run_address>0x962</run_address>
         <size>0x24</size>
         <input_file_ref idref="fl-8"/>
      </object_component>
      <object_component id="oc-194">
         <name>.debug_abbrev</name>
         <load_address>0x986</load_address>
         <run_address>0x986</run_address>
         <size>0x11c</size>
         <input_file_ref idref="fl-9"/>
      </object_component>
      <object_component id="oc-d1">
         <name>.debug_abbrev</name>
         <load_address>0xaa2</load_address>
         <run_address>0xaa2</run_address>
         <size>0x3d</size>
         <input_file_ref idref="fl-9"/>
      </object_component>
      <object_component id="oc-1ba">
         <name>.debug_abbrev</name>
         <load_address>0xadf</load_address>
         <run_address>0xadf</run_address>
         <size>0x27</size>
         <input_file_ref idref="fl-9"/>
      </object_component>
      <object_component id="oc-1c4">
         <name>.debug_abbrev</name>
         <load_address>0xb06</load_address>
         <run_address>0xb06</run_address>
         <size>0x27</size>
         <input_file_ref idref="fl-9"/>
      </object_component>
      <object_component id="oc-1c6">
         <name>.debug_abbrev</name>
         <load_address>0xb2d</load_address>
         <run_address>0xb2d</run_address>
         <size>0x27</size>
         <input_file_ref idref="fl-9"/>
      </object_component>
      <object_component id="oc-1c2">
         <name>.debug_abbrev</name>
         <load_address>0xb54</load_address>
         <run_address>0xb54</run_address>
         <size>0x27</size>
         <input_file_ref idref="fl-9"/>
      </object_component>
      <object_component id="oc-1c0">
         <name>.debug_abbrev</name>
         <load_address>0xb7b</load_address>
         <run_address>0xb7b</run_address>
         <size>0x27</size>
         <input_file_ref idref="fl-9"/>
      </object_component>
      <object_component id="oc-1bc">
         <name>.debug_abbrev</name>
         <load_address>0xba2</load_address>
         <run_address>0xba2</run_address>
         <size>0x27</size>
         <input_file_ref idref="fl-9"/>
      </object_component>
      <object_component id="oc-1be">
         <name>.debug_abbrev</name>
         <load_address>0xbc9</load_address>
         <run_address>0xbc9</run_address>
         <size>0x27</size>
         <input_file_ref idref="fl-9"/>
      </object_component>
      <object_component id="oc-fc">
         <name>.debug_abbrev</name>
         <load_address>0xbf0</load_address>
         <run_address>0xbf0</run_address>
         <size>0x10c</size>
         <input_file_ref idref="fl-9"/>
      </object_component>
      <object_component id="oc-d6">
         <name>.debug_abbrev</name>
         <load_address>0xcfc</load_address>
         <run_address>0xcfc</run_address>
         <size>0x90</size>
         <input_file_ref idref="fl-9"/>
      </object_component>
      <object_component id="oc-1a2">
         <name>.debug_abbrev</name>
         <load_address>0xd8c</load_address>
         <run_address>0xd8c</run_address>
         <size>0x61</size>
         <input_file_ref idref="fl-9"/>
      </object_component>
      <object_component id="oc-ff">
         <name>.debug_abbrev</name>
         <load_address>0xded</load_address>
         <run_address>0xded</run_address>
         <size>0xab</size>
         <input_file_ref idref="fl-b"/>
      </object_component>
      <object_component id="oc-d9">
         <name>.debug_abbrev</name>
         <load_address>0xe98</load_address>
         <run_address>0xe98</run_address>
         <size>0x29</size>
         <input_file_ref idref="fl-b"/>
      </object_component>
      <object_component id="oc-fd">
         <name>.debug_abbrev</name>
         <load_address>0xec1</load_address>
         <run_address>0xec1</run_address>
         <size>0x27</size>
         <input_file_ref idref="fl-b"/>
      </object_component>
      <object_component id="oc-86">
         <name>.debug_abbrev</name>
         <load_address>0xee8</load_address>
         <run_address>0xee8</run_address>
         <size>0x101</size>
         <input_file_ref idref="fl-b"/>
      </object_component>
      <object_component id="oc-82">
         <name>.debug_abbrev</name>
         <load_address>0xfe9</load_address>
         <run_address>0xfe9</run_address>
         <size>0x75</size>
         <input_file_ref idref="fl-c"/>
      </object_component>
      <object_component id="oc-207">
         <name>.debug_abbrev</name>
         <load_address>0x105e</load_address>
         <run_address>0x105e</run_address>
         <size>0xc6</size>
         <input_file_ref idref="fl-d"/>
      </object_component>
      <object_component id="oc-205">
         <name>.debug_abbrev</name>
         <load_address>0x1124</load_address>
         <run_address>0x1124</run_address>
         <size>0x27</size>
         <input_file_ref idref="fl-d"/>
      </object_component>
      <object_component id="oc-1fc">
         <name>.debug_abbrev</name>
         <load_address>0x114b</load_address>
         <run_address>0x114b</run_address>
         <size>0x27</size>
         <input_file_ref idref="fl-d"/>
      </object_component>
      <object_component id="oc-203">
         <name>.debug_abbrev</name>
         <load_address>0x1172</load_address>
         <run_address>0x1172</run_address>
         <size>0x27</size>
         <input_file_ref idref="fl-d"/>
      </object_component>
      <object_component id="oc-1fa">
         <name>.debug_abbrev</name>
         <load_address>0x1199</load_address>
         <run_address>0x1199</run_address>
         <size>0x27</size>
         <input_file_ref idref="fl-d"/>
      </object_component>
      <object_component id="oc-1b6">
         <name>.debug_abbrev</name>
         <load_address>0x11c0</load_address>
         <run_address>0x11c0</run_address>
         <size>0xdf</size>
         <input_file_ref idref="fl-d"/>
      </object_component>
      <object_component id="oc-200">
         <name>.debug_abbrev</name>
         <load_address>0x129f</load_address>
         <run_address>0x129f</run_address>
         <size>0x4b</size>
         <input_file_ref idref="fl-d"/>
      </object_component>
      <object_component id="oc-a4">
         <name>.debug_abbrev</name>
         <load_address>0x12ea</load_address>
         <run_address>0x12ea</run_address>
         <size>0x3e</size>
         <input_file_ref idref="fl-c8"/>
      </object_component>
      <object_component id="oc-12e">
         <name>.debug_abbrev</name>
         <load_address>0x1328</load_address>
         <run_address>0x1328</run_address>
         <size>0x4f</size>
         <input_file_ref idref="fl-c9"/>
      </object_component>
      <object_component id="oc-12c">
         <name>.debug_abbrev</name>
         <load_address>0x1377</load_address>
         <run_address>0x1377</run_address>
         <size>0x5d</size>
         <input_file_ref idref="fl-ca"/>
      </object_component>
      <object_component id="oc-b8">
         <name>.debug_abbrev</name>
         <load_address>0x13d4</load_address>
         <run_address>0x13d4</run_address>
         <size>0x74</size>
         <input_file_ref idref="fl-ca"/>
      </object_component>
      <object_component id="oc-af">
         <name>.debug_abbrev</name>
         <load_address>0x1448</load_address>
         <run_address>0x1448</run_address>
         <size>0x24</size>
         <input_file_ref idref="fl-ca"/>
      </object_component>
      <object_component id="oc-aa">
         <name>.debug_abbrev</name>
[...]
            <logical_group_ref idref="lg-d"/>
            <logical_group_ref idref="lg-a"/>
         </contents>
      </load_segment>
   </logical_group_list>
   <placement_map>
      <memory_area display="yes" color="green">
         <name>FLASH</name>
         <page_id>0x0</page_id>
         <origin>0x0</origin>
         <length>0x40000</length>
         <used_space>0x1e36</used_space>
         <unused_space>0x3e1ca</unused_space>
         <attributes>RX</attributes>
         <usage_details>
            <allocated_space>
               <start_address>0x0</start_address>
               <size>0x26c</size>
               <logical_group_ref idref="lg-3"/>
            </allocated_space>
            <allocated_space>
               <start_address>0x26c</start_address>
               <size>0x1b8e</size>
               <logical_group_ref idref="lg-4"/>
            </allocated_space>
            <available_space>
               <start_address>0x1dfa</start_address>
               <size>0x2</size>
            </available_space>
            <allocated_space>
               <start_address>0x1dfc</start_address>
               <size>0x4</size>
               <logical_group_ref idref="lg-5"/>
            </allocated_space>
            <allocated_space>
               <start_address>0x1e00</start_address>
               <size>0x38</size>
               <logical_group_ref idref="lg-6"/>
            </allocated_space>
            <available_space>
               <start_address>0x1e38</start_address>
               <size>0x3e1c8</size>
            </available_space>
         </usage_details>
      </memory_area>
      <memory_area display="yes" color="green">
         <name>SRAM</name>
         <page_id>0x0</page_id>
         <origin>0x20000000</origin>
         <length>0x8000</length>
         <used_space>0x2585</used_space>
         <unused_space>0x5a7b</unused_space>
         <attributes>RWX</attributes>
         <usage_details>
            <allocated_space>
               <start_address>0x20000000</start_address>
               <size>0x211c</size>
               <logical_group_ref idref="lg-b"/>
            </allocated_space>
            <available_space>
               <start_address>0x2000211c</start_address>
               <size>0x4</size>
            </available_space>
            <allocated_space>
               <start_address>0x20002120</start_address>
               <size>0x428</size>
               <logical_group_ref idref="lg-d"/>
            </allocated_space>
            <allocated_space>
               <start_address>0x20002548</start_address>
               <size>0x41</size>
               <logical_group_ref idref="lg-a"/>
            </allocated_space>
            <available_space>
               <start_address>0x20002589</start_address>
               <size>0x5a77</size>
            </available_space>
         </usage_details>
      </memory_area>
   </placement_map>
   <cptbl_list>
      <cptbl>
         <name>__TI_cinit_table</name>
         <cprec>
            <name>.data</name>
            <load_address>0x1e00</load_address>
            <load_size>0x11</load_size>
            <run_address>0x20002548</run_address>
            <run_size>0x41</run_size>
            <compression>lzss</compression>
         </cprec>
         <cprec>
            <name>.bss</name>
            <load_address>0x1e20</load_address>
            <load_size>0x8</load_size>
            <run_address>0x20000000</run_address>
            <run_size>0x211c</run_size>
            <compression>zero_init</compression>
         </cprec>
      </cptbl>
   </cptbl_list>
   <handler_table>
      <handler_table_name>__TI_handler_table</handler_table_name>
      <handler>
         <index>0x0</index>
         <name>__TI_decompress_lzss</name>
      </handler>
      <handler>
         <index>0x1</index>
         <name>__TI_decompress_none</name>
      </handler>
      <handler>
         <index>0x2</index>
         <name>__TI_zero_init</name>
      </handler>
   </handler_table>
   <symbol_table>
      <symbol id="sm-1">
         <name>__STACK_TOP</name>
         <value>0x20002320</value>
      </symbol>
      <symbol id="sm-2">
         <name>__TI_CINIT_Base</name>
         <value>0x1e28</value>
      </symbol>
      <symbol id="sm-3">
         <name>__TI_CINIT_Limit</name>
         <value>0x1e38</value>
      </symbol>
      <symbol id="sm-4">
         <name>__TI_Handler_Table_Base</name>
         <value>0x1e14</value>
      </symbol>
      <symbol id="sm-5">
         <name>__TI_Handler_Table_Limit</name>
         <value>0x1e20</value>
      </symbol>
      <symbol id="sm-6">
         <name>binit</name>
         <value>0xffffffff</value>
      </symbol>
      <symbol id="sm-7">
         <name>__binit__</name>
         <value>0xffffffff</value>
      </symbol>
      <symbol id="sm-8">
         <name>__STACK_SIZE</name>
         <value>0x428</value>
      </symbol>
      <symbol id="sm-9">
         <name>__STACK_END</name>
         <value>0x20002548</value>
      </symbol>
      <symbol id="sm-a">
         <name>__c_args__</name>
         <value>0xffffffff</value>
      </symbol>
      <symbol id="sm-b">
         <name>__TI_pprof_out_hndl</name>
         <value>0xffffffff</value>
      </symbol>
      <symbol id="sm-c">
         <name>__TI_prof_data_start</name>
         <value>0xffffffff</value>
      </symbol>
      <symbol id="sm-d">
         <name>__TI_prof_data_size</name>
         <value>0xffffffff</value>
      </symbol>
      <symbol id="sm-77">
         <name>BlinkLED</name>
         <value>0x1a61</value>
         <object_component_ref idref="oc-bf"/>
      </symbol>
      <symbol id="sm-78">
         <name>main</name>
         <value>0x1aa5</value>
         <object_component_ref idref="oc-bf"/>
      </symbol>
      <symbol id="sm-99">
         <name>ResetISR</name>
         <value>0x1ddb</value>
         <object_component_ref idref="oc-24"/>
      </symbol>
      <symbol id="sm-9a">
         <name>g_pfnVectors</name>
         <value>0x0</value>
         <object_component_ref idref="oc-f"/>
      </symbol>
      <symbol id="sm-ce">
         <name>uxListRemove</name>
         <value>0x1849</value>
         <object_component_ref idref="oc-e1"/>
      </symbol>
      <symbol id="sm-cf">
         <name>vListInsert</name>
         <value>0x17e3</value>
         <object_component_ref idref="oc-e1"/>
      </symbol>
      <symbol id="sm-d0">
         <name>vListInitialiseItem</name>
         <value>0x1797</value>
         <object_component_ref idref="oc-e1"/>
      </symbol>
      <symbol id="sm-d1">
         <name>vListInsertEnd</name>
         <value>0x17a7</value>
         <object_component_ref idref="oc-e1"/>
      </symbol>
      <symbol id="sm-d2">
         <name>vListInitialise</name>
         <value>0x1767</value>
         <object_component_ref idref="oc-e1"/>
      </symbol>
      <symbol id="sm-251">
         <name>vTaskDelay</name>
         <value>0x501</value>
         <object_component_ref idref="oc-7c"/>
      </symbol>
      <symbol id="sm-252">
         <name>vTaskSuspendAll</name>
         <value>0x7d5</value>
         <object_component_ref idref="oc-7c"/>
      </symbol>
      <symbol id="sm-253">
         <name>vTaskPlaceOnEventList</name>
         <value>0xad7</value>
         <object_component_ref idref="oc-7c"/>
      </symbol>
      <symbol id="sm-254">
         <name>ulTaskNotifyTake</name>
         <value>0xe0d</value>
         <object_component_ref idref="oc-7c"/>
      </symbol>
      <symbol id="sm-255">
         <name>pcTaskGetName</name>
         <value>0x8f9</value>
         <object_component_ref idref="oc-7c"/>
      </symbol>
      <symbol id="sm-256">
         <name>xTaskCheckForTimeOut</name>
         <value>0xc51</value>
         <object_component_ref idref="oc-7c"/>
      </symbol>
      <symbol id="sm-257">
         <name>vTaskRemoveFromUnorderedEventList</name>
         <value>0xba5</value>
         <object_component_ref idref="oc-7c"/>
      </symbol>
      <symbol id="sm-258">
         <name>vTaskStartScheduler</name>
         <value>0x76f</value>
         <object_component_ref idref="oc-7c"/>
      </symbol>
      <symbol id="sm-259">
         <name>vTaskInternalSetTimeOutState</name>
         <value>0xc2d</value>
         <object_component_ref idref="oc-7c"/>
      </symbol>
      <symbol id="sm-25a">
         <name>xTaskNotifyStateClear</name>
         <value>0x1205</value>
         <object_component_ref idref="oc-7c"/>
      </symbol>
      <symbol id="sm-25b">
         <name>xTaskGenericNotify</name>
         <value>0xf61</value>
         <object_component_ref idref="oc-7c"/>
      </symbol>
      <symbol id="sm-25c">
         <name>xTaskCreate</name>
         <value>0x26d</value>
         <object_component_ref idref="oc-7c"/>
      </symbol>
      <symbol id="sm-25d">
         <name>vTaskEndScheduler</name>
         <value>0x7b9</value>
         <object_component_ref idref="oc-7c"/>
      </symbol>
      <symbol id="sm-25e">
         <name>xTaskNotifyWait</name>
         <value>0xe8d</value>
         <object_component_ref idref="oc-7c"/>
      </symbol>
      <symbol id="sm-25f">
         <name>vTaskMissedYield</name>
         <value>0xcd5</value>
         <object_component_ref idref="oc-7c"/>
      </symbol>
      <symbol id="sm-260">
         <name>uxTaskGetNumberOfTasks</name>
         <value>0x8ed</value>
         <object_component_ref idref="oc-7c"/>
      </symbol>
      <symbol id="sm-261">
         <name>xTaskCatchUpTicks</name>
         <value>0x915</value>
         <object_component_ref idref="oc-7c"/>
      </symbol>
      <symbol id="sm-262">
         <name>xTaskGenericNotifyFromISR</name>
         <value>0x104d</value>
         <object_component_ref idref="oc-7c"/>
      </symbol>
      <symbol id="sm-263">
         <name>xTaskResumeAll</name>
         <value>0x7e5</value>
         <object_component_ref idref="oc-7c"/>
      </symbol>
      <symbol id="sm-264">
         <name>xTaskGetTickCount</name>
         <value>0x8c9</value>
         <object_component_ref idref="oc-7c"/>
      </symbol>
      <symbol id="sm-265">
         <name>ulTaskNotifyValueClear</name>
         <value>0x123f</value>
         <object_component_ref idref="oc-7c"/>
      </symbol>
      <symbol id="sm-266">
         <name>vTaskDelete</name>
         <value>0x453</value>
         <object_component_ref idref="oc-7c"/>
      </symbol>
      <symbol id="sm-267">
         <name>pxCurrentTCB</name>
         <value>0x20002548</value>
         <object_component_ref idref="oc-76"/>
      </symbol>
      <symbol id="sm-268">
         <name>vTaskNotifyGiveFromISR</name>
         <value>0x1159</value>
         <object_component_ref idref="oc-7c"/>
      </symbol>
      <symbol id="sm-269">
         <name>vTaskSuspend</name>
         <value>0x537</value>
         <object_component_ref idref="oc-7c"/>
      </symbol>
      <symbol id="sm-26a">
         <name>xTaskGetTickCountFromISR</name>
         <value>0x8d9</value>
         <object_component_ref idref="oc-7c"/>
      </symbol>
      <symbol id="sm-26b">
         <name>vTaskResume</name>
         <value>0x651</value>
         <object_component_ref idref="oc-7c"/>
      </symbol>
      <symbol id="sm-26c">
         <name>vTaskSetTimeOutState</name>
         <value>0xc07</value>
         <object_component_ref idref="oc-7c"/>
      </symbol>
      <symbol id="sm-26d">
         <name>xTaskIncrementTick</name>
         <value>0x955</value>
         <object_component_ref idref="oc-7c"/>
      </symbol>
      <symbol id="sm-26e">
         <name>vTaskSwitchContext</name>
         <value>0xa75</value>
         <object_component_ref idref="oc-7c"/>
      </symbol>
      <symbol id="sm-26f">
         <name>uxTaskResetEventItemValue</name>
         <value>0xde1</value>
         <object_component_ref idref="oc-7c"/>
      </symbol>
      <symbol id="sm-270">
         <name>xTaskResumeFromISR</name>
         <value>0x6e9</value>
         <object_component_ref idref="oc-7c"/>
      </symbol>
      <symbol id="sm-271">
         <name>vTaskPlaceOnUnorderedEventList</name>
         <value>0xafd</value>
         <object_component_ref idref="oc-7c"/>
      </symbol>
      <symbol id="sm-272">
         <name>xTaskRemoveFromEventList</name>
         <value>0xb27</value>
         <object_component_ref idref="oc-7c"/>
      </symbol>
      <symbol id="sm-2a3">
         <name>ulMaxSyscallInterruptPriority</name>
         <value>0x1dfc</value>
         <object_component_ref idref="oc-79"/>
      </symbol>
      <symbol id="sm-2a4">
         <name>vPortSetupTimerInterrupt</name>
         <value>0x15f7</value>
         <object_component_ref idref="oc-2f"/>
      </symbol>
      <symbol id="sm-2a5">
         <name>vPortEndScheduler</name>
         <value>0x1599</value>
         <object_component_ref idref="oc-2f"/>
      </symbol>
      <symbol id="sm-2a6">
         <name>xPortSysTickHandler</name>
         <value>0x15d1</value>
         <object_component_ref idref="oc-2f"/>
      </symbol>
      <symbol id="sm-2a7">
         <name>pxPortInitialiseStack</name>
         <value>0x14f9</value>
         <object_component_ref idref="oc-2f"/>
      </symbol>
      <symbol id="sm-2a8">
         <name>vPortExitCritical</name>
         <value>0x15bb</value>
         <object_component_ref idref="oc-2f"/>
      </symbol>
      <symbol id="sm-2a9">
         <name>xPortStartScheduler</name>
         <value>0x1563</value>
         <object_component_ref idref="oc-2f"/>
      </symbol>
      <symbol id="sm-2aa">
         <name>vPortEnterCritical</name>
         <value>0x159b</value>
         <object_component_ref idref="oc-2f"/>
      </symbol>
      <symbol id="sm-2b9">
         <name>vPortStartFirstTask</name>
         <value>0x1a2d</value>
         <object_component_ref idref="oc-2a"/>
      </symbol>
      <symbol id="sm-2ba">
         <name>ulPortGetIPSR</name>
         <value>0x1995</value>
         <object_component_ref idref="oc-2a"/>
      </symbol>
      <symbol id="sm-2bb">
         <name>vPortEnableVFP</name>
         <value>0x1a51</value>
         <object_component_ref idref="oc-2a"/>
      </symbol>
      <symbol id="sm-2bc">
         <name>xPortPendSVHandler</name>
         <value>0x19ad</value>
         <object_component_ref idref="oc-2a"/>
      </symbol>
      <symbol id="sm-2bd">
         <name>vPortSVCHandler</name>
         <value>0x1a0d</value>
         <object_component_ref idref="oc-2a"/>
      </symbol>
      <symbol id="sm-304">
         <name>vPortInitialiseBlocks</name>
         <value>0x149d</value>
         <object_component_ref idref="oc-db"/>
      </symbol>
      <symbol id="sm-305">
         <name>xPortGetFreeHeapSize</name>
         <value>0x1497</value>
         <object_component_ref idref="oc-db"/>
      </symbol>
      <symbol id="sm-306">
         <name>pvPortMalloc</name>
         <value>0x1341</value>
         <object_component_ref idref="oc-db"/>
      </symbol>
      <symbol id="sm-307">
         <name>vPortFree</name>
         <value>0x1439</value>
         <object_component_ref idref="oc-db"/>
      </symbol>
      <symbol id="sm-322">
         <name>memcpy</name>
         <value>0x1b19</value>
         <object_component_ref idref="oc-43"/>
      </symbol>
      <symbol id="sm-323">
         <name>__aeabi_memcpy</name>
         <value>0x1b19</value>
         <object_component_ref idref="oc-43"/>
      </symbol>
      <symbol id="sm-324">
         <name>__aeabi_memcpy8</name>
         <value>0x1b19</value>
         <object_component_ref idref="oc-43"/>
      </symbol>
      <symbol id="sm-325">
         <name>__aeabi_memcpy4</name>
         <value>0x1b19</value>
         <object_component_ref idref="oc-43"/>
      </symbol>
      <symbol id="sm-334">
         <name>__aeabi_memset</name>
         <value>0x1bb7</value>
         <object_component_ref idref="oc-b3"/>
      </symbol>
      <symbol id="sm-335">
         <name>memset</name>
         <value>0x1bbd</value>
         <object_component_ref idref="oc-b3"/>
      </symbol>
      <symbol id="sm-336">
         <name>__aeabi_memset8</name>
         <value>0x1bb7</value>
         <object_component_ref idref="oc-b3"/>
      </symbol>
      <symbol id="sm-337">
         <name>__aeabi_memset4</name>
         <value>0x1bb7</value>
         <object_component_ref idref="oc-b3"/>
      </symbol>
      <symbol id="sm-338">
         <name>__aeabi_memclr8</name>
         <value>0x1bb5</value>
         <object_component_ref idref="oc-b3"/>
      </symbol>
      <symbol id="sm-339">
         <name>__aeabi_memclr4</name>
         <value>0x1bb5</value>
         <object_component_ref idref="oc-b3"/>
      </symbol>
      <symbol id="sm-33a">
         <name>__aeabi_memclr</name>
         <value>0x1bb5</value>
         <object_component_ref idref="oc-b3"/>
      </symbol>
      <symbol id="sm-34c">
         <name>__TI_zero_init</name>
         <value>0x1dcf</value>
         <object_component_ref idref="oc-55"/>
      </symbol>
      <symbol id="sm-363">
         <name>__TI_decompress_none</name>
         <value>0x1dc1</value>
         <object_component_ref idref="oc-18"/>
      </symbol>
      <symbol id="sm-386">
         <name>__TI_decompress_lzss</name>
         <value>0x1c2f</value>
         <object_component_ref idref="oc-12"/>
      </symbol>
      <symbol id="sm-399">
         <name>__stack</name>
         <value>0x20002120</value>
         <object_component_ref idref="oc-21"/>
      </symbol>
      <symbol id="sm-39a">
         <name>_c_int00_noargs</name>
         <value>0x1d49</value>
         <object_component_ref idref="oc-61"/>
      </symbol>
      <symbol id="sm-3c2">
         <name>__TI_auto_init_nobinit_nopinit</name>
         <value>0x1c99</value>
         <object_component_ref idref="oc-162"/>
      </symbol>
      <symbol id="sm-3cc">
         <name>_system_pre_init</name>
         <value>0x1df3</value>
         <object_component_ref idref="oc-b9"/>
      </symbol>
      <symbol id="sm-3d8">
         <name>C$$EXIT</name>
         <value>0x1df7</value>
         <object_component_ref idref="oc-156"/>
      </symbol>
      <symbol id="sm-3d9">
         <name>abort</name>
         <value>0x1df7</value>
         <object_component_ref idref="oc-156"/>
      </symbol>
      <symbol id="sm-402">
         <name>GPIOPinTypeGPIOOutput</name>
         <value>0x1da9</value>
         <object_component_ref idref="oc-148"/>
      </symbol>
      <symbol id="sm-403">
         <name>GPIODirModeSet</name>
         <value>0x1d7d</value>
         <object_component_ref idref="oc-1d1"/>
      </symbol>
      <symbol id="sm-404">
         <name>GPIOPinWrite</name>
         <value>0x1de7</value>
         <object_component_ref idref="oc-130"/>
      </symbol>
      <symbol id="sm-405">
         <name>GPIOPadConfigSet</name>
         <value>0x1635</value>
         <object_component_ref idref="oc-14e"/>
      </symbol>
      <symbol id="sm-43c">
         <name>SysCtlClockSet</name>
         <value>0x1891</value>
         <object_component_ref idref="oc-136"/>
      </symbol>
      <symbol id="sm-43d">
         <name>SysCtlDelay</name>
         <value>0x1ded</value>
         <object_component_ref idref="oc-1cc"/>
      </symbol>
      <symbol id="sm-43e">
         <name>SysCtlPeripheralEnable</name>
         <value>0x1d15</value>
         <object_component_ref idref="oc-13c"/>
      </symbol>
      <symbol id="sm-43f">
         <name>SysCtlPeripheralReady</name>
         <value>0x1cdd</value>
         <object_component_ref idref="oc-142"/>
      </symbol>
      <symbol id="sm-441">
         <name>__TI_static_base__</name>
         <value>0x0</value>
      </symbol>
      <symbol id="sm-444">
         <name>__mpu_init</name>
         <value>0x0</value>
      </symbol>
      <symbol id="sm-445">
         <name>_system_post_cinit</name>
         <value>0x0</value>
      </symbol>
   </symbol_table>
   <title>Link successful</title>
</link_info>
